spawn...
pid 19245
MSG {"tag": "ERR", "e": "openat TypeError: not a function"}
MSG {"tag": "READY"}
resumed
MSG {"tag": "BASE", "base": "0x7553801000"}
MSG {"tag": "HOOKS_ARMED", "n": 4}
MSG {"tag": "INIT", "which": "KS", "armed": false, "path": null, "keyBytes": 16, "key": "b114249b7bed9d2691d70c60d69f9c4f", "key32": "b114249b7bed9d2691d70c60d69f9c4f00696400000000000000000000000000", "iv": null}
MSG {"tag": "INIT", "which": "KS", "armed": false, "path": null, "keyBytes": 16, "key": "b114249b7bed9d2691d70c60d69f9c4f", "key32": "b114249b7bed9d2691d70c60d69f9c4f00bff101760000000000000000000000", "iv": null}
MSG {"tag": "INIT", "which": "E0", "armed": false, "path": null, "keyBytes": 16, "key": "8252970d959b06db102e17d85c0ec1af", "key32": "8252970d959b06db102e17d85c0ec1af00736963616c6c790000000000000000", "iv": "4d207ea37a419f7d622f81c6a2f53594"}
MSG {"tag": "INIT", "which": "KS", "armed": false, "path": null, "keyBytes": 16, "key": "8252970d959b06db102e17d85c0ec1af", "key32": "8252970d959b06db102e17d85c0ec1af00736963616c6c790000000000000000", "iv": "4d207ea37a419f7d622f81c6a2f53594"}
MSG {"tag": "INIT", "which": "KS", "armed": false, "path": null, "keyBytes": 16, "key": "b114249b7bed9d2691d70c60d69f9c4f", "key32": "b114249b7bed9d2691d70c60d69f9c4f00bff10176000000746e5f636c69636b", "iv": null}
MSG {"tag": "INIT", "which": "E0", "armed": false, "path": null, "keyBytes": 16, "key": "8252970d959b06db102e17d85c0ec1af", "key32": "8252970d959b06db102e17d85c0ec1af00736963616c6c79006e5f636c69636b", "iv": "4d207ea37a419f7d622f81c6a2f53594"}
MSG {"tag": "INIT", "which": "KS", "armed": false, "path": null, "keyBytes": 16, "key": "8252970d959b06db102e17d85c0ec1af", "key32": "8252970d959b06db102e17d85c0ec1af00736963616c6c79006e5f636c69636b", "iv": "4d207ea37a419f7d622f81c6a2f53594"}
MSG {"tag": "INIT", "which": "KS", "armed": false, "path": null, "keyBytes": 16, "key": "b114249b7bed9d2691d70c60d69f9c4f", "key32": "b114249b7bed9d2691d70c60d69f9c4f00bff101760000002d562d544e430000", "iv": null}
MSG {"tag": "INIT", "which": "E0", "armed": false, "path": null, "keyBytes": 16, "key": "8252970d959b06db102e17d85c0ec1af", "key32": "8252970d959b06db102e17d85c0ec1af00736963616c6c7900562d544e430000", "iv": "4d207ea37a419f7d622f81c6a2f53594"}
MSG {"tag": "INIT", "which": "KS", "armed": false, "path": null, "keyBytes": 16, "key": "8252970d959b06db102e17d85c0ec1af", "key32": "8252970d959b06db102e17d85c0ec1af00736963616c6c7900562d544e430000", "iv": "4d207ea37a419f7d622f81c6a2f53594"}
MSG {"tag": "INIT", "which": "KS", "armed": false, "path": null, "keyBytes": 16, "key": "b114249b7bed9d2691d70c60d69f9c4f", "key32": "b114249b7bed9d2691d70c60d69f9c4f00bff1017600000000005f7374617274", "iv": null}
MSG {"tag": "INIT", "which": "E0", "armed": false, "path": null, "keyBytes": 16, "key": "8252970d959b06db102e17d85c0ec1af", "key32": "8252970d959b06db102e17d85c0ec1af00736963616c6c7900005f7374617274", "iv": "4d207ea37a419f7d622f81c6a2f53594"}
MSG {"tag": "INIT", "which": "KS", "armed": false, "path": null, "keyBytes": 16, "key": "8252970d959b06db102e17d85c0ec1af", "key32": "8252970d959b06db102e17d85c0ec1af00736963616c6c7900005f7374617274", "iv": "4d207ea37a419f7d622f81c6a2f53594"}
MSG {"tag": "INIT", "which": "KS", "armed": false, "path": null, "keyBytes": 16, "key": "b114249b7bed9d2691d70c60d69f9c4f", "key32": "b114249b7bed9d2691d70c60d69f9c4f00bff1017600000000726174696f6e00", "iv": null}
MSG {"tag": "INIT", "which": "E0", "armed": false, "path": null, "keyBytes": 16, "key": "8252970d959b06db102e17d85c0ec1af", "key32": "8252970d959b06db102e17d85c0ec1af00736963616c6c7900726174696f6e00", "iv": "4d207ea37a419f7d622f81c6a2f53594"}
MSG {"tag": "INIT", "which": "KS", "armed": false, "path": null, "keyBytes": 16, "key": "8252970d959b06db102e17d85c0ec1af", "key32": "8252970d959b06db102e17d85c0ec1af00736963616c6c7900726174696f6e00", "iv": "4d207ea37a419f7d622f81c6a2f53594"}
MSG {"tag": "INIT", "which": "KS", "armed": false, "path": null, "keyBytes": 16, "key": "b114249b7bed9d2691d70c60d69f9c4f", "key32": "b114249b7bed9d2691d70c60d69f9c4f00bff10176000000706c6574696f6e00", "iv": null}
MSG {"tag": "INIT", "which": "E0", "armed": false, "path": null, "keyBytes": 16, "key": "8252970d959b06db102e17d85c0ec1af", "key32": "8252970d959b06db102e17d85c0ec1af00736963616c6c79006c6574696f6e00", "iv": "4d207ea37a419f7d622f81c6a2f53594"}
MSG {"tag": "INIT", "which": "KS", "armed": false, "path": null, "keyBytes": 16, "key": "8252970d959b06db102e17d85c0ec1af", "key32": "8252970d959b06db102e17d85c0ec1af00736963616c6c79006c6574696f6e00", "iv": "4d207ea37a419f7d622f81c6a2f53594"}
MSG {"tag": "INIT", "which": "KS", "armed": false, "path": null, "keyBytes": 16, "key": "b114249b7bed9d2691d70c60d69f9c4f", "key32": "b114249b7bed9d2691d70c60d69f9c4f00bff101760000007075705f73686f77", "iv": null}
MSG {"tag": "INIT", "which": "E0", "armed": false, "path": null, "keyBytes": 16, "key": "8252970d959b06db102e17d85c0ec1af", "key32": "8252970d959b06db102e17d85c0ec1af00736963616c6c790075705f73686f77", "iv": "4d207ea37a419f7d622f81c6a2f53594"}
MSG {"tag": "INIT", "which": "KS", "armed": false, "path": null, "keyBytes": 16, "key": "8252970d959b06db102e17d85c0ec1af", "key32": "8252970d959b06db102e17d85c0ec1af00736963616c6c790075705f73686f77", "iv": "4d207ea37a419f7d622f81c6a2f53594"}
MSG {"tag": "INIT", "which": "KS", "armed": false, "path": null, "keyBytes": 16, "key": "b114249b7bed9d2691d70c60d69f9c4f", "key32": "b114249b7bed9d2691d70c60d69f9c4f00bff10176000000de82006e74657200", "iv": null}
MSG {"tag": "INIT", "which": "E0", "armed": false, "path": null, "keyBytes": 16, "key": "8252970d959b06db102e17d85c0ec1af", "key32": "8252970d959b06db102e17d85c0ec1af00736963616c6c790082006e74657200", "iv": "4d207ea37a419f7d622f81c6a2f53594"}
MSG {"tag": "INIT", "which": "KS", "armed": false, "path": null, "keyBytes": 16, "key": "8252970d959b06db102e17d85c0ec1af", "key32": "8252970d959b06db102e17d85c0ec1af00736963616c6c790082006e74657200", "iv": "4d207ea37a419f7d622f81c6a2f53594"}
MSG {"tag": "INIT", "which": "KS", "armed": false, "path": null, "keyBytes": 16, "key": "b114249b7bed9d2691d70c60d69f9c4f", "key32": "b114249b7bed9d2691d70c60d69f9c4f00bff101760000000200000000000000", "iv": null}
MSG {"tag": "INIT", "which": "KS", "armed": false, "path": null, "keyBytes": 16, "key": "b114249b7bed9d2691d70c60d69f9c4f", "key32": "b114249b7bed9d2691d70c60d69f9c4f00bff101760000000000f3d176000000", "iv": null}
MSG {"tag": "INIT", "which": "E0", "armed": false, "path": null, "keyBytes": 16, "key": "8252970d959b06db102e17d85c0ec1af", "key32": "8252970d959b06db102e17d85c0ec1af00736963616c6c790000f3d176000000", "iv": "4d207ea37a419f7d622f81c6a2f53594"}
MSG {"tag": "INIT", "which": "KS", "armed": false, "path": null, "keyBytes": 16, "key": "8252970d959b06db102e17d85c0ec1af", "key32": "8252970d959b06db102e17d85c0ec1af00736963616c6c790000f3d176000000", "iv": "4d207ea37a419f7d622f81c6a2f53594"}
MSG {"tag": "INIT", "which": "KS", "armed": false, "path": null, "keyBytes": 16, "key": "b114249b7bed9d2691d70c60d69f9c4f", "key32": "b114249b7bed9d2691d70c60d69f9c4f00bff10176000000006b762e636f6d00", "iv": null}
MSG {"tag": "INIT", "which": "E0", "armed": false, "path": null, "keyBytes": 16, "key": "8252970d959b06db102e17d85c0ec1af", "key32": "8252970d959b06db102e17d85c0ec1af00736963616c6c79006b762e636f6d00", "iv": "4d207ea37a419f7d622f81c6a2f53594"}
MSG {"tag": "INIT", "which": "KS", "armed": false, "path": null, "keyBytes": 16, "key": "8252970d959b06db102e17d85c0ec1af", "key32": "8252970d959b06db102e17d85c0ec1af00736963616c6c79006b762e636f6d00", "iv": "4d207ea37a419f7d622f81c6a2f53594"}
MSG {"tag": "INIT", "which": "KS", "armed": false, "path": null, "keyBytes": 16, "key": "b114249b7bed9d2691d70c60d69f9c4f", "key32": "b114249b7bed9d2691d70c60d69f9c4f00bff1017600000000c2e4c177000000", "iv": null}
MSG {"tag": "INIT", "which": "E0", "armed": false, "path": null, "keyBytes": 16, "key": "8252970d959b06db102e17d85c0ec1af", "key32": "8252970d959b06db102e17d85c0ec1af00736963616c6c7900c2e4c177000000", "iv": "4d207ea37a419f7d622f81c6a2f53594"}
MSG {"tag": "INIT", "which": "KS", "armed": false, "path": null, "keyBytes": 16, "key": "8252970d959b06db102e17d85c0ec1af", "key32": "8252970d959b06db102e17d85c0ec1af00736963616c6c7900c2e4c177000000", "iv": "4d207ea37a419f7d622f81c6a2f53594"}
MSG {"tag": "INIT", "which": "KS", "armed": false, "path": null, "keyBytes": 16, "key": "b114249b7bed9d2691d70c60d69f9c4f", "key32": "b114249b7bed9d2691d70c60d69f9c4f00bff101760000000700000000000000", "iv": null}
MSG {"tag": "INIT", "which": "KS", "armed": false, "path": null, "keyBytes": 16, "key": "b114249b7bed9d2691d70c60d69f9c4f", "key32": "b114249b7bed9d2691d70c60d69f9c4f00bff101760000006561720000000000", "iv": null}
MSG {"tag": "INIT", "which": "E0", "armed": false, "path": null, "keyBytes": 16, "key": "8252970d959b06db102e17d85c0ec1af", "key32": "8252970d959b06db102e17d85c0ec1af00736963616c6c790061720000000000", "iv": "4d207ea37a419f7d622f81c6a2f53594"}
MSG {"tag": "INIT", "which": "KS", "armed": false, "path": null, "keyBytes": 16, "key": "8252970d959b06db102e17d85c0ec1af", "key32": "8252970d959b06db102e17d85c0ec1af00736963616c6c790061720000000000", "iv": "4d207ea37a419f7d622f81c6a2f53594"}
MSG {"tag": "INIT", "which": "KS", "armed": false, "path": null, "keyBytes": 16, "key": "b114249b7bed9d2691d70c60d69f9c4f", "key32": "b114249b7bed9d2691d70c60d69f9c4f00bff1017600000090c2e4c177000000", "iv": null}
MSG {"tag": "INIT", "which": "KS", "armed": false, "path": null, "keyBytes": 16, "key": "b114249b7bed9d2691d70c60d69f9c4f", "key32": "b114249b7bed9d2691d70c60d69f9c4f00376135396566300064010404040101", "iv": null}
MSG {"tag": "INIT", "which": "E0", "armed": false, "path": null, "keyBytes": 16, "key": "b8d72ddec05142948bbf2dc81d63759c", "key32": "b8d72ddec05142948bbf2dc81d63759c00736963616c6c790064010404040101", "iv": "d6c3969582f9ac5313d39c180b54a2bc"}
MSG {"tag": "INIT", "which": "KS", "armed": false, "path": null, "keyBytes": 16, "key": "b114249b7bed9d2691d70c60d69f9c4f", "key32": "b114249b7bed9d2691d70c60d69f9c4f006567696f6e2d320000313b703d3000", "iv": null}
MSG {"tag": "INIT", "which": "E0", "armed": false, "path": null, "keyBytes": 16, "key": "b8d72ddec05142948bbf2dc81d63759c", "key32": "b8d72ddec05142948bbf2dc81d63759c00736963616c6c790000313b703d3000", "iv": "d6c3969582f9ac5313d39c180b54a2bc"}
MSG {"tag": "INIT", "which": "KS", "armed": false, "path": null, "keyBytes": 16, "key": "b8d72ddec05142948bbf2dc81d63759c", "key32": "b8d72ddec05142948bbf2dc81d63759c00736963616c6c790000313b703d3000", "iv": "d6c3969582f9ac5313d39c180b54a2bc"}
MSG {"tag": "INIT", "which": "KS", "armed": false, "path": null, "keyBytes": 16, "key": "b8d72ddec05142948bbf2dc81d63759c", "key32": "b8d72ddec05142948bbf2dc81d63759c00736963616c6c790064010404040101", "iv": "d6c3969582f9ac5313d39c180b54a2bc"}
MSG {"tag": "INIT", "which": "KS", "armed": false, "path": null, "keyBytes": 16, "key": "b114249b7bed9d2691d70c60d69f9c4f", "key32": "b114249b7bed9d2691d70c60d69f9c4f00393000e1c66789b84e000000000000", "iv": null}
MSG {"tag": "INIT", "which": "E0", "armed": false, "path": null, "keyBytes": 16, "key": "8252970d959b06db102e17d85c0ec1af", "key32": "8252970d959b06db102e17d85c0ec1af00736963616c6c79004e000000000000", "iv": "4d207ea37a419f7d622f81c6a2f53594"}
MSG {"tag": "INIT", "which": "KS", "armed": false, "path": null, "keyBytes": 16, "key": "8252970d959b06db102e17d85c0ec1af", "key32": "8252970d959b06db102e17d85c0ec1af00736963616c6c79004e000000000000", "iv": "4d207ea37a419f7d622f81c6a2f53594"}
MSG {"tag": "INIT", "which": "KS", "armed": false, "path": null, "keyBytes": 16, "key": "b114249b7bed9d2691d70c60d69f9c4f", "key32": "b114249b7bed9d2691d70c60d69f9c4f00393000dbbaadb59f65000000000000", "iv": null}
MSG {"tag": "INIT", "which": "E0", "armed": false, "path": null, "keyBytes": 16, "key": "8252970d959b06db102e17d85c0ec1af", "key32": "8252970d959b06db102e17d85c0ec1af00736963616c6c790065000000000000", "iv": "4d207ea37a419f7d622f81c6a2f53594"}
MSG {"tag": "INIT", "which": "KS", "armed": false, "path": null, "keyBytes": 16, "key": "8252970d959b06db102e17d85c0ec1af", "key32": "8252970d959b06db102e17d85c0ec1af00736963616c6c790065000000000000", "iv": "4d207ea37a419f7d622f81c6a2f53594"}
MSG {"tag": "INIT", "which": "KS", "armed": false, "path": null, "keyBytes": 16, "key": "b114249b7bed9d2691d70c60d69f9c4f", "key32": "b114249b7bed9d2691d70c60d69f9c4f00393000f164bae9d760000000000000", "iv": null}
MSG {"tag": "INIT", "which": "E0", "armed": false, "path": null, "keyBytes": 16, "key": "8252970d959b06db102e17d85c0ec1af", "key32": "8252970d959b06db102e17d85c0ec1af00736963616c6c790060000000000000", "iv": "4d207ea37a419f7d622f81c6a2f53594"}
MSG {"tag": "INIT", "which": "KS", "armed": false, "path": null, "keyBytes": 16, "key": "8252970d959b06db102e17d85c0ec1af", "key32": "8252970d959b06db102e17d85c0ec1af00736963616c6c790060000000000000", "iv": "4d207ea37a419f7d622f81c6a2f53594"}
MSG {"tag": "INIT", "which": "KS", "armed": false, "path": null, "keyBytes": 16, "key": "b114249b7bed9d2691d70c60d69f9c4f", "key32": "b114249b7bed9d2691d70c60d69f9c4f00393000970caa72295c000000000000", "iv": null}
MSG {"tag": "INIT", "which": "E0", "armed": false, "path": null, "keyBytes": 16, "key": "8252970d959b06db102e17d85c0ec1af", "key32": "8252970d959b06db102e17d85c0ec1af00736963616c6c79005c000000000000", "iv": "4d207ea37a419f7d622f81c6a2f53594"}
MSG {"tag": "INIT", "which": "KS", "armed": false, "path": null, "keyBytes": 16, "key": "8252970d959b06db102e17d85c0ec1af", "key32": "8252970d959b06db102e17d85c0ec1af00736963616c6c79005c000000000000", "iv": "4d207ea37a419f7d622f81c6a2f53594"}
MSG {"tag": "INIT", "which": "KS", "armed": false, "path": null, "keyBytes": 16, "key": "b114249b7bed9d2691d70c60d69f9c4f", "key32": "b114249b7bed9d2691d70c60d69f9c4f00393000770000000000000000000000", "iv": null}
MSG {"tag": "INIT", "which": "KS", "armed": false, "path": null, "keyBytes": 16, "key": "b114249b7bed9d2691d70c60d69f9c4f", "key32": "b114249b7bed9d2691d70c60d69f9c4f00df80d6750000000200000000000000", "iv": null}
MSG {"tag": "INIT", "which": "KS", "armed": false, "path": null, "keyBytes": 16, "key": "b114249b7bed9d2691d70c60d69f9c4f", "key32": "b114249b7bed9d2691d70c60d69f9c4f00ae1626000000000000000000000000", "iv": null}
MSG {"tag": "INIT", "which": "E0", "armed": false, "path": null, "keyBytes": 16, "key": "b8d72ddec05142948bbf2dc81d63759c", "key32": "b8d72ddec05142948bbf2dc81d63759c00736963616c6c790000000000000000", "iv": "d6c3969582f9ac5313d39c180b54a2bc"}
MSG {"tag": "INIT", "which": "KS", "armed": false, "path": null, "keyBytes": 16, "key": "b8d72ddec05142948bbf2dc81d63759c", "key32": "b8d72ddec05142948bbf2dc81d63759c00736963616c6c790000000000000000", "iv": "d6c3969582f9ac5313d39c180b54a2bc"}
MSG {"tag": "INIT", "which": "KS", "armed": false, "path": null, "keyBytes": 16, "key": "b114249b7bed9d2691d70c60d69f9c4f", "key32": "b114249b7bed9d2691d70c60d69f9c4f003930005c66bb804321000000000000", "iv": null}
MSG {"tag": "INIT", "which": "KS", "armed": false, "path": null, "keyBytes": 16, "key": "b114249b7bed9d2691d70c60d69f9c4f", "key32": "b114249b7bed9d2691d70c60d69f9c4f002d6f762d616e64726f696400000000", "iv": null}
MSG {"tag": "INIT", "which": "E0", "armed": false, "path": null, "keyBytes": 16, "key": "b8d72ddec05142948bbf2dc81d63759c", "key32": "b8d72ddec05142948bbf2dc81d63759c00736963616c6c79006f696400000000", "iv": "d6c3969582f9ac5313d39c180b54a2bc"}
MSG {"tag": "INIT", "which": "KS", "armed": false, "path": null, "keyBytes": 16, "key": "b8d72ddec05142948bbf2dc81d63759c", "key32": "b8d72ddec05142948bbf2dc81d63759c00736963616c6c79006f696400000000", "iv": "d6c3969582f9ac5313d39c180b54a2bc"}
MSG {"tag": "INIT", "which": "E0", "armed": false, "path": null, "keyBytes": 16, "key": "8252970d959b06db102e17d85c0ec1af", "key32": "8252970d959b06db102e17d85c0ec1af00736963616c6c790063623900000000", "iv": "4d207ea37a419f7d622f81c6a2f53594"}
MSG {"tag": "INIT", "which": "KS", "armed": false, "path": null, "keyBytes": 16, "key": "8252970d959b06db102e17d85c0ec1af", "key32": "8252970d959b06db102e17d85c0ec1af00736963616c6c790063623900000000", "iv": "4d207ea37a419f7d622f81c6a2f53594"}
MSG {"tag": "INIT", "which": "KS", "armed": false, "path": null, "keyBytes": 16, "key": "b114249b7bed9d2691d70c60d69f9c4f", "key32": "b114249b7bed9d2691d70c60d69f9c4f00393000dca39a314db1000000000000", "iv": null}
MSG {"tag": "INIT", "which": "E0", "armed": false, "path": null, "keyBytes": 16, "key": "8252970d959b06db102e17d85c0ec1af", "key32": "8252970d959b06db102e17d85c0ec1af00736963616c6c7900b1000000000000", "iv": "4d207ea37a419f7d622f81c6a2f53594"}
MSG {"tag": "INIT", "which": "KS", "armed": false, "path": null, "keyBytes": 16, "key": "8252970d959b06db102e17d85c0ec1af", "key32": "8252970d959b06db102e17d85c0ec1af00736963616c6c7900b1000000000000", "iv": "4d207ea37a419f7d622f81c6a2f53594"}
MSG {"tag": "INIT", "which": "KS", "armed": false, "path": null, "keyBytes": 16, "key": "b114249b7bed9d2691d70c60d69f9c4f", "key32": "b114249b7bed9d2691d70c60d69f9c4f0026e50177000000502ce40177000000", "iv": null}
MSG {"tag": "INIT", "which": "E0", "armed": false, "path": null, "keyBytes": 16, "key": "b8d72ddec05142948bbf2dc81d63759c", "key32": "b8d72ddec05142948bbf2dc81d63759c00736963616c6c79002ce40177000000", "iv": "d6c3969582f9ac5313d39c180b54a2bc"}
MSG {"tag": "INIT", "which": "KS", "armed": false, "path": null, "keyBytes": 16, "key": "b8d72ddec05142948bbf2dc81d63759c", "key32": "b8d72ddec05142948bbf2dc81d63759c00736963616c6c79002ce40177000000", "iv": "d6c3969582f9ac5313d39c180b54a2bc"}
MSG {"tag": "INIT", "which": "KS", "armed": false, "path": null, "keyBytes": 16, "key": "b114249b7bed9d2691d70c60d69f9c4f", "key32": "b114249b7bed9d2691d70c60d69f9c4f003930005c862e06d07100746e630000", "iv": null}
MSG {"tag": "INIT", "which": "E0", "armed": false, "path": null, "keyBytes": 16, "key": "8252970d959b06db102e17d85c0ec1af", "key32": "8252970d959b06db102e17d85c0ec1af00736963616c6c79007100746e630000", "iv": "4d207ea37a419f7d622f81c6a2f53594"}
MSG {"tag": "INIT", "which": "KS", "armed": false, "path": null, "keyBytes": 16, "key": "8252970d959b06db102e17d85c0ec1af", "key32": "8252970d959b06db102e17d85c0ec1af00736963616c6c79007100746e630000", "iv": "4d207ea37a419f7d622f81c6a2f53594"}
MSG {"tag": "INIT", "which": "KS", "armed": false, "path": null, "keyBytes": 16, "key": "b114249b7bed9d2691d70c60d69f9c4f", "key32": "b114249b7bed9d2691d70c60d69f9c4f00393000aba1264cdbdd000000000000", "iv": null}
MSG {"tag": "INIT", "which": "E0", "armed": false, "path": null, "keyBytes": 16, "key": "8252970d959b06db102e17d85c0ec1af", "key32": "8252970d959b06db102e17d85c0ec1af00736963616c6c7900dd000000000000", "iv": "4d207ea37a419f7d622f81c6a2f53594"}
MSG {"tag": "INIT", "which": "KS", "armed": false, "path": null, "keyBytes": 16, "key": "8252970d959b06db102e17d85c0ec1af", "key32": "8252970d959b06db102e17d85c0ec1af00736963616c6c7900dd000000000000", "iv": "4d207ea37a419f7d622f81c6a2f53594"}
MSG {"tag": "INIT", "which": "KS", "armed": false, "path": null, "keyBytes": 16, "key": "b114249b7bed9d2691d70c60d69f9c4f", "key32": "b114249b7bed9d2691d70c60d69f9c4f00393000655d871b4386000000000000", "iv": null}
MSG {"tag": "INIT", "which": "E0", "armed": false, "path": null, "keyBytes": 16, "key": "8252970d959b06db102e17d85c0ec1af", "key32": "8252970d959b06db102e17d85c0ec1af00736963616c6c790086000000000000", "iv": "4d207ea37a419f7d622f81c6a2f53594"}
MSG {"tag": "INIT", "which": "KS", "armed": false, "path": null, "keyBytes": 16, "key": "8252970d959b06db102e17d85c0ec1af", "key32": "8252970d959b06db102e17d85c0ec1af00736963616c6c790086000000000000", "iv": "4d207ea37a419f7d622f81c6a2f53594"}
MSG {"tag": "INIT", "which": "KS", "armed": false, "path": null, "keyBytes": 16, "key": "b114249b7bed9d2691d70c60d69f9c4f", "key32": "b114249b7bed9d2691d70c60d69f9c4f003930009fdcb00e3fc9000000000000", "iv": null}
MSG {"tag": "INIT", "which": "E0", "armed": false, "path": null, "keyBytes": 16, "key": "8252970d959b06db102e17d85c0ec1af", "key32": "8252970d959b06db102e17d85c0ec1af00736963616c6c7900c9000000000000", "iv": "4d207ea37a419f7d622f81c6a2f53594"}
MSG {"tag": "INIT", "which": "KS", "armed": false, "path": null, "keyBytes": 16, "key": "8252970d959b06db102e17d85c0ec1af", "key32": "8252970d959b06db102e17d85c0ec1af00736963616c6c7900c9000000000000", "iv": "4d207ea37a419f7d622f81c6a2f53594"}
MSG {"tag": "INIT", "which": "KS", "armed": false, "path": null, "keyBytes": 16, "key": "b114249b7bed9d2691d70c60d69f9c4f", "key32": "b114249b7bed9d2691d70c60d69f9c4f0039300056522139bfb8000000000000", "iv": null}
MSG {"tag": "INIT", "which": "E0", "armed": false, "path": null, "keyBytes": 16, "key": "8252970d959b06db102e17d85c0ec1af", "key32": "8252970d959b06db102e17d85c0ec1af00736963616c6c7900b8000000000000", "iv": "4d207ea37a419f7d622f81c6a2f53594"}
MSG {"tag": "INIT", "which": "KS", "armed": false, "path": null, "keyBytes": 16, "key": "8252970d959b06db102e17d85c0ec1af", "key32": "8252970d959b06db102e17d85c0ec1af00736963616c6c7900b8000000000000", "iv": "4d207ea37a419f7d622f81c6a2f53594"}
MSG {"tag": "INIT", "which": "KS", "armed": false, "path": null, "keyBytes": 16, "key": "b114249b7bed9d2691d70c60d69f9c4f", "key32": "b114249b7bed9d2691d70c60d69f9c4f00393000bfa2440572a6000000000000", "iv": null}
MSG {"tag": "INIT", "which": "E0", "armed": false, "path": null, "keyBytes": 16, "key": "8252970d959b06db102e17d85c0ec1af", "key32": "8252970d959b06db102e17d85c0ec1af00736963616c6c7900a6000000000000", "iv": "4d207ea37a419f7d622f81c6a2f53594"}
MSG {"tag": "INIT", "which": "KS", "armed": false, "path": null, "keyBytes": 16, "key": "8252970d959b06db102e17d85c0ec1af", "key32": "8252970d959b06db102e17d85c0ec1af00736963616c6c7900a6000000000000", "iv": "4d207ea37a419f7d622f81c6a2f53594"}
MSG {"tag": "INIT", "which": "KS", "armed": false, "path": null, "keyBytes": 16, "key": "b114249b7bed9d2691d70c60d69f9c4f", "key32": "b114249b7bed9d2691d70c60d69f9c4f00393000e3c03357ad58003b703d3000", "iv": null}
MSG {"tag": "INIT", "which": "E0", "armed": false, "path": null, "keyBytes": 16, "key": "8252970d959b06db102e17d85c0ec1af", "key32": "8252970d959b06db102e17d85c0ec1af00736963616c6c790058003b703d3000", "iv": "4d207ea37a419f7d622f81c6a2f53594"}
MSG {"tag": "INIT", "which": "KS", "armed": false, "path": null, "keyBytes": 16, "key": "8252970d959b06db102e17d85c0ec1af", "key32": "8252970d959b06db102e17d85c0ec1af00736963616c6c790058003b703d3000", "iv": "4d207ea37a419f7d622f81c6a2f53594"}
MSG {"tag": "INIT", "which": "KS", "armed": false, "path": null, "keyBytes": 16, "key": "b114249b7bed9d2691d70c60d69f9c4f", "key32": "b114249b7bed9d2691d70c60d69f9c4f00393000b049d06ebc4000762e757300", "iv": null}
MSG {"tag": "INIT", "which": "E0", "armed": false, "path": null, "keyBytes": 16, "key": "8252970d959b06db102e17d85c0ec1af", "key32": "8252970d959b06db102e17d85c0ec1af00736963616c6c79004000762e757300", "iv": "4d207ea37a419f7d622f81c6a2f53594"}
MSG {"tag": "INIT", "which": "KS", "armed": false, "path": null, "keyBytes": 16, "key": "8252970d959b06db102e17d85c0ec1af", "key32": "8252970d959b06db102e17d85c0ec1af00736963616c6c79004000762e757300", "iv": "4d207ea37a419f7d622f81c6a2f53594"}
MSG {"tag": "INIT", "which": "KS", "armed": false, "path": null, "keyBytes": 16, "key": "b114249b7bed9d2691d70c60d69f9c4f", "key32": "b114249b7bed9d2691d70c60d69f9c4f00393000adfa734f62a2000000000000", "iv": null}
MSG {"tag": "INIT", "which": "E0", "armed": false, "path": null, "keyBytes": 16, "key": "8252970d959b06db102e17d85c0ec1af", "key32": "8252970d959b06db102e17d85c0ec1af00736963616c6c7900a2000000000000", "iv": "4d207ea37a419f7d622f81c6a2f53594"}
MSG {"tag": "INIT", "which": "KS", "armed": false, "path": null, "keyBytes": 16, "key": "8252970d959b06db102e17d85c0ec1af", "key32": "8252970d959b06db102e17d85c0ec1af00736963616c6c7900a2000000000000", "iv": "4d207ea37a419f7d622f81c6a2f53594"}
MSG {"tag": "INIT", "which": "KS", "armed": false, "path": null, "keyBytes": 16, "key": "b114249b7bed9d2691d70c60d69f9c4f", "key32": "b114249b7bed9d2691d70c60d69f9c4f003930004201e7274a5d000000000000", "iv": null}
MSG {"tag": "INIT", "which": "E0", "armed": false, "path": null, "keyBytes": 16, "key": "8252970d959b06db102e17d85c0ec1af", "key32": "8252970d959b06db102e17d85c0ec1af00736963616c6c79005d000000000000", "iv": "4d207ea37a419f7d622f81c6a2f53594"}
MSG {"tag": "INIT", "which": "KS", "armed": false, "path": null, "keyBytes": 16, "key": "8252970d959b06db102e17d85c0ec1af", "key32": "8252970d959b06db102e17d85c0ec1af00736963616c6c79005d000000000000", "iv": "4d207ea37a419f7d622f81c6a2f53594"}
MSG {"tag": "INIT", "which": "KS", "armed": false, "path": null, "keyBytes": 16, "key": "b114249b7bed9d2691d70c60d69f9c4f", "key32": "b114249b7bed9d2691d70c60d69f9c4f00393000cd6016394d1400746e630000", "iv": null}
MSG {"tag": "INIT", "which": "E0", "armed": false, "path": null, "keyBytes": 16, "key": "8252970d959b06db102e17d85c0ec1af", "key32": "8252970d959b06db102e17d85c0ec1af00736963616c6c79001400746e630000", "iv": "4d207ea37a419f7d622f81c6a2f53594"}
MSG {"tag": "INIT", "which": "KS", "armed": false, "path": null, "keyBytes": 16, "key": "8252970d959b06db102e17d85c0ec1af", "key32": "8252970d959b06db102e17d85c0ec1af00736963616c6c79001400746e630000", "iv": "4d207ea37a419f7d622f81c6a2f53594"}
MSG {"tag": "INIT", "which": "KS", "armed": false, "path": null, "keyBytes": 16, "key": "b114249b7bed9d2691d70c60d69f9c4f", "key32": "b114249b7bed9d2691d70c60d69f9c4f00393000656dd3faa85000746e630000", "iv": null}
MSG {"tag": "INIT", "which": "E0", "armed": false, "path": null, "keyBytes": 16, "key": "8252970d959b06db102e17d85c0ec1af", "key32": "8252970d959b06db102e17d85c0ec1af00736963616c6c79005000746e630000", "iv": "4d207ea37a419f7d622f81c6a2f53594"}
MSG {"tag": "INIT", "which": "KS", "armed": false, "path": null, "keyBytes": 16, "key": "8252970d959b06db102e17d85c0ec1af", "key32": "8252970d959b06db102e17d85c0ec1af00736963616c6c79005000746e630000", "iv": "4d207ea37a419f7d622f81c6a2f53594"}
MSG {"tag": "INIT", "which": "KS", "armed": false, "path": null, "keyBytes": 16, "key": "b114249b7bed9d2691d70c60d69f9c4f", "key32": "b114249b7bed9d2691d70c60d69f9c4f0039300029c14abd89e9000000000000", "iv": null}
MSG {"tag": "INIT", "which": "E0", "armed": false, "path": null, "keyBytes": 16, "key": "8252970d959b06db102e17d85c0ec1af", "key32": "8252970d959b06db102e17d85c0ec1af00736963616c6c7900e9000000000000", "iv": "4d207ea37a419f7d622f81c6a2f53594"}
MSG {"tag": "INIT", "which": "KS", "armed": false, "path": null, "keyBytes": 16, "key": "8252970d959b06db102e17d85c0ec1af", "key32": "8252970d959b06db102e17d85c0ec1af00736963616c6c7900e9000000000000", "iv": "4d207ea37a419f7d622f81c6a2f53594"}
=== OPENs 0  INITs 114
=== armed INITs 0
=== distinct INIT (which,key32,iv) ===
   KS kb= 16 key32= b114249b7bed9d2691d70c60d69f9c4f00696400000000000000000000000000 iv= None armed= False
   KS kb= 16 key32= b114249b7bed9d2691d70c60d69f9c4f00bff101760000000000000000000000 iv= None armed= False
   E0 kb= 16 key32= 8252970d959b06db102e17d85c0ec1af00736963616c6c790000000000000000 iv= 4d207ea37a419f7d622f81c6a2f53594 armed= False
   KS kb= 16 key32= 8252970d959b06db102e17d85c0ec1af00736963616c6c790000000000000000 iv= 4d207ea37a419f7d622f81c6a2f53594 armed= False
   KS kb= 16 key32= b114249b7bed9d2691d70c60d69f9c4f00bff10176000000746e5f636c69636b iv= None armed= False
   E0 kb= 16 key32= 8252970d959b06db102e17d85c0ec1af00736963616c6c79006e5f636c69636b iv= 4d207ea37a419f7d622f81c6a2f53594 armed= False
   KS kb= 16 key32= 8252970d959b06db102e17d85c0ec1af00736963616c6c79006e5f636c69636b iv= 4d207ea37a419f7d622f81c6a2f53594 armed= False
   KS kb= 16 key32= b114249b7bed9d2691d70c60d69f9c4f00bff101760000002d562d544e430000 iv= None armed= False
   E0 kb= 16 key32= 8252970d959b06db102e17d85c0ec1af00736963616c6c7900562d544e430000 iv= 4d207ea37a419f7d622f81c6a2f53594 armed= False
   KS kb= 16 key32= 8252970d959b06db102e17d85c0ec1af00736963616c6c7900562d544e430000 iv= 4d207ea37a419f7d622f81c6a2f53594 armed= False
   KS kb= 16 key32= b114249b7bed9d2691d70c60d69f9c4f00bff1017600000000005f7374617274 iv= None armed= False
   E0 kb= 16 key32= 8252970d959b06db102e17d85c0ec1af00736963616c6c7900005f7374617274 iv= 4d207ea37a419f7d622f81c6a2f53594 armed= False
   KS kb= 16 key32= 8252970d959b06db102e17d85c0ec1af00736963616c6c7900005f7374617274 iv= 4d207ea37a419f7d622f81c6a2f53594 armed= False
   KS kb= 16 key32= b114249b7bed9d2691d70c60d69f9c4f00bff1017600000000726174696f6e00 iv= None armed= False
   E0 kb= 16 key32= 8252970d959b06db102e17d85c0ec1af00736963616c6c7900726174696f6e00 iv= 4d207ea37a419f7d622f81c6a2f53594 armed= False
   KS kb= 16 key32= 8252970d959b06db102e17d85c0ec1af00736963616c6c7900726174696f6e00 iv= 4d207ea37a419f7d622f81c6a2f53594 armed= False
   KS kb= 16 key32= b114249b7bed9d2691d70c60d69f9c4f00bff10176000000706c6574696f6e00 iv= None armed= False
   E0 kb= 16 key32= 8252970d959b06db102e17d85c0ec1af00736963616c6c79006c6574696f6e00 iv= 4d207ea37a419f7d622f81c6a2f53594 armed= False
   KS kb= 16 key32= 8252970d959b06db102e17d85c0ec1af00736963616c6c79006c6574696f6e00 iv= 4d207ea37a419f7d622f81c6a2f53594 armed= False
   KS kb= 16 key32= b114249b7bed9d2691d70c60d69f9c4f00bff101760000007075705f73686f77 iv= None armed= False
   E0 kb= 16 key32= 8252970d959b06db102e17d85c0ec1af00736963616c6c790075705f73686f77 iv= 4d207ea37a419f7d622f81c6a2f53594 armed= False
   KS kb= 16 key32= 8252970d959b06db102e17d85c0ec1af00736963616c6c790075705f73686f77 iv= 4d207ea37a419f7d622f81c6a2f53594 armed= False
   KS kb= 16 key32= b114249b7bed9d2691d70c60d69f9c4f00bff10176000000de82006e74657200 iv= None armed= False
   E0 kb= 16 key32= 8252970d959b06db102e17d85c0ec1af00736963616c6c790082006e74657200 iv= 4d207ea37a419f7d622f81c6a2f53594 armed= False
   KS kb= 16 key32= 8252970d959b06db102e17d85c0ec1af00736963616c6c790082006e74657200 iv= 4d207ea37a419f7d622f81c6a2f53594 armed= False
   KS kb= 16 key32= b114249b7bed9d2691d70c60d69f9c4f00bff101760000000200000000000000 iv= None armed= False
   KS kb= 16 key32= b114249b7bed9d2691d70c60d69f9c4f00bff101760000000000f3d176000000 iv= None armed= False
   E0 kb= 16 key32= 8252970d959b06db102e17d85c0ec1af00736963616c6c790000f3d176000000 iv= 4d207ea37a419f7d622f81c6a2f53594 armed= False
   KS kb= 16 key32= 8252970d959b06db102e17d85c0ec1af00736963616c6c790000f3d176000000 iv= 4d207ea37a419f7d622f81c6a2f53594 armed= False
   KS kb= 16 key32= b114249b7bed9d2691d70c60d69f9c4f00bff10176000000006b762e636f6d00 iv= None armed= False
   E0 kb= 16 key32= 8252970d959b06db102e17d85c0ec1af00736963616c6c79006b762e636f6d00 iv= 4d207ea37a419f7d622f81c6a2f53594 armed= False
   KS kb= 16 key32= 8252970d959b06db102e17d85c0ec1af00736963616c6c79006b762e636f6d00 iv= 4d207ea37a419f7d622f81c6a2f53594 armed= False
   KS kb= 16 key32= b114249b7bed9d2691d70c60d69f9c4f00bff1017600000000c2e4c177000000 iv= None armed= False
   E0 kb= 16 key32= 8252970d959b06db102e17d85c0ec1af00736963616c6c7900c2e4c177000000 iv= 4d207ea37a419f7d622f81c6a2f53594 armed= False
   KS kb= 16 key32= 8252970d959b06db102e17d85c0ec1af00736963616c6c7900c2e4c177000000 iv= 4d207ea37a419f7d622f81c6a2f53594 armed= False
   KS kb= 16 key32= b114249b7bed9d2691d70c60d69f9c4f00bff101760000000700000000000000 iv= None armed= False
   KS kb= 16 key32= b114249b7bed9d2691d70c60d69f9c4f00bff101760000006561720000000000 iv= None armed= False
   E0 kb= 16 key32= 8252970d959b06db102e17d85c0ec1af00736963616c6c790061720000000000 iv= 4d207ea37a419f7d622f81c6a2f53594 armed= False
   KS kb= 16 key32= 8252970d959b06db102e17d85c0ec1af00736963616c6c790061720000000000 iv= 4d207ea37a419f7d622f81c6a2f53594 armed= False
   KS kb= 16 key32= b114249b7bed9d2691d70c60d69f9c4f00bff1017600000090c2e4c177000000 iv= None armed= False
   KS kb= 16 key32= b114249b7bed9d2691d70c60d69f9c4f00376135396566300064010404040101 iv= None armed= False
   E0 kb= 16 key32= b8d72ddec05142948bbf2dc81d63759c00736963616c6c790064010404040101 iv= d6c3969582f9ac5313d39c180b54a2bc armed= False
   KS kb= 16 key32= b114249b7bed9d2691d70c60d69f9c4f006567696f6e2d320000313b703d3000 iv= None armed= False
   E0 kb= 16 key32= b8d72ddec05142948bbf2dc81d63759c00736963616c6c790000313b703d3000 iv= d6c3969582f9ac5313d39c180b54a2bc armed= False
   KS kb= 16 key32= b8d72ddec05142948bbf2dc81d63759c00736963616c6c790000313b703d3000 iv= d6c3969582f9ac5313d39c180b54a2bc armed= False
   KS kb= 16 key32= b8d72ddec05142948bbf2dc81d63759c00736963616c6c790064010404040101 iv= d6c3969582f9ac5313d39c180b54a2bc armed= False
   KS kb= 16 key32= b114249b7bed9d2691d70c60d69f9c4f00393000e1c66789b84e000000000000 iv= None armed= False
   E0 kb= 16 key32= 8252970d959b06db102e17d85c0ec1af00736963616c6c79004e000000000000 iv= 4d207ea37a419f7d622f81c6a2f53594 armed= False
   KS kb= 16 key32= 8252970d959b06db102e17d85c0ec1af00736963616c6c79004e000000000000 iv= 4d207ea37a419f7d622f81c6a2f53594 armed= False
   KS kb= 16 key32= b114249b7bed9d2691d70c60d69f9c4f00393000dbbaadb59f65000000000000 iv= None armed= False
   E0 kb= 16 key32= 8252970d959b06db102e17d85c0ec1af00736963616c6c790065000000000000 iv= 4d207ea37a419f7d622f81c6a2f53594 armed= False
   KS kb= 16 key32= 8252970d959b06db102e17d85c0ec1af00736963616c6c790065000000000000 iv= 4d207ea37a419f7d622f81c6a2f53594 armed= False
   KS kb= 16 key32= b114249b7bed9d2691d70c60d69f9c4f00393000f164bae9d760000000000000 iv= None armed= False
   E0 kb= 16 key32= 8252970d959b06db102e17d85c0ec1af00736963616c6c790060000000000000 iv= 4d207ea37a419f7d622f81c6a2f53594 armed= False
   KS kb= 16 key32= 8252970d959b06db102e17d85c0ec1af00736963616c6c790060000000000000 iv= 4d207ea37a419f7d622f81c6a2f53594 armed= False
   KS kb= 16 key32= b114249b7bed9d2691d70c60d69f9c4f00393000970caa72295c000000000000 iv= None armed= False
   E0 kb= 16 key32= 8252970d959b06db102e17d85c0ec1af00736963616c6c79005c000000000000 iv= 4d207ea37a419f7d622f81c6a2f53594 armed= False
   KS kb= 16 key32= 8252970d959b06db102e17d85c0ec1af00736963616c6c79005c000000000000 iv= 4d207ea37a419f7d622f81c6a2f53594 armed= False
   KS kb= 16 key32= b114249b7bed9d2691d70c60d69f9c4f00393000770000000000000000000000 iv= None armed= False
   KS kb= 16 key32= b114249b7bed9d2691d70c60d69f9c4f00df80d6750000000200000000000000 iv= None armed= False
   KS kb= 16 key32= b114249b7bed9d2691d70c60d69f9c4f00ae1626000000000000000000000000 iv= None armed= False
   E0 kb= 16 key32= b8d72ddec05142948bbf2dc81d63759c00736963616c6c790000000000000000 iv= d6c3969582f9ac5313d39c180b54a2bc armed= False
   KS kb= 16 key32= b8d72ddec05142948bbf2dc81d63759c00736963616c6c790000000000000000 iv= d6c3969582f9ac5313d39c180b54a2bc armed= False
   KS kb= 16 key32= b114249b7bed9d2691d70c60d69f9c4f003930005c66bb804321000000000000 iv= None armed= False
   KS kb= 16 key32= b114249b7bed9d2691d70c60d69f9c4f002d6f762d616e64726f696400000000 iv= None armed= False
   E0 kb= 16 key32= b8d72ddec05142948bbf2dc81d63759c00736963616c6c79006f696400000000 iv= d6c3969582f9ac5313d39c180b54a2bc armed= False
   KS kb= 16 key32= b8d72ddec05142948bbf2dc81d63759c00736963616c6c79006f696400000000 iv= d6c3969582f9ac5313d39c180b54a2bc armed= False
   E0 kb= 16 key32= 8252970d959b06db102e17d85c0ec1af00736963616c6c790063623900000000 iv= 4d207ea37a419f7d622f81c6a2f53594 armed= False
   KS kb= 16 key32= 8252970d959b06db102e17d85c0ec1af00736963616c6c790063623900000000 iv= 4d207ea37a419f7d622f81c6a2f53594 armed= False
   KS kb= 16 key32= b114249b7bed9d2691d70c60d69f9c4f00393000dca39a314db1000000000000 iv= None armed= False
   E0 kb= 16 key32= 8252970d959b06db102e17d85c0ec1af00736963616c6c7900b1000000000000 iv= 4d207ea37a419f7d622f81c6a2f53594 armed= False
   KS kb= 16 key32= 8252970d959b06db102e17d85c0ec1af00736963616c6c7900b1000000000000 iv= 4d207ea37a419f7d622f81c6a2f53594 armed= False
   KS kb= 16 key32= b114249b7bed9d2691d70c60d69f9c4f0026e50177000000502ce40177000000 iv= None armed= False
   E0 kb= 16 key32= b8d72ddec05142948bbf2dc81d63759c00736963616c6c79002ce40177000000 iv= d6c3969582f9ac5313d39c180b54a2bc armed= False
   KS kb= 16 key32= b8d72ddec05142948bbf2dc81d63759c00736963616c6c79002ce40177000000 iv= d6c3969582f9ac5313d39c180b54a2bc armed= False
   KS kb= 16 key32= b114249b7bed9d2691d70c60d69f9c4f003930005c862e06d07100746e630000 iv= None armed= False
   E0 kb= 16 key32= 8252970d959b06db102e17d85c0ec1af00736963616c6c79007100746e630000 iv= 4d207ea37a419f7d622f81c6a2f53594 armed= False
   KS kb= 16 key32= 8252970d959b06db102e17d85c0ec1af00736963616c6c79007100746e630000 iv= 4d207ea37a419f7d622f81c6a2f53594 armed= False
   KS kb= 16 key32= b114249b7bed9d2691d70c60d69f9c4f00393000aba1264cdbdd000000000000 iv= None armed= False
   E0 kb= 16 key32= 8252970d959b06db102e17d85c0ec1af00736963616c6c7900dd000000000000 iv= 4d207ea37a419f7d622f81c6a2f53594 armed= False
   KS kb= 16 key32= 8252970d959b06db102e17d85c0ec1af00736963616c6c7900dd000000000000 iv= 4d207ea37a419f7d622f81c6a2f53594 armed= False
   KS kb= 16 key32= b114249b7bed9d2691d70c60d69f9c4f00393000655d871b4386000000000000 iv= None armed= False
   E0 kb= 16 key32= 8252970d959b06db102e17d85c0ec1af00736963616c6c790086000000000000 iv= 4d207ea37a419f7d622f81c6a2f53594 armed= False
   KS kb= 16 key32= 8252970d959b06db102e17d85c0ec1af00736963616c6c790086000000000000 iv= 4d207ea37a419f7d622f81c6a2f53594 armed= False
   KS kb= 16 key32= b114249b7bed9d2691d70c60d69f9c4f003930009fdcb00e3fc9000000000000 iv= None armed= False
   E0 kb= 16 key32= 8252970d959b06db102e17d85c0ec1af00736963616c6c7900c9000000000000 iv= 4d207ea37a419f7d622f81c6a2f53594 armed= False
   KS kb= 16 key32= 8252970d959b06db102e17d85c0ec1af00736963616c6c7900c9000000000000 iv= 4d207ea37a419f7d622f81c6a2f53594 armed= False
   KS kb= 16 key32= b114249b7bed9d2691d70c60d69f9c4f0039300056522139bfb8000000000000 iv= None armed= False
   E0 kb= 16 key32= 8252970d959b06db102e17d85c0ec1af00736963616c6c7900b8000000000000 iv= 4d207ea37a419f7d622f81c6a2f53594 armed= False
   KS kb= 16 key32= 8252970d959b06db102e17d85c0ec1af00736963616c6c7900b8000000000000 iv= 4d207ea37a419f7d622f81c6a2f53594 armed= False
   KS kb= 16 key32= b114249b7bed9d2691d70c60d69f9c4f00393000bfa2440572a6000000000000 iv= None armed= False
   E0 kb= 16 key32= 8252970d959b06db102e17d85c0ec1af00736963616c6c7900a6000000000000 iv= 4d207ea37a419f7d622f81c6a2f53594 armed= False
   KS kb= 16 key32= 8252970d959b06db102e17d85c0ec1af00736963616c6c7900a6000000000000 iv= 4d207ea37a419f7d622f81c6a2f53594 armed= False
   KS kb= 16 key32= b114249b7bed9d2691d70c60d69f9c4f00393000e3c03357ad58003b703d3000 iv= None armed= False
   E0 kb= 16 key32= 8252970d959b06db102e17d85c0ec1af00736963616c6c790058003b703d3000 iv= 4d207ea37a419f7d622f81c6a2f53594 armed= False
   KS kb= 16 key32= 8252970d959b06db102e17d85c0ec1af00736963616c6c790058003b703d3000 iv= 4d207ea37a419f7d622f81c6a2f53594 armed= False
   KS kb= 16 key32= b114249b7bed9d2691d70c60d69f9c4f00393000b049d06ebc4000762e757300 iv= None armed= False
   E0 kb= 16 key32= 8252970d959b06db102e17d85c0ec1af00736963616c6c79004000762e757300 iv= 4d207ea37a419f7d622f81c6a2f53594 armed= False
   KS kb= 16 key32= 8252970d959b06db102e17d85c0ec1af00736963616c6c79004000762e757300 iv= 4d207ea37a419f7d622f81c6a2f53594 armed= False
   KS kb= 16 key32= b114249b7bed9d2691d70c60d69f9c4f00393000adfa734f62a2000000000000 iv= None armed= False
   E0 kb= 16 key32= 8252970d959b06db102e17d85c0ec1af00736963616c6c7900a2000000000000 iv= 4d207ea37a419f7d622f81c6a2f53594 armed= False
   KS kb= 16 key32= 8252970d959b06db102e17d85c0ec1af00736963616c6c7900a2000000000000 iv= 4d207ea37a419f7d622f81c6a2f53594 armed= False
   KS kb= 16 key32= b114249b7bed9d2691d70c60d69f9c4f003930004201e7274a5d000000000000 iv= None armed= False
   E0 kb= 16 key32= 8252970d959b06db102e17d85c0ec1af00736963616c6c79005d000000000000 iv= 4d207ea37a419f7d622f81c6a2f53594 armed= False
   KS kb= 16 key32= 8252970d959b06db102e17d85c0ec1af00736963616c6c79005d000000000000 iv= 4d207ea37a419f7d622f81c6a2f53594 armed= False
   KS kb= 16 key32= b114249b7bed9d2691d70c60d69f9c4f00393000cd6016394d1400746e630000 iv= None armed= False
   E0 kb= 16 key32= 8252970d959b06db102e17d85c0ec1af00736963616c6c79001400746e630000 iv= 4d207ea37a419f7d622f81c6a2f53594 armed= False
   KS kb= 16 key32= 8252970d959b06db102e17d85c0ec1af00736963616c6c79001400746e630000 iv= 4d207ea37a419f7d622f81c6a2f53594 armed= False
   KS kb= 16 key32= b114249b7bed9d2691d70c60d69f9c4f00393000656dd3faa85000746e630000 iv= None armed= False
   E0 kb= 16 key32= 8252970d959b06db102e17d85c0ec1af00736963616c6c79005000746e630000 iv= 4d207ea37a419f7d622f81c6a2f53594 armed= False
   KS kb= 16 key32= 8252970d959b06db102e17d85c0ec1af00736963616c6c79005000746e630000 iv= 4d207ea37a419f7d622f81c6a2f53594 armed= False
   KS kb= 16 key32= b114249b7bed9d2691d70c60d69f9c4f0039300029c14abd89e9000000000000 iv= None armed= False
   E0 kb= 16 key32= 8252970d959b06db102e17d85c0ec1af00736963616c6c7900e9000000000000 iv= 4d207ea37a419f7d622f81c6a2f53594 armed= False
   KS kb= 16 key32= 8252970d959b06db102e17d85c0ec1af00736963616c6c7900e9000000000000 iv= 4d207ea37a419f7d622f81c6a2f53594 armed= False
DETACHED reason= application-requested
DONE
