openjdk version "21.0.12.1" 2026-08-18 LTS
OpenJDK Runtime Environment Temurin-21.0.12.1+1 (build 21.0.12.1+1-LTS)
OpenJDK 64-Bit Server VM Temurin-21.0.12.1+1 (build 21.0.12.1+1-LTS, mixed mode)
INFO  Using log config file: jar:file:/Users/lemanh/tools/ghidra_12.1.3_PUBLIC/Ghidra/Framework/Generic/lib/Generic.jar!/generic.log4j.xml (LoggingInitialization)  
INFO  Using log file: /Users/lemanh/Library/ghidra/ghidra_12.1.3_PUBLIC/application.log (LoggingInitialization)  
INFO  Loading user preferences: /Users/lemanh/Library/ghidra/ghidra_12.1.3_PUBLIC/preferences (Preferences)  
INFO  Loading previous preferences: /Users/lemanh/Library/ghidra/ghidra_12.1.2_PUBLIC/preferences (Preferences)  
INFO  Searching for classes... (ClassSearcher)  
INFO  Class search complete (1351 ms) (ClassSearcher)  
INFO  Initializing SSL Context (DefaultSSLContextInitializer)  
INFO  Initializing Random Number Generator... (SecureRandomFactory)  
INFO  Random Number Generator initialization complete: NativePRNGNonBlocking (SecureRandomFactory)  
INFO  Trust manager disabled, cacerts have not been set (DefaultTrustManagerFactory)  
INFO  Headless startup complete (2813 ms) (AnalyzeHeadless)  
INFO  Class searcher loaded 59 extension points (20 false positives) (ClassSearcher)  
INFO  HEADLESS Script Paths:
    /Users/lemanh/tools/ghidra_12.1.3_PUBLIC/Ghidra/Features/Base/ghidra_scripts
    /Users/lemanh/tools/ghidra_12.1.3_PUBLIC/Ghidra/Debug/Debugger/ghidra_scripts
    /Users/lemanh/tools/ghidra_12.1.3_PUBLIC/Ghidra/Features/PDB/ghidra_scripts
    /Users/lemanh/tools/ghidra_12.1.3_PUBLIC/Ghidra/Processors/PIC/ghidra_scripts
    /Users/lemanh/tools/ghidra_12.1.3_PUBLIC/Ghidra/Debug/Debugger-rmi-trace/ghidra_scripts
    /Users/lemanh/tools/ghidra_12.1.3_PUBLIC/Ghidra/Features/BytePatterns/ghidra_scripts
    /Users/lemanh/tools/ghidra_12.1.3_PUBLIC/Ghidra/Features/SystemEmulation/ghidra_scripts
    /Users/lemanh/tools/ghidra_12.1.3_PUBLIC/Ghidra/Features/GnuDemangler/ghidra_scripts
    /Users/lemanh/tools/ghidra_12.1.3_PUBLIC/Ghidra/Processors/JVM/ghidra_scripts
    /Users/lemanh/tools/ghidra_12.1.3_PUBLIC/Ghidra/Features/Decompiler/ghidra_scripts
    /Users/lemanh/tools/ghidra_12.1.3_PUBLIC/Ghidra/Features/DecompilerDependent/ghidra_scripts
    /Users/lemanh/tools/ghidra_12.1.3_PUBLIC/Ghidra/Features/FunctionID/ghidra_scripts
    /Users/lemanh/tools/ghidra_12.1.3_PUBLIC/Ghidra/Features/FileFormats/ghidra_scripts
    /Users/lemanh/tools/ghidra_12.1.3_PUBLIC/Ghidra/Features/VersionTracking/ghidra_scripts
    /Users/lemanh/Documents/Tiktok-Android/huongB_devirt19
    /Users/lemanh/tools/ghidra_12.1.3_PUBLIC/Ghidra/Features/BSim/ghidra_scripts
    /Users/lemanh/tools/ghidra_12.1.3_PUBLIC/Ghidra/Processors/8051/ghidra_scripts
    /Users/lemanh/tools/ghidra_12.1.3_PUBLIC/Ghidra/Features/PyGhidra/ghidra_scripts
    /Users/lemanh/tools/ghidra_12.1.3_PUBLIC/Ghidra/Features/MicrosoftCodeAnalyzer/ghidra_scripts
    /Users/lemanh/tools/ghidra_12.1.3_PUBLIC/Ghidra/Processors/Atmel/ghidra_scripts
    /Users/lemanh/tools/ghidra_12.1.3_PUBLIC/Ghidra/Processors/DATA/ghidra_scripts
    /Users/lemanh/tools/ghidra_12.1.3_PUBLIC/Ghidra/Features/WildcardAssembler/ghidra_scripts
    /Users/lemanh/tools/ghidra_12.1.3_PUBLIC/Ghidra/Features/SwiftDemangler/ghidra_scripts (HeadlessAnalyzer)  
INFO  HEADLESS: execution starts (HeadlessAnalyzer)  
INFO  Opening existing project: /Users/lemanh/tools/ghidra_proj/tt (HeadlessAnalyzer)  
INFO  Opening project: /Users/lemanh/tools/ghidra_proj/tt (HeadlessProject)  
INFO  REPORT: Processing project file: /libmetasec_ov.so (HeadlessAnalyzer)  
INFO  REPORT: Execute script: GhidraXrefs.java  (HeadlessAnalyzer)  
INFO  SCRIPT: /Users/lemanh/Documents/Tiktok-Android/huongB_devirt19/GhidraXrefs.java (HeadlessAnalyzer)  
INFO  GhidraXrefs.java> 
===== xref → 0x119108 (Ghidra 00219108) ===== (GhidraScript)  
INFO  GhidraXrefs.java>   002a48f4  INDIRECTION  in fn 0x? (GhidraScript)  
INFO  GhidraXrefs.java>   002c45b8  DATA  in fn 0x? (GhidraScript)  
INFO  GhidraXrefs.java>   00161388  UNCONDITIONAL_CALL  in fn 0x61280 FUN_00161280 (GhidraScript)  
INFO  GhidraXrefs.java>   0015f0f8  UNCONDITIONAL_CALL  in fn 0x5f044 FUN_0015f044 (GhidraScript)  
INFO  GhidraXrefs.java> 
===== xref → 0x20e224 (Ghidra 0030e224) ===== (GhidraScript)  
INFO  GhidraXrefs.java> 
===== xref → 0x20b010 (Ghidra 0030b010) ===== (GhidraScript)  
INFO  GhidraXrefs.java> 
===== decompile các hàm chạm registry (writer=insert?) ===== (GhidraScript)  
INFO  GhidraXrefs.java>   0x61280  FUN_00161280  (C 2326B, alloc=false, insert-ish=false, unhex=0)  → xref_61280.c (GhidraScript)  
INFO  GhidraXrefs.java>   0x5f044  FUN_0015f044  (C 1577B, alloc=false, insert-ish=false, unhex=0)  → xref_5f044.c (GhidraScript)  
INFO  REPORT: Save succeeded for processed file: /libmetasec_ov.so (HeadlessAnalyzer)  
