[*] spawned 16980
{"t": "mon", "nHex": 0, "nDrv": 0, "hits": 0}
{"t": "info", "base": "0x751f601000"}
{"t": "ready"}
{"t": "HEXSRC", "len": 0, "ascii": "", "data": ""}
{"t": "HEXSRC", "len": 16, "ascii": "4368c20119cb0b2e", "data": "34333638633230313139636230623265"}
{"t": "HEXSRC", "len": 16, "ascii": "ec6ab5a171a55d95", "data": "65633661623561313731613535643935"}
{"t": "HEXSRC", "len": 50, "ascii": "645ff7b92b8eb3c89097d4885de10f679e0efb3044456a018d", "data": "3634356666376239326238656233633839303937643438383564653130663637396530656662333034343435366130313864"}
{"t": "HEXSRC", "len": 32, "ascii": "88097b7ab32aeaa592255ad78c776e5c", "data": "3838303937623761623332616561613539323235356164373863373736653563"}
{"t": "DRV", "slot16": "88097b7ab32aeaa592255ad78c776e5c", "matchAscii": "88097b7ab32aeaa592255ad78c776e5c", "matchLen": 32, "lastAscii": "88097b7ab32aeaa592255ad78c776e5c"}
{"t": "HEXSRC", "len": 32, "ascii": "f27e90d1318b1343cf250aedbb59c24f", "data": "6632376539306431333138623133343363663235306165646262353963323466"}
{"t": "DRV", "slot16": "f27e90d1318b1343cf250aedbb59c24f", "matchAscii": "f27e90d1318b1343cf250aedbb59c24f", "matchLen": 32, "lastAscii": "f27e90d1318b1343cf250aedbb59c24f"}
{"t": "HEXSRC", "len": 32, "ascii": "6c109094bc9ab89e050fbd3e2ca6b99e", "data": "3663313039303934626339616238396530353066626433653263613662393965"}
{"t": "mon", "nHex": 7, "nDrv": 2, "hits": 2}
{"t": "HEXSRC", "len": 32, "ascii": "8dd6f29d6076f9548f2dd28e14f66a7c", "data": "3864643666323964363037366639353438663264643238653134663636613763"}
{"t": "DRV", "slot16": "8dd6f29d6076f9548f2dd28e14f66a7c", "matchAscii": "8dd6f29d6076f9548f2dd28e14f66a7c", "matchLen": 32, "lastAscii": "8dd6f29d6076f9548f2dd28e14f66a7c"}
{"t": "HEXSRC", "len": 32, "ascii": "46c03b52742b3f2615a3abdf1636b754", "data": "3436633033623532373432623366323631356133616264663136333662373534"}
{"t": "DRV", "slot16": "46c03b52742b3f2615a3abdf1636b754", "matchAscii": "46c03b52742b3f2615a3abdf1636b754", "matchLen": 32, "lastAscii": "46c03b52742b3f2615a3abdf1636b754"}
{"t": "HEXSRC", "len": 32, "ascii": "f31361844bd2a9dfda8e7ff7edc91ce0", "data": "6633313336313834346264326139646664613865376666376564633931636530"}
{"t": "DRV", "slot16": "f31361844bd2a9dfda8e7ff7edc91ce0", "matchAscii": "f31361844bd2a9dfda8e7ff7edc91ce0", "matchLen": 32, "lastAscii": "f31361844bd2a9dfda8e7ff7edc91ce0"}
{"t": "HEXSRC", "len": 32, "ascii": "b8591fcb8d86ff40ed3989462a588bf1", "data": "6238353931666362386438366666343065643339383934363261353838626631"}
{"t": "DRV", "slot16": "b8591fcb8d86ff40ed3989462a588bf1", "matchAscii": "b8591fcb8d86ff40ed3989462a588bf1", "matchLen": 32, "lastAscii": "b8591fcb8d86ff40ed3989462a588bf1"}
{"t": "mon", "nHex": 11, "nDrv": 6, "hits": 6}
{"t": "HEXSRC", "len": 32, "ascii": "46c03b52742b3f2615a3abdf1636b754", "data": "3436633033623532373432623366323631356133616264663136333662373534"}
{"t": "DRV", "slot16": "46c03b52742b3f2615a3abdf1636b754", "matchAscii": "46c03b52742b3f2615a3abdf1636b754", "matchLen": 32, "lastAscii": "46c03b52742b3f2615a3abdf1636b754"}
{"t": "HEXSRC", "len": 32, "ascii": "f31361844bd2a9dfda8e7ff7edc91ce0", "data": "6633313336313834346264326139646664613865376666376564633931636530"}
{"t": "DRV", "slot16": "f31361844bd2a9dfda8e7ff7edc91ce0", "matchAscii": "f31361844bd2a9dfda8e7ff7edc91ce0", "matchLen": 32, "lastAscii": "f31361844bd2a9dfda8e7ff7edc91ce0"}
{"t": "HEXSRC", "len": 32, "ascii": "6c109094bc9ab89e050fbd3e2ca6b99e", "data": "3663313039303934626339616238396530353066626433653263613662393965"}
{"t": "DRV", "slot16": "6c109094bc9ab89e050fbd3e2ca6b99e", "matchAscii": "6c109094bc9ab89e050fbd3e2ca6b99e", "matchLen": 32, "lastAscii": "6c109094bc9ab89e050fbd3e2ca6b99e"}
{"t": "mon", "nHex": 14, "nDrv": 9, "hits": 9}
{"t": "HEXSRC", "len": 32, "ascii": "81539e501c18deeb49d8649d2e42496e", "data": "3831353339653530316331386465656234396438363439643265343234393665"}
{"t": "DRV", "slot16": "81539e501c18deeb49d8649d2e42496e", "matchAscii": "81539e501c18deeb49d8649d2e42496e", "matchLen": 32, "lastAscii": "81539e501c18deeb49d8649d2e42496e"}
{"t": "HEXSRC", "len": 32, "ascii": "0cf4ac93253c6122aa83e04e02b72f60", "data": "3063663461633933323533633631323261613833653034653032623732663630"}
{"t": "HEXSRC", "len": 32, "ascii": "82c8c8f2671fad4b63fd329a58dc0e02", "data": "3832633863386632363731666164346236336664333239613538646330653032"}
{"t": "DRV", "slot16": "82c8c8f2671fad4b63fd329a58dc0e02", "matchAscii": "82c8c8f2671fad4b63fd329a58dc0e02", "matchLen": 32, "lastAscii": "82c8c8f2671fad4b63fd329a58dc0e02"}
{"t": "HEXSRC", "len": 32, "ascii": "10632125aa64bfcaa31be428999f87b0", "data": "3130363332313235616136346266636161333162653432383939396638376230"}
{"t": "DRV", "slot16": "10632125aa64bfcaa31be428999f87b0", "matchAscii": "10632125aa64bfcaa31be428999f87b0", "matchLen": 32, "lastAscii": "10632125aa64bfcaa31be428999f87b0"}
{"t": "HEXSRC", "len": 32, "ascii": "88d8a3c00ca441a74a31367f2dcdeab0", "data": "3838643861336330306361343431613734613331333637663264636465616230"}
{"t": "HEXSRC", "len": 32, "ascii": "ee9840ad0c4833bb3b0786f5a964469e", "data": "6565393834306164306334383333626233623037383666356139363434363965"}
{"t": "HEXSRC", "len": 32, "ascii": "dfe86c0ca45d6227e61da33e07a593ef", "data": "6466653836633063613435643632323765363164613333653037613539336566"}
{"t": "HEXSRC", "len": 32, "ascii": "ce3ab65cf6e94413f893e5991e5da5d3", "data": "6365336162363563663665393434313366383933653539393165356461356433"}
{"t": "HEXSRC", "len": 32, "ascii": "851dbc7109471d9b56f8c9c29ca143db", "data": "3835316462633731303934373164396235366638633963323963613134336462"}
{"t": "mon", "nHex": 23, "nDrv": 12, "hits": 12}
{"t": "HEXSRC", "len": 32, "ascii": "6c109094bc9ab89e050fbd3e2ca6b99e", "data": "3663313039303934626339616238396530353066626433653263613662393965"}
{"t": "mon", "nHex": 24, "nDrv": 12, "hits": 12}
{"t": "mon", "nHex": 24, "nDrv": 12, "hits": 12}
{"t": "mon", "nHex": 24, "nDrv": 12, "hits": 12}
{"t": "mon", "nHex": 24, "nDrv": 12, "hits": 12}
{"t": "mon", "nHex": 24, "nDrv": 12, "hits": 12}
{"t": "mon", "nHex": 24, "nDrv": 12, "hits": 12}
{"t": "mon", "nHex": 24, "nDrv": 12, "hits": 12}
{"t": "mon", "nHex": 24, "nDrv": 12, "hits": 12}
{"t": "mon", "nHex": 24, "nDrv": 12, "hits": 12}
{"t": "mon", "nHex": 24, "nDrv": 12, "hits": 12}
{"t": "mon", "nHex": 24, "nDrv": 12, "hits": 12}
{"t": "mon", "nHex": 24, "nDrv": 12, "hits": 12}
{"t": "HEXSRC", "len": 32, "ascii": "41095ab04d460685a7d74e2e9f33f7a0", "data": "3431303935616230346434363036383561376437346532653966333366376130"}
{"t": "HEXSRC", "len": 32, "ascii": "e81ea983880553838e8cfc26f9e43773", "data": "6538316561393833383830353533383338653863666332366639653433373733"}
{"t": "HEXSRC", "len": 32, "ascii": "051afb6b2a4b02cdb42d28ab0f81b736", "data": "3035316166623662326134623032636462343264323861623066383162373336"}
{"t": "HEXSRC", "len": 32, "ascii": "ca41f5894c0a833f2a1c7a96faf55cc4", "data": "6361343166353839346330613833336632613163376139366661663535636334"}
{"t": "mon", "nHex": 28, "nDrv": 12, "hits": 12}
{"t": "HEXSRC", "len": 32, "ascii": "ee429a7579b3d66be9b21da6455e46ac", "data": "6565343239613735373962336436366265396232316461363435356534366163"}
{"t": "HEXSRC", "len": 32, "ascii": "3683b4de5e60c76a23f8be1d375e91b2", "data": "3336383362346465356536306337366132336638626531643337356539316232"}
{"t": "HEXSRC", "len": 32, "ascii": "a17dd3e0dadb4633b60ba8f3a6a74fcb", "data": "6131376464336530646164623436333362363062613866336136613734666362"}
{"t": "HEXSRC", "len": 32, "ascii": "78f4f92fdea0026d2087af71a2a874c3", "data": "3738663466393266646561303032366432303837616637316132613837346333"}
{"t": "mon", "nHex": 32, "nDrv": 12, "hits": 12}
{"t": "mon", "nHex": 32, "nDrv": 12, "hits": 12}
{"t": "mon", "nHex": 32, "nDrv": 12, "hits": 12}
{"t": "HEXSRC", "len": 32, "ascii": "b30af0b05142ad10988643492578221f", "data": "6233306166306230353134326164313039383836343334393235373832323166"}
{"t": "mon", "nHex": 33, "nDrv": 12, "hits": 12}
{"t": "HEXSRC", "len": 32, "ascii": "d3df1573afe3c1f90b930ce92d8bf95a", "data": "6433646631353733616665336331663930623933306365393264386266393561"}
{"t": "mon", "nHex": 34, "nDrv": 12, "hits": 12}
{"t": "HEXSRC", "len": 32, "ascii": "dda42e3ad00f0df43fb98c8df5441dc2", "data": "6464613432653361643030663064663433666239386338646635343431646332"}
{"t": "mon", "nHex": 35, "nDrv": 12, "hits": 12}
{"t": "HEXSRC", "len": 32, "ascii": "8b5298ecfe6a1dab94c3f8c789e002c4", "data": "3862353239386563666536613164616239346333663863373839653030326334"}
{"t": "mon", "nHex": 36, "nDrv": 12, "hits": 12}
{"t": "HEXSRC", "len": 32, "ascii": "d5f38198bcd5f9c2bc330017d169b82a", "data": "6435663338313938626364356639633262633333303031376431363962383261"}
{"t": "mon", "nHex": 37, "nDrv": 12, "hits": 12}
[*] done
