[*] spawned 8831
{"t": "mon", "n": 0}
{"t": "mon", "n": 0}
{"t": "mon", "n": 0}
{"t": "info", "msg": "base=0x74f5800000"}
{"t": "ready"}
{"t": "mon", "n": 0}
{"t": "mon", "n": 0}
{"t": "HIT", "i": 1, "tgt": "+0xa0748", "x0": "0x74e9e8ed70", "x1": "0x74e9e8ed98", "d0": "8003000000000000eb21e878f66d47b347db4532c4c8980a28ce6aedc39768af", "d1": "6e5f6e616d653d34352e352e3480000000000000000000000000000000000000", "rng0": "rw- anon sz=0xfb000", "rng1": "rw- anon sz=0xfb000"}
{"t": "HIT", "i": 2, "tgt": "+0xa0748", "x0": "0x74e9e8ed70", "x1": "0x74e9e8ed98", "d0": "40000000000000006f168073b9b21449d742241700068adabc306fa9aa383116", "d1": "80156f5335f7887fb9fa9032b77fdd5c80000000000000000000000000000000", "rng0": "rw- anon sz=0xfb000", "rng1": "rw- anon sz=0xfb000"}
{"t": "HIT", "i": 3, "tgt": "+0xa0748", "x0": "0x74e9e8ed70", "x1": "0x74e9e8ed98", "d0": "8000000000000000c7b15d03492ee1e5aec2f3c4c6be69caf0e0ff09a5244141", "d1": "b519816380000000000000000000000000000000000000000000000000000000", "rng0": "rw- anon sz=0xfb000", "rng1": "rw- anon sz=0xfb000"}
{"t": "HIT", "i": 4, "tgt": "+0xa0748", "x0": "0x74e9e8ed70", "x1": "0x74e9e8ed98", "d0": "40030000000000001ba265b0c0c32dbde73132498707a1c0b2eeaa44b3ec2c26", "d1": "3433373930800000000000000000000000000000000000000000000000000000", "rng0": "rw- anon sz=0xfb000", "rng1": "rw- anon sz=0xfb000"}
{"t": "HIT", "i": 5, "tgt": "+0xa0748", "x0": "0x74e9e8ed70", "x1": "0x74e9e8ed98", "d0": "40000000000000006f168073b9b21449d742241700068adabc306fa9aa383116", "d1": "6c109094bc9ab89e050fbd3e2ca6b99e80000000000000000000000000000000", "rng0": "rw- anon sz=0xfb000", "rng1": "rw- anon sz=0xfb000"}
{"t": "HIT", "i": 6, "tgt": "+0xa0748", "x0": "0x74e9e8ed70", "x1": "0x74e9e8ed98", "d0": "800000000000000098c37e9bf405cdff7c0245a1df3dcca84fe1dbfadc1f6086", "d1": "b519816380000000000000000000000000000000000000000000000000000000", "rng0": "rw- anon sz=0xfb000", "rng1": "rw- anon sz=0xfb000"}
{"t": "HIT", "i": 7, "tgt": "+0xa0748", "x0": "0x74e9e8ed70", "x1": "0x74e9e8ed98", "d0": "38030000000000000ffb40837fbbb09c9b3f74494dbea6f78cec357d0d439c08", "d1": "3339303237323134266465766963655f69643d37363738363136363738303533", "rng0": "rw- anon sz=0xfb000", "rng1": "rw- anon sz=0xfb000"}
{"t": "HIT", "i": 8, "tgt": "+0xa0748", "x0": "0x74e9e8ed70", "x1": "0x74e9e8ed98", "d0": "4003000000000000e7c7e5493c17efa0bd8c1ebfce421a74b100696386b92b00", "d1": "0000000000000000000000000000000000000000000000000000000000000000", "rng0": "rw- anon sz=0xfb000", "rng1": "rw- anon sz=0xfb000"}
{"t": "mon", "n": 8}
{"t": "mon", "n": 8}
{"t": "mon", "n": 8}
{"t": "mon", "n": 8}
{"t": "mon", "n": 8}
{"t": "mon", "n": 8}
{"t": "mon", "n": 8}
{"t": "mon", "n": 8}
