[*] spawned 10182
{"t": "info", "msg": "installed drv@0x9fd98 base=0x7551e00000"}
{"t": "HIT", "i": 1, "addr": "0x77e4e108a0", "val": "c449430c73122fcb7e1415eddc188e8c", "caller": "libmetasec_ov.so+0xa101c"}
{"t": "HIT", "i": 2, "addr": "0x77e4e1b310", "val": "793e997ff42ebcc8d1bfbec946138deb", "caller": "libmetasec_ov.so+0xa101c"}
{"t": "mon", "hits": 2, "drvCalls": 12, "uniqAddr": 2, "lenHist": {"16": 4, "68": 4, "big": 4}, "addrs": {"0x77e4e108a0": 1, "0x77e4e1b310": 1}}
{"t": "mon", "hits": 2, "drvCalls": 15, "uniqAddr": 2, "lenHist": {"16": 5, "68": 5, "big": 5}, "addrs": {"0x77e4e108a0": 1, "0x77e4e1b310": 1}}
{"t": "HIT", "i": 3, "addr": "0x77e4e6cc10", "val": "6c109094bc9ab89e050fbd3e2ca6b99e", "caller": "libmetasec_ov.so+0xa101c"}
{"t": "HIT", "i": 4, "addr": "0x77e4e884b0", "val": "ca4eec2d3e2be7ee59a07e0388a6036a", "caller": "libmetasec_ov.so+0xa101c"}
{"t": "HIT", "i": 5, "addr": "0x77e4e87af0", "val": "46c03b52742b3f2615a3abdf1636b754", "caller": "libmetasec_ov.so+0xa101c"}
{"t": "HIT", "i": 6, "addr": "0x77e4bc76c0", "val": "6de362e12a70d66d30db88dd86e2ed56", "caller": "libmetasec_ov.so+0xa101c"}
{"t": "mon", "hits": 6, "drvCalls": 30, "uniqAddr": 6, "lenHist": {"16": 10, "68": 10, "133": 1, "big": 9}, "addrs": {"0x77e4e108a0": 1, "0x77e4e1b310": 1, "0x77e4e6cc10": 1, "0x77e4e884b0": 1, "0x77e4e87af0": 1, "0x77e4bc76c0": 1}}
{"t": "HIT", "i": 7, "addr": "0x77e4bbf230", "val": "8a43da2f5fb23cd78c80a2b1037dea9c", "caller": "libmetasec_ov.so+0xa101c"}
{"t": "HIT", "i": 8, "addr": "0x77e4e705d0", "val": "0d2bb92cac72b7f7a28f2542402159ef", "caller": "libmetasec_ov.so+0xa101c"}
{"t": "HIT", "i": 9, "addr": "0x77e4fcf060", "val": "f31361844bd2a9dfda8e7ff7edc91ce0", "caller": "libmetasec_ov.so+0xa101c"}
{"t": "HIT", "i": 10, "addr": "0x77e4fe5290", "val": "46c03b52742b3f2615a3abdf1636b754", "caller": "libmetasec_ov.so+0xa101c"}
{"t": "mon", "hits": 10, "drvCalls": 57, "uniqAddr": 10, "lenHist": {"16": 19, "68": 19, "133": 1, "big": 18}, "addrs": {"0x77e4e108a0": 1, "0x77e4e1b310": 1, "0x77e4e6cc10": 1, "0x77e4e884b0": 1, "0x77e4e87af0": 1, "0x77e4bc76c0": 1, "0x77e4bbf230": 1, "0x77e4e705d0": 1, "0x77e4fcf060": 1, "0x77e4fe5290": 1}}
{"t": "HIT", "i": 11, "addr": "0x77e500a1f0", "val": "19d30ac40739b4170e2b0e70a3e30573", "caller": "libmetasec_ov.so+0xa101c"}
{"t": "HIT", "i": 12, "addr": "0x77e5011360", "val": "f47d1045c34010acf7dfc8e380ab9222", "caller": "libmetasec_ov.so+0xa101c"}
{"t": "HIT", "i": 13, "addr": "0x77e50184a0", "val": "6c109094bc9ab89e050fbd3e2ca6b99e", "caller": "libmetasec_ov.so+0xa101c"}
{"t": "HIT", "i": 14, "addr": "0x77e5029330", "val": "c41cd6de6b6a6347fd2e52fe3e490605", "caller": "libmetasec_ov.so+0xa101c"}
{"t": "HIT", "i": 15, "addr": "0x77e50315b0", "val": "f31361844bd2a9dfda8e7ff7edc91ce0", "caller": "libmetasec_ov.so+0xa101c"}
{"t": "HIT", "i": 16, "addr": "0x77e50300e0", "val": "5ca80b9ec52c7fda64869383e1f44956", "caller": "libmetasec_ov.so+0xa101c"}
{"t": "HIT", "i": 17, "addr": "0x77e502a380", "val": "c4ad1aab955cf808901fe80284df2065", "caller": "libmetasec_ov.so+0xa101c"}
{"t": "HIT", "i": 18, "addr": "0x77e5033470", "val": "1d11c76f91900f6322b919aacd809aef", "caller": "libmetasec_ov.so+0xa101c"}
{"t": "HIT", "i": 19, "addr": "0x77e4fd7af0", "val": "d505fef3d387a950ed5d9e72e89d9911", "caller": "libmetasec_ov.so+0xa101c"}
{"t": "HIT", "i": 20, "addr": "0x77e4fcdfb0", "val": "41095ab04d460685a7d74e2e9f33f7a0", "caller": "libmetasec_ov.so+0xa101c"}
{"t": "mon", "hits": 20, "drvCalls": 87, "uniqAddr": 20, "lenHist": {"16": 29, "68": 29, "117": 2, "133": 1, "big": 26}, "addrs": {"0x77e4e108a0": 1, "0x77e4e1b310": 1, "0x77e4e6cc10": 1, "0x77e4e884b0": 1, "0x77e4e87af0": 1, "0x77e4bc76c0": 1, "0x77e4bbf230": 1, "0x77e4e705d0": 1, "0x77e4fcf060": 1, "0x77e4fe5290": 1, "0x77e500a1f0": 1, "0x77e5011360": 1, "0x77e50184a0": 1, "0x77e5029330": 1, "0x77e50315b0": 1, "0x77e50300e0": 1, "0x77e502a380": 1, "0x77e5033470": 1, "0x77e4fd7af0": 1, "0x77e4fcdfb0": 1}}
{"t": "HIT", "i": 21, "addr": "0x77e5042d40", "val": "ff91d5d5f2b6b64e1e854990f5f3affd", "caller": "libmetasec_ov.so+0xa101c"}
{"t": "HIT", "i": 22, "addr": "0x77e5053cf0", "val": "5f69f3c6da0f8c5ec77a3379815a1a75", "caller": "libmetasec_ov.so+0xa101c"}
{"t": "mon", "hits": 22, "drvCalls": 93, "uniqAddr": 22, "lenHist": {"16": 31, "68": 31, "117": 2, "133": 1, "big": 28}, "addrs": {"0x77e4e108a0": 1, "0x77e4e1b310": 1, "0x77e4e6cc10": 1, "0x77e4e884b0": 1, "0x77e4e87af0": 1, "0x77e4bc76c0": 1, "0x77e4bbf230": 1, "0x77e4e705d0": 1, "0x77e4fcf060": 1, "0x77e4fe5290": 1, "0x77e500a1f0": 1, "0x77e5011360": 1, "0x77e50184a0": 1, "0x77e5029330": 1, "0x77e50315b0": 1, "0x77e50300e0": 1, "0x77e502a380": 1, "0x77e5033470": 1, "0x77e4fd7af0": 1, "0x77e4fcdfb0": 1, "0x77e5042d40": 1, "0x77e5053cf0": 1}}
{"t": "HIT", "i": 23, "addr": "0x77e50b8d00", "val": "b8591fcb8d86ff40ed3989462a588bf1", "caller": "libmetasec_ov.so+0xa101c"}
{"t": "HIT", "i": 24, "addr": "0x77e50ca100", "val": "b068cb3d5914badba983e40e53d35512", "caller": "libmetasec_ov.so+0xa101c"}
{"t": "mon", "hits": 24, "drvCalls": 102, "uniqAddr": 24, "lenHist": {"16": 34, "68": 34, "117": 2, "133": 1, "big": 31}, "addrs": {"0x77e4e108a0": 1, "0x77e4e1b310": 1, "0x77e4e6cc10": 1, "0x77e4e884b0": 1, "0x77e4e87af0": 1, "0x77e4bc76c0": 1, "0x77e4bbf230": 1, "0x77e4e705d0": 1, "0x77e4fcf060": 1, "0x77e4fe5290": 1, "0x77e500a1f0": 1, "0x77e5011360": 1, "0x77e50184a0": 1, "0x77e5029330": 1, "0x77e50315b0": 1, "0x77e50300e0": 1, "0x77e502a380": 1, "0x77e5033470": 1, "0x77e4fd7af0": 1, "0x77e4fcdfb0": 1, "0x77e5042d40": 1, "0x77e5053cf0": 1, "0x77e50b8d00": 1, "0x77e50ca100": 1}}
{"t": "HIT", "i": 25, "addr": "0x77e50d62b0", "val": "fccea7adab1cbef798414489ab396a3c", "caller": "libmetasec_ov.so+0xa101c"}
{"t": "mon", "hits": 25, "drvCalls": 114, "uniqAddr": 25, "lenHist": {"16": 38, "68": 38, "117": 2, "133": 1, "167": 1, "big": 34}, "addrs": {"0x77e4e108a0": 1, "0x77e4e1b310": 1, "0x77e4e6cc10": 1, "0x77e4e884b0": 1, "0x77e4e87af0": 1, "0x77e4bc76c0": 1, "0x77e4bbf230": 1, "0x77e4e705d0": 1, "0x77e4fcf060": 1, "0x77e4fe5290": 1, "0x77e500a1f0": 1, "0x77e5011360": 1, "0x77e50184a0": 1, "0x77e5029330": 1, "0x77e50315b0": 1, "0x77e50300e0": 1, "0x77e502a380": 1, "0x77e5033470": 1, "0x77e4fd7af0": 1, "0x77e4fcdfb0": 1, "0x77e5042d40": 1, "0x77e5053cf0": 1, "0x77e50b8d00": 1, "0x77e50ca100": 1, "0x77e50d62b0": 1}}
{"t": "HIT", "i": 26, "addr": "0x77e50fc2c0", "val": "851dbc7109471d9b56f8c9c29ca143db", "caller": "libmetasec_ov.so+0xa101c"}
{"t": "HIT", "i": 27, "addr": "0x77e5132410", "val": "5ac4ae21a325c253a40b45ee3deb917f", "caller": "libmetasec_ov.so+0xa101c"}
{"t": "mon", "hits": 27, "drvCalls": 120, "uniqAddr": 27, "lenHist": {"16": 40, "68": 40, "117": 2, "133": 1, "167": 1, "big": 36}, "addrs": {"0x77e4e108a0": 1, "0x77e4e1b310": 1, "0x77e4e6cc10": 1, "0x77e4e884b0": 1, "0x77e4e87af0": 1, "0x77e4bc76c0": 1, "0x77e4bbf230": 1, "0x77e4e705d0": 1, "0x77e4fcf060": 1, "0x77e4fe5290": 1, "0x77e500a1f0": 1, "0x77e5011360": 1, "0x77e50184a0": 1, "0x77e5029330": 1, "0x77e50315b0": 1, "0x77e50300e0": 1, "0x77e502a380": 1, "0x77e5033470": 1, "0x77e4fd7af0": 1, "0x77e4fcdfb0": 1, "0x77e5042d40": 1, "0x77e5053cf0": 1, "0x77e50b8d00": 1, "0x77e50ca100": 1, "0x77e50d62b0": 1, "0x77e50fc2c0": 1, "0x77e5132410": 1}}
{"t": "HIT", "i": 28, "addr": "0x77e4f34140", "val": "e81ea983880553838e8cfc26f9e43773", "caller": "libmetasec_ov.so+0xa101c"}
{"t": "HIT", "i": 29, "addr": "0x77e4e5b600", "val": "051afb6b2a4b02cdb42d28ab0f81b736", "caller": "libmetasec_ov.so+0xa101c"}
{"t": "HIT", "i": 30, "addr": "0x77e4f33de0", "val": "5b994a5d54cc592418fe2acc63c19df6", "caller": "libmetasec_ov.so+0xa101c"}
{"t": "mon", "hits": 30, "drvCalls": 135, "uniqAddr": 30, "lenHist": {"16": 45, "68": 45, "117": 2, "133": 1, "167": 1, "big": 41}, "addrs": {"0x77e4e108a0": 1, "0x77e4e1b310": 1, "0x77e4e6cc10": 1, "0x77e4e884b0": 1, "0x77e4e87af0": 1, "0x77e4bc76c0": 1, "0x77e4bbf230": 1, "0x77e4e705d0": 1, "0x77e4fcf060": 1, "0x77e4fe5290": 1, "0x77e500a1f0": 1, "0x77e5011360": 1, "0x77e50184a0": 1, "0x77e5029330": 1, "0x77e50315b0": 1, "0x77e50300e0": 1, "0x77e502a380": 1, "0x77e5033470": 1, "0x77e4fd7af0": 1, "0x77e4fcdfb0": 1, "0x77e5042d40": 1, "0x77e5053cf0": 1, "0x77e50b8d00": 1, "0x77e50ca100": 1, "0x77e50d62b0": 1, "0x77e50fc2c0": 1, "0x77e5132410": 1, "0x77e4f34140": 1, "0x77e4e5b600": 1, "0x77e4f33de0": 1}}
{"t": "mon", "hits": 30, "drvCalls": 138, "uniqAddr": 30, "lenHist": {"16": 46, "68": 46, "117": 2, "133": 1, "167": 1, "big": 42}, "addrs": {"0x77e4e108a0": 1, "0x77e4e1b310": 1, "0x77e4e6cc10": 1, "0x77e4e884b0": 1, "0x77e4e87af0": 1, "0x77e4bc76c0": 1, "0x77e4bbf230": 1, "0x77e4e705d0": 1, "0x77e4fcf060": 1, "0x77e4fe5290": 1, "0x77e500a1f0": 1, "0x77e5011360": 1, "0x77e50184a0": 1, "0x77e5029330": 1, "0x77e50315b0": 1, "0x77e50300e0": 1, "0x77e502a380": 1, "0x77e5033470": 1, "0x77e4fd7af0": 1, "0x77e4fcdfb0": 1, "0x77e5042d40": 1, "0x77e5053cf0": 1, "0x77e50b8d00": 1, "0x77e50ca100": 1, "0x77e50d62b0": 1, "0x77e50fc2c0": 1, "0x77e5132410": 1, "0x77e4f34140": 1, "0x77e4e5b600": 1, "0x77e4f33de0": 1}}
{"t": "mon", "hits": 30, "drvCalls": 138, "uniqAddr": 30, "lenHist": {"16": 46, "68": 46, "117": 2, "133": 1, "167": 1, "big": 42}, "addrs": {"0x77e4e108a0": 1, "0x77e4e1b310": 1, "0x77e4e6cc10": 1, "0x77e4e884b0": 1, "0x77e4e87af0": 1, "0x77e4bc76c0": 1, "0x77e4bbf230": 1, "0x77e4e705d0": 1, "0x77e4fcf060": 1, "0x77e4fe5290": 1, "0x77e500a1f0": 1, "0x77e5011360": 1, "0x77e50184a0": 1, "0x77e5029330": 1, "0x77e50315b0": 1, "0x77e50300e0": 1, "0x77e502a380": 1, "0x77e5033470": 1, "0x77e4fd7af0": 1, "0x77e4fcdfb0": 1, "0x77e5042d40": 1, "0x77e5053cf0": 1, "0x77e50b8d00": 1, "0x77e50ca100": 1, "0x77e50d62b0": 1, "0x77e50fc2c0": 1, "0x77e5132410": 1, "0x77e4f34140": 1, "0x77e4e5b600": 1, "0x77e4f33de0": 1}}
{"t": "HIT", "i": 31, "addr": "0x77e504ef50", "val": "bc8a692e2d80c27b1234836febf7e5b6", "caller": "libmetasec_ov.so+0xa101c"}
[*] done
