[*] spawned 9679
{"t": "info", "msg": "mmap hooked at load"}
{"t": "MMAP", "rec": {"size": "0x82c67", "ret": "0x75e8a29000", "caller": "libjavacore.so+0x2b1ec", "rawcaller": "0x765542b1ec"}}
{"t": "MMAP", "rec": {"size": "0xfe000", "ret": "0x75e08c2000", "caller": "libc.so+0xcafe4", "rawcaller": "0x792434bfe4"}}
{"t": "MMAP", "rec": {"size": "0x1000000", "ret": "0x75df8c2000", "caller": "libc.so+0xcad4c", "rawcaller": "0x792434bd4c"}}
{"t": "MMAP", "rec": {"size": "0x1405a000", "ret": "0x75c9942000", "caller": "libartbase.so+0x2540c", "rawcaller": "0x7662f6440c"}}
{"t": "MMAP", "rec": {"size": "0x81dbf28", "ret": "0x75c1400000", "caller": "libbase.so+0x3612c", "rawcaller": "0x791e9b612c"}}
{"t": "MMAP", "rec": {"size": "0x13dd000", "ret": "0xa205f000", "caller": "libartbase.so+0x267e0", "rawcaller": "0x7662f657e0"}}
{"t": "MMAP", "rec": {"size": "0x5af000", "ret": "0x75c9000000", "caller": "libartbase.so+0x2540c", "rawcaller": "0x7662f6440c"}}
{"t": "MMAP", "rec": {"size": "0x7895d1b", "ret": "0x75c1c00000", "caller": "libbase.so+0x3612c", "rawcaller": "0x791e9b612c"}}
{"t": "MMAP", "rec": {"size": "0x7895d1b", "ret": "0x75c1c00000", "caller": "libbase.so+0x3612c", "rawcaller": "0x791e9b612c"}}
{"t": "MMAP", "rec": {"size": "0x7895d1b", "ret": "0x75c1c00000", "caller": "libbase.so+0x3612c", "rawcaller": "0x791e9b612c"}}
{"t": "MMAP", "rec": {"size": "0x81dbf28", "ret": "0x75c1400000", "caller": "libbase.so+0x3612c", "rawcaller": "0x791e9b612c"}}
{"t": "MMAP", "rec": {"size": "0xfe000", "ret": "0x75df6e3000", "caller": "libc.so+0xcafe4", "rawcaller": "0x792434bfe4"}}
{"t": "MMAP", "rec": {"size": "0x1000000", "ret": "0x75c8641000", "caller": "libc.so+0xcad4c", "rawcaller": "0x792434bd4c"}}
{"t": "MMAP", "rec": {"size": "0x10a000", "ret": "0x75c8537000", "caller": "libc.so+0xcafe4", "rawcaller": "0x792434bfe4"}}
{"t": "MMAP", "rec": {"size": "0x140f12", "ret": "0x75c83f6000", "caller": "libbase.so+0x25a9c", "rawcaller": "0x7902baca9c"}}
{"t": "MMAP", "rec": {"size": "0x445430", "ret": "0x75c7edd000", "caller": "libutils.so+0x1967c", "rawcaller": "0x791e7db67c"}}
{"t": "MMAP", "rec": {"size": "0x1000000", "ret": "0x75c6edd000", "caller": "libc.so+0xcad4c", "rawcaller": "0x792434bd4c"}}
{"t": "MMAP", "rec": {"size": "0x10a000", "ret": "0x75c6dd3000", "caller": "libc.so+0xcafe4", "rawcaller": "0x792434bfe4"}}
{"t": "MMAP", "rec": {"size": "0x10a000", "ret": "0x75c6cc9000", "caller": "libc.so+0xcafe4", "rawcaller": "0x792434bfe4"}}
{"t": "MMAP", "rec": {"size": "0x1000000", "ret": "0x75c5cc9000", "caller": "libc.so+0xcad4c", "rawcaller": "0x792434bd4c"}}
{"t": "MMAP", "rec": {"size": "0x10a000", "ret": "0x75c5bbf000", "caller": "libc.so+0xcafe4", "rawcaller": "0x792434bfe4"}}
{"t": "MMAP", "rec": {"size": "0x1000000", "ret": "0x75c4bbf000", "caller": "libc.so+0xcad4c", "rawcaller": "0x792434bd4c"}}
{"t": "MMAP", "rec": {"size": "0x10a000", "ret": "0x75c4ab5000", "caller": "libc.so+0xcafe4", "rawcaller": "0x792434bfe4"}}
{"t": "MMAP", "rec": {"size": "0x10a000", "ret": "0x75c49ab000", "caller": "libc.so+0xcafe4", "rawcaller": "0x792434bfe4"}}
{"t": "MMAP", "rec": {"size": "0x1000000", "ret": "0x75c39ab000", "caller": "libc.so+0xcad4c", "rawcaller": "0x792434bd4c"}}
{"t": "MMAP", "rec": {"size": "0x10a000", "ret": "0x75c38a1000", "caller": "libc.so+0xcafe4", "rawcaller": "0x792434bfe4"}}
{"t": "MMAP", "rec": {"size": "0x10a000", "ret": "0x75c3797000", "caller": "libc.so+0xcafe4", "rawcaller": "0x792434bfe4"}}
{"t": "MMAP", "rec": {"size": "0x1000000", "ret": "0x75c3ab5000", "caller": "libc.so+0xcad4c", "rawcaller": "0x792434bd4c"}}
{"t": "MMAP", "rec": {"size": "0x1000000", "ret": "0x75c2797000", "caller": "libc.so+0xcad4c", "rawcaller": "0x792434bd4c"}}
{"t": "MMAP", "rec": {"size": "0x1000000", "ret": "0x75c1797000", "caller": "libc.so+0xcad4c", "rawcaller": "0x792434bd4c"}}
{"t": "MMAP", "rec": {"size": "0x1000000", "ret": "0x75c0797000", "caller": "libc.so+0xcad4c", "rawcaller": "0x792434bd4c"}}
{"t": "MMAP", "rec": {"size": "0x10a000", "ret": "0x75c39ab000", "caller": "libc.so+0xcafe4", "rawcaller": "0x792434bfe4"}}
{"t": "MMAP", "rec": {"size": "0x1000000", "ret": "0x75bf797000", "caller": "libc.so+0xcad4c", "rawcaller": "0x792434bd4c"}}
{"t": "MMAP", "rec": {"size": "0x10a000", "ret": "0x75bf68d000", "caller": "libc.so+0xcafe4", "rawcaller": "0x792434bfe4"}}
{"t": "MMAP", "rec": {"size": "0x10a000", "ret": "0x75c39ab000", "caller": "libc.so+0xcafe4", "rawcaller": "0x792434bfe4"}}
{"t": "MMAP", "rec": {"size": "0x1000000", "ret": "0x75bf797000", "caller": "libc.so+0xcad4c", "rawcaller": "0x792434bd4c"}}
{"t": "MMAP", "rec": {"size": "0x1000000", "ret": "0x75be68d000", "caller": "libc.so+0xcad4c", "rawcaller": "0x792434bd4c"}}
{"t": "MMAP", "rec": {"size": "0x10a000", "ret": "0x75be583000", "caller": "libc.so+0xcafe4", "rawcaller": "0x792434bfe4"}}
{"t": "MMAP", "rec": {"size": "0xfe000", "ret": "0x75be485000", "caller": "libc.so+0xcafe4", "rawcaller": "0x792434bfe4"}}
{"t": "MMAP", "rec": {"size": "0x1000000", "ret": "0x75bd485000", "caller": "libc.so+0xcad4c", "rawcaller": "0x792434bd4c"}}
{"t": "MMAP", "rec": {"size": "0x1000000", "ret": "0x75bacce000", "caller": "libc.so+0xcad4c", "rawcaller": "0x792434bd4c"}}
{"t": "MMAP", "rec": {"size": "0xfe000", "ret": "0x75be485000", "caller": "libc.so+0xcafe4", "rawcaller": "0x792434bfe4"}}
{"t": "MMAP", "rec": {"size": "0x1000000", "ret": "0x75bd485000", "caller": "libc.so+0xcad4c", "rawcaller": "0x792434bd4c"}}
{"t": "MMAP", "rec": {"size": "0x10a000", "ret": "0x75be583000", "caller": "libc.so+0xcafe4", "rawcaller": "0x792434bfe4"}}
{"t": "MMAP", "rec": {"size": "0x10a000", "ret": "0x75be479000", "caller": "libc.so+0xcafe4", "rawcaller": "0x792434bfe4"}}
{"t": "MMAP", "rec": {"size": "0x1000000", "ret": "0x75bd479000", "caller": "libc.so+0xcad4c", "rawcaller": "0x792434bd4c"}}
{"t": "MMAP", "rec": {"size": "0x1000000", "ret": "0x75baca6000", "caller": "libc.so+0xcad4c", "rawcaller": "0x792434bd4c"}}
{"t": "MMAP", "rec": {"size": "0x10a000", "ret": "0x75bab9c000", "caller": "libc.so+0xcafe4", "rawcaller": "0x792434bfe4"}}
{"t": "MMAP", "rec": {"size": "0x1000000", "ret": "0x75b8c94000", "caller": "libc.so+0xcad4c", "rawcaller": "0x792434bd4c"}}
{"t": "MMAP", "rec": {"size": "0x10a000", "ret": "0x75b8b8a000", "caller": "libc.so+0xcafe4", "rawcaller": "0x792434bfe4"}}
{"t": "MMAP", "rec": {"size": "0x10a000", "ret": "0x75b8a80000", "caller": "libc.so+0xcafe4", "rawcaller": "0x792434bfe4"}}
{"t": "MMAP", "rec": {"size": "0x1000000", "ret": "0x75b7a80000", "caller": "libc.so+0xcad4c", "rawcaller": "0x792434bd4c"}}
{"t": "MMAP", "rec": {"size": "0x80000", "ret": "0x75b9d80000", "caller": "libkeva.so+0x308d0", "rawcaller": "0x75c83908d0"}}
{"t": "MMAP", "rec": {"size": "0x127000", "ret": "0x75b7959000", "caller": "libc.so+0x54ca4", "rawcaller": "0x79242d5ca4"}}
{"t": "MMAP", "rec": {"size": "0x125000", "ret": "0x75b795a000", "caller": "libc.so+0x54ca4", "rawcaller": "0x79242d5ca4"}}
{"t": "MMAP", "rec": {"size": "0x1000000", "ret": "0x75b6959000", "caller": "libc.so+0xcad4c", "rawcaller": "0x792434bd4c"}}
{"t": "MMAP", "rec": {"size": "0x10a000", "ret": "0x75b684f000", "caller": "libc.so+0xcafe4", "rawcaller": "0x792434bfe4"}}
{"t": "MMAP", "rec": {"size": "0x18f000", "ret": "0x75b9b05000", "caller": "libkeva.so+0x308d0", "rawcaller": "0x75c83908d0"}}
{"t": "MMAP", "rec": {"size": "0x10a000", "ret": "0x75b6745000", "caller": "libc.so+0xcafe4", "rawcaller": "0x792434bfe4"}}
{"t": "MMAP", "rec": {"size": "0x1000000", "ret": "0x75b5745000", "caller": "libc.so+0xcad4c", "rawcaller": "0x792434bd4c"}}
{"t": "MMAP", "rec": {"size": "0x10a000", "ret": "0x75bab9c000", "caller": "libc.so+0xcafe4", "rawcaller": "0x792434bfe4"}}
{"t": "MMAP", "rec": {"size": "0x10a000", "ret": "0x75b99fb000", "caller": "libc.so+0xcafe4", "rawcaller": "0x792434bfe4"}}
{"t": "MMAP", "rec": {"size": "0x1000000", "ret": "0x75b4745000", "caller": "libc.so+0xcad4c", "rawcaller": "0x792434bd4c"}}
{"t": "MMAP", "rec": {"size": "0x1000000", "ret": "0x75b3745000", "caller": "libc.so+0xcad4c", "rawcaller": "0x792434bd4c"}}
{"t": "MMAP", "rec": {"size": "0x10a000", "ret": "0x75b98f1000", "caller": "libc.so+0xcafe4", "rawcaller": "0x792434bfe4"}}
{"t": "MMAP", "rec": {"size": "0x1000000", "ret": "0x75b2745000", "caller": "libc.so+0xcad4c", "rawcaller": "0x792434bd4c"}}
{"t": "MMAP", "rec": {"size": "0x1000000", "ret": "0x75b1745000", "caller": "libc.so+0xcad4c", "rawcaller": "0x792434bd4c"}}
{"t": "MMAP", "rec": {"size": "0x10a000", "ret": "0x75b97e7000", "caller": "libc.so+0xcafe4", "rawcaller": "0x792434bfe4"}}
{"t": "MMAP", "rec": {"size": "0x10a000", "ret": "0x75b96dd000", "caller": "libc.so+0xcafe4", "rawcaller": "0x792434bfe4"}}
{"t": "MMAP", "rec": {"size": "0x1000000", "ret": "0x75b0745000", "caller": "libc.so+0xcad4c", "rawcaller": "0x792434bd4c"}}
{"t": "MMAP", "rec": {"size": "0x1000000", "ret": "0x75af745000", "caller": "libc.so+0xcad4c", "rawcaller": "0x792434bd4c"}}
{"t": "MMAP", "rec": {"size": "0x10a000", "ret": "0x75b95d3000", "caller": "libc.so+0xcafe4", "rawcaller": "0x792434bfe4"}}
{"t": "MMAP", "rec": {"size": "0x10a000", "ret": "0x75b94c9000", "caller": "libc.so+0xcafe4", "rawcaller": "0x792434bfe4"}}
{"t": "MMAP", "rec": {"size": "0x1000000", "ret": "0x75ae745000", "caller": "libc.so+0xcad4c", "rawcaller": "0x792434bd4c"}}
{"t": "MMAP", "rec": {"size": "0x10a000", "ret": "0x75b93bf000", "caller": "libc.so+0xcafe4", "rawcaller": "0x792434bfe4"}}
{"t": "MMAP", "rec": {"size": "0x10a000", "ret": "0x75b92b5000", "caller": "libc.so+0xcafe4", "rawcaller": "0x792434bfe4"}}
{"t": "MMAP", "rec": {"size": "0x1000000", "ret": "0x75ad745000", "caller": "libc.so+0xcad4c", "rawcaller": "0x792434bd4c"}}
{"t": "MMAP", "rec": {"size": "0x10a000", "ret": "0x75b9094000", "caller": "libc.so+0xcafe4", "rawcaller": "0x792434bfe4"}}
{"t": "MMAP", "rec": {"size": "0x1000000", "ret": "0x75ac745000", "caller": "libc.so+0xcad4c", "rawcaller": "0x792434bd4c"}}
{"t": "MMAP", "rec": {"size": "0x10a000", "ret": "0x75b8f8a000", "caller": "libc.so+0xcafe4", "rawcaller": "0x792434bfe4"}}
{"t": "MMAP", "rec": {"size": "0x1000000", "ret": "0x75ab745000", "caller": "libc.so+0xcad4c", "rawcaller": "0x792434bd4c"}}
{"t": "MMAP", "rec": {"size": "0x10a000", "ret": "0x75b8e80000", "caller": "libc.so+0xcafe4", "rawcaller": "0x792434bfe4"}}
{"t": "MMAP", "rec": {"size": "0x10a000", "ret": "0x75b8d76000", "caller": "libc.so+0xcafe4", "rawcaller": "0x792434bfe4"}}
{"t": "MMAP", "rec": {"size": "0x1000000", "ret": "0x75aa745000", "caller": "libc.so+0xcad4c", "rawcaller": "0x792434bd4c"}}
{"t": "MMAP", "rec": {"size": "0x10a000", "ret": "0x75aa63b000", "caller": "libc.so+0xcafe4", "rawcaller": "0x792434bfe4"}}
{"t": "MMAP", "rec": {"size": "0x1000000", "ret": "0x75a963b000", "caller": "libc.so+0xcad4c", "rawcaller": "0x792434bd4c"}}
{"t": "MMAP", "rec": {"size": "0x1000000", "ret": "0x75a863b000", "caller": "libc.so+0xcad4c", "rawcaller": "0x792434bd4c"}}
{"t": "MMAP", "rec": {"size": "0x1000000", "ret": "0x75a763b000", "caller": "libc.so+0xcad4c", "rawcaller": "0x792434bd4c"}}
{"t": "MMAP", "rec": {"size": "0x10a000", "ret": "0x75a7531000", "caller": "libc.so+0xcafe4", "rawcaller": "0x792434bfe4"}}
{"t": "MMAP", "rec": {"size": "0x10a000", "ret": "0x75a7427000", "caller": "libc.so+0xcafe4", "rawcaller": "0x792434bfe4"}}
{"t": "MMAP", "rec": {"size": "0xfe000", "ret": "0x75a71aa000", "caller": "libc.so+0xcafe4", "rawcaller": "0x792434bfe4"}}
{"t": "MMAP", "rec": {"size": "0x1000000", "ret": "0x75a61aa000", "caller": "libc.so+0xcad4c", "rawcaller": "0x792434bd4c"}}
{"t": "MMAP", "rec": {"size": "0x1000000", "ret": "0x75a51aa000", "caller": "libc.so+0xcad4c", "rawcaller": "0x792434bd4c"}}
{"t": "MMAP", "rec": {"size": "0x10a000", "ret": "0x75a50a0000", "caller": "libc.so+0xcafe4", "rawcaller": "0x792434bfe4"}}
{"t": "MMAP", "rec": {"size": "0x10a000", "ret": "0x75a4f96000", "caller": "libc.so+0xcafe4", "rawcaller": "0x792434bfe4"}}
{"t": "MMAP", "rec": {"size": "0x10a000", "ret": "0x75a4e8c000", "caller": "libc.so+0xcafe4", "rawcaller": "0x792434bfe4"}}
{"t": "MMAP", "rec": {"size": "0x1000000", "ret": "0x75a3e8c000", "caller": "libc.so+0xcad4c", "rawcaller": "0x792434bd4c"}}
{"t": "MMAP", "rec": {"size": "0x1000000", "ret": "0x75a2e8c000", "caller": "libc.so+0xcad4c", "rawcaller": "0x792434bd4c"}}
{"t": "MMAP", "rec": {"size": "0x1000000", "ret": "0x75a1e8c000", "caller": "libc.so+0xcad4c", "rawcaller": "0x792434bd4c"}}
{"t": "MMAP", "rec": {"size": "0x10a000", "ret": "0x75a1d82000", "caller": "libc.so+0xcafe4", "rawcaller": "0x792434bfe4"}}
{"t": "MMAP", "rec": {"size": "0x1000000", "ret": "0x759fc78000", "caller": "libc.so+0xcad4c", "rawcaller": "0x792434bd4c"}}
{"t": "MMAP", "rec": {"size": "0x1000000", "ret": "0x75a0c78000", "caller": "libc.so+0xcad4c", "rawcaller": "0x792434bd4c"}}
{"t": "MMAP", "rec": {"size": "0x10a000", "ret": "0x75a1c78000", "caller": "libc.so+0xcafe4", "rawcaller": "0x792434bfe4"}}
{"t": "MMAP", "rec": {"size": "0x10a000", "ret": "0x759c3b1000", "caller": "libc.so+0xcafe4", "rawcaller": "0x792434bfe4"}}
{"t": "MMAP", "rec": {"size": "0xfe000", "ret": "0x759c2b3000", "caller": "libc.so+0xcafe4", "rawcaller": "0x792434bfe4"}}
{"t": "MMAP", "rec": {"size": "0x1000000", "ret": "0x759a09f000", "caller": "libc.so+0xcad4c", "rawcaller": "0x792434bd4c"}}
{"t": "MMAP", "rec": {"size": "0x10a000", "ret": "0x7599e97000", "caller": "libc.so+0xcafe4", "rawcaller": "0x792434bfe4"}}
{"t": "MMAP", "rec": {"size": "0x10a000", "ret": "0x759c1a9000", "caller": "libc.so+0xcafe4", "rawcaller": "0x792434bfe4"}}
{"t": "MMAP", "rec": {"size": "0x10a000", "ret": "0x759c09f000", "caller": "libc.so+0xcafe4", "rawcaller": "0x792434bfe4"}}
{"t": "MMAP", "rec": {"size": "0x1000000", "ret": "0x7598e97000", "caller": "libc.so+0xcad4c", "rawcaller": "0x792434bd4c"}}
{"t": "MMAP", "rec": {"size": "0xfe000", "ret": "0x7599fa1000", "caller": "libc.so+0xcafe4", "rawcaller": "0x792434bfe4"}}
{"t": "MMAP", "rec": {"size": "0x10a000", "ret": "0x7598c2e000", "caller": "libc.so+0xcafe4", "rawcaller": "0x792434bfe4"}}
{"t": "MMAP", "rec": {"size": "0x10a000", "ret": "0x7598b24000", "caller": "libc.so+0xcafe4", "rawcaller": "0x792434bfe4"}}
{"t": "MMAP", "rec": {"size": "0x1000000", "ret": "0x7596b24000", "caller": "libc.so+0xcad4c", "rawcaller": "0x792434bd4c"}}
{"t": "MMAP", "rec": {"size": "0x1000000", "ret": "0x759b09f000", "caller": "libc.so+0xcad4c", "rawcaller": "0x792434bd4c"}}
{"t": "MMAP", "rec": {"size": "0x1000000", "ret": "0x7597b24000", "caller": "libc.so+0xcad4c", "rawcaller": "0x792434bd4c"}}
{"t": "MMAP", "rec": {"size": "0x1000000", "ret": "0x7596b24000", "caller": "libc.so+0xcad4c", "rawcaller": "0x792434bd4c"}}
{"t": "MMAP", "rec": {"size": "0x10a000", "ret": "0x7596a1a000", "caller": "libc.so+0xcafe4", "rawcaller": "0x792434bfe4"}}
{"t": "MMAP", "rec": {"size": "0x1000000", "ret": "0x7595a1a000", "caller": "libc.so+0xcad4c", "rawcaller": "0x792434bd4c"}}
{"t": "MMAP", "rec": {"size": "0x1000000", "ret": "0x7594a1a000", "caller": "libc.so+0xcad4c", "rawcaller": "0x792434bd4c"}}
{"t": "MMAP", "rec": {"size": "0x10a000", "ret": "0x7598d38000", "caller": "libc.so+0xcafe4", "rawcaller": "0x792434bfe4"}}
{"t": "MMAP", "rec": {"size": "0x10a000", "ret": "0x7594910000", "caller": "libc.so+0xcafe4", "rawcaller": "0x792434bfe4"}}
{"t": "MMAP", "rec": {"size": "0x1000000", "ret": "0x7593910000", "caller": "libc.so+0xcad4c", "rawcaller": "0x792434bd4c"}}
{"t": "MMAP", "rec": {"size": "0x1000000", "ret": "0x7596b24000", "caller": "libc.so+0xcad4c", "rawcaller": "0x792434bd4c"}}
{"t": "MMAP", "rec": {"size": "0x10a000", "ret": "0x7593806000", "caller": "libc.so+0xcafe4", "rawcaller": "0x792434bfe4"}}
{"t": "MMAP", "rec": {"size": "0x1000000", "ret": "0x7592806000", "caller": "libc.so+0xcad4c", "rawcaller": "0x792434bd4c"}}
{"t": "MMAP", "rec": {"size": "0x1000000", "ret": "0x7591806000", "caller": "libc.so+0xcad4c", "rawcaller": "0x792434bd4c"}}
{"t": "MMAP", "rec": {"size": "0x10a000", "ret": "0x75916fc000", "caller": "libc.so+0xcafe4", "rawcaller": "0x792434bfe4"}}
{"t": "MMAP", "rec": {"size": "0x1000000", "ret": "0x75906fc000", "caller": "libc.so+0xcad4c", "rawcaller": "0x792434bd4c"}}
{"t": "MMAP", "rec": {"size": "0x10a000", "ret": "0x75905f2000", "caller": "libc.so+0xcafe4", "rawcaller": "0x792434bfe4"}}
{"t": "MMAP", "rec": {"size": "0x1000000", "ret": "0x758f5f2000", "caller": "libc.so+0xcad4c", "rawcaller": "0x792434bd4c"}}
{"t": "MMAP", "rec": {"size": "0x1000000", "ret": "0x758e5f2000", "caller": "libc.so+0xcad4c", "rawcaller": "0x792434bd4c"}}
{"t": "MMAP", "rec": {"size": "0x10a000", "ret": "0x758e4e8000", "caller": "libc.so+0xcafe4", "rawcaller": "0x792434bfe4"}}
{"t": "MMAP", "rec": {"size": "0x1000000", "ret": "0x758c4e8000", "caller": "libc.so+0xcad4c", "rawcaller": "0x792434bd4c"}}
{"t": "MMAP", "rec": {"size": "0x1000000", "ret": "0x758d4e8000", "caller": "libc.so+0xcad4c", "rawcaller": "0x792434bd4c"}}
{"t": "MMAP", "rec": {"size": "0x10a000", "ret": "0x758c3de000", "caller": "libc.so+0xcafe4", "rawcaller": "0x792434bfe4"}}
{"t": "MMAP", "rec": {"size": "0x10a000", "ret": "0x758c2d4000", "caller": "libc.so+0xcafe4", "rawcaller": "0x792434bfe4"}}
{"t": "MMAP", "rec": {"size": "0x10a000", "ret": "0x758c1ca000", "caller": "libc.so+0xcafe4", "rawcaller": "0x792434bfe4"}}
{"t": "MMAP", "rec": {"size": "0x1000000", "ret": "0x758b1ca000", "caller": "libc.so+0xcad4c", "rawcaller": "0x792434bd4c"}}
{"t": "MMAP", "rec": {"size": "0x10a000", "ret": "0x758a0c0000", "caller": "libc.so+0xcafe4", "rawcaller": "0x792434bfe4"}}
{"t": "MMAP", "rec": {"size": "0x1000000", "ret": "0x758a1ca000", "caller": "libc.so+0xcad4c", "rawcaller": "0x792434bd4c"}}
{"t": "MMAP", "rec": {"size": "0x1000000", "ret": "0x75890c0000", "caller": "libc.so+0xcad4c", "rawcaller": "0x792434bd4c"}}
{"t": "MMAP", "rec": {"size": "0x10a000", "ret": "0x7588fb6000", "caller": "libc.so+0xcafe4", "rawcaller": "0x792434bfe4"}}
{"t": "MMAP", "rec": {"size": "0x1000000", "ret": "0x7587fb6000", "caller": "libc.so+0xcad4c", "rawcaller": "0x792434bd4c"}}
{"t": "MMAP", "rec": {"size": "0x10a000", "ret": "0x7586eac000", "caller": "libc.so+0xcafe4", "rawcaller": "0x792434bfe4"}}
{"t": "MMAP", "rec": {"size": "0x1000000", "ret": "0x7586fb6000", "caller": "libc.so+0xcad4c", "rawcaller": "0x792434bd4c"}}
{"t": "MMAP", "rec": {"size": "0x10a000", "ret": "0x7586da2000", "caller": "libc.so+0xcafe4", "rawcaller": "0x792434bfe4"}}
{"t": "MMAP", "rec": {"size": "0x1000000", "ret": "0x7583c10000", "caller": "libc.so+0xcad4c", "rawcaller": "0x792434bd4c"}}
{"t": "MMAP", "rec": {"size": "0x10a000", "ret": "0x7586c98000", "caller": "libc.so+0xcafe4", "rawcaller": "0x792434bfe4"}}
{"t": "MMAP", "rec": {"size": "0x10a000", "ret": "0x7583b06000", "caller": "libc.so+0xcafe4", "rawcaller": "0x792434bfe4"}}
{"t": "MMAP", "rec": {"size": "0x10a000", "ret": "0x757e1ec000", "caller": "libc.so+0xcafe4", "rawcaller": "0x792434bfe4"}}
{"t": "MMAP", "rec": {"size": "0x10a000", "ret": "0x757e0e2000", "caller": "libc.so+0xcafe4", "rawcaller": "0x792434bfe4"}}
{"t": "MMAP", "rec": {"size": "0x1000000", "ret": "0x757c487000", "caller": "libc.so+0xcad4c", "rawcaller": "0x792434bd4c"}}
{"t": "MMAP", "rec": {"size": "0x10a000", "ret": "0x757c37d000", "caller": "libc.so+0xcafe4", "rawcaller": "0x792434bfe4"}}
{"t": "MMAP", "rec": {"size": "0x1000000", "ret": "0x757b37d000", "caller": "libc.so+0xcad4c", "rawcaller": "0x792434bd4c"}}
{"t": "MMAP", "rec": {"size": "0x10a000", "ret": "0x757b273000", "caller": "libc.so+0xcafe4", "rawcaller": "0x792434bfe4"}}
{"t": "MMAP", "rec": {"size": "0x1000000", "ret": "0x757a273000", "caller": "libc.so+0xcad4c", "rawcaller": "0x792434bd4c"}}
{"t": "MMAP", "rec": {"size": "0x10a000", "ret": "0x757a169000", "caller": "libc.so+0xcafe4", "rawcaller": "0x792434bfe4"}}
{"t": "MMAP", "rec": {"size": "0x1000000", "ret": "0x757905f000", "caller": "libc.so+0xcad4c", "rawcaller": "0x792434bd4c"}}
{"t": "MMAP", "rec": {"size": "0x10a000", "ret": "0x7578f55000", "caller": "libc.so+0xcafe4", "rawcaller": "0x792434bfe4"}}
{"t": "MMAP", "rec": {"size": "0x10a000", "ret": "0x7578e4b000", "caller": "libc.so+0xcafe4", "rawcaller": "0x792434bfe4"}}
{"t": "MMAP", "rec": {"size": "0x1000000", "ret": "0x7577e4b000", "caller": "libc.so+0xcad4c", "rawcaller": "0x792434bd4c"}}
{"t": "MMAP", "rec": {"size": "0x1000000", "ret": "0x7576e4b000", "caller": "libc.so+0xcad4c", "rawcaller": "0x792434bd4c"}}
{"t": "MMAP", "rec": {"size": "0x1000000", "ret": "0x7575e4b000", "caller": "libc.so+0xcad4c", "rawcaller": "0x792434bd4c"}}
{"t": "MMAP", "rec": {"size": "0x10a000", "ret": "0x757a05f000", "caller": "libc.so+0xcafe4", "rawcaller": "0x792434bfe4"}}
{"t": "MMAP", "rec": {"size": "0x1000000", "ret": "0x7574d41000", "caller": "libc.so+0xcad4c", "rawcaller": "0x792434bd4c"}}
{"t": "MMAP", "rec": {"size": "0x10a000", "ret": "0x7574c37000", "caller": "libc.so+0xcafe4", "rawcaller": "0x792434bfe4"}}
{"t": "MMAP", "rec": {"size": "0x10a000", "ret": "0x7575d41000", "caller": "libc.so+0xcafe4", "rawcaller": "0x792434bfe4"}}
{"t": "MMAP", "rec": {"size": "0x1000000", "ret": "0x7573c37000", "caller": "libc.so+0xcad4c", "rawcaller": "0x792434bd4c"}}
{"t": "MMAP", "rec": {"size": "0x10a000", "ret": "0x7573b2d000", "caller": "libc.so+0xcafe4", "rawcaller": "0x792434bfe4"}}
{"t": "MMAP", "rec": {"size": "0x1000000", "ret": "0x7572b2d000", "caller": "libc.so+0xcad4c", "rawcaller": "0x792434bd4c"}}
{"t": "MMAP", "rec": {"size": "0x1000000", "ret": "0x7570b2d000", "caller": "libc.so+0xcad4c", "rawcaller": "0x792434bd4c"}}
{"t": "MMAP", "rec": {"size": "0x1000000", "ret": "0x7571b2d000", "caller": "libc.so+0xcad4c", "rawcaller": "0x792434bd4c"}}
{"t": "MMAP", "rec": {"size": "0x1000000", "ret": "0x756fb2d000", "caller": "libc.so+0xcad4c", "rawcaller": "0x792434bd4c"}}
{"t": "MMAP", "rec": {"size": "0x1000000", "ret": "0x756eb2d000", "caller": "libc.so+0xcad4c", "rawcaller": "0x792434bd4c"}}
{"t": "MMAP", "rec": {"size": "0x10a000", "ret": "0x756ea23000", "caller": "libc.so+0xcafe4", "rawcaller": "0x792434bfe4"}}
{"t": "MMAP", "rec": {"size": "0x1000000", "ret": "0x756da23000", "caller": "libc.so+0xcad4c", "rawcaller": "0x792434bd4c"}}
{"t": "MMAP", "rec": {"size": "0x10a000", "ret": "0x756d919000", "caller": "libc.so+0xcafe4", "rawcaller": "0x792434bfe4"}}
{"t": "MMAP", "rec": {"size": "0x10a000", "ret": "0x756d80f000", "caller": "libc.so+0xcafe4", "rawcaller": "0x792434bfe4"}}
{"t": "MMAP", "rec": {"size": "0x8c000", "ret": "0x7583a7a000", "caller": "libkeva.so+0x308d0", "rawcaller": "0x75c83908d0"}}
{"t": "MMAP", "rec": {"size": "0x10a000", "ret": "0x756d705000", "caller": "libc.so+0xcafe4", "rawcaller": "0x792434bfe4"}}
{"t": "MMAP", "rec": {"size": "0x1000000", "ret": "0x756c705000", "caller": "libc.so+0xcad4c", "rawcaller": "0x792434bd4c"}}
{"t": "MMAP", "rec": {"size": "0x10a000", "ret": "0x756c5fb000", "caller": "libc.so+0xcafe4", "rawcaller": "0x792434bfe4"}}
{"t": "MMAP", "rec": {"size": "0x1000000", "ret": "0x756b5fb000", "caller": "libc.so+0xcad4c", "rawcaller": "0x792434bd4c"}}
{"t": "MMAP", "rec": {"size": "0x1000000", "ret": "0x756a5fb000", "caller": "libc.so+0xcad4c", "rawcaller": "0x792434bd4c"}}
{"t": "MMAP", "rec": {"size": "0x1000000", "ret": "0x75695fb000", "caller": "libc.so+0xcad4c", "rawcaller": "0x792434bd4c"}}
{"t": "MMAP", "rec": {"size": "0x10a000", "ret": "0x75694f1000", "caller": "libc.so+0xcafe4", "rawcaller": "0x792434bfe4"}}
{"t": "MMAP", "rec": {"size": "0x1000000", "ret": "0x75684f1000", "caller": "libc.so+0xcad4c", "rawcaller": "0x792434bd4c"}}
{"t": "MMAP", "rec": {"size": "0x10a000", "ret": "0x75683e7000", "caller": "libc.so+0xcafe4", "rawcaller": "0x792434bfe4"}}
{"t": "MMAP", "rec": {"size": "0x1000000", "ret": "0x75673e7000", "caller": "libc.so+0xcad4c", "rawcaller": "0x792434bd4c"}}
{"t": "MMAP", "rec": {"size": "0xb53d4", "ret": "0x7567331000", "caller": "libbase.so+0x25a9c", "rawcaller": "0x7902baca9c"}}
{"t": "MMAP", "rec": {"size": "0x10a000", "ret": "0x75671cd000", "caller": "libc.so+0xcafe4", "rawcaller": "0x792434bfe4"}}
{"t": "MMAP", "rec": {"size": "0x6488e0", "ret": "0x7566982000", "caller": "libutils.so+0x1967c", "rawcaller": "0x791e7db67c"}}
{"t": "MMAP", "rec": {"size": "0x1000000", "ret": "0x7565539000", "caller": "libc.so+0xcad4c", "rawcaller": "0x792434bd4c"}}
{"t": "MMAP", "rec": {"size": "0x10a000", "ret": "0x7567006000", "caller": "libc.so+0xcafe4", "rawcaller": "0x792434bfe4"}}
{"t": "MMAP", "rec": {"size": "0x10a000", "ret": "0x7566878000", "caller": "libc.so+0xcafe4", "rawcaller": "0x792434bfe4"}}
{"t": "MMAP", "rec": {"size": "0x1000000", "ret": "0x7560013000", "caller": "libc.so+0xcad4c", "rawcaller": "0x792434bd4c"}}
{"t": "MMAP", "rec": {"size": "0x1000000", "ret": "0x755f013000", "caller": "libc.so+0xcad4c", "rawcaller": "0x792434bd4c"}}
{"t": "MMAP", "rec": {"size": "0x10a000", "ret": "0x756676e000", "caller": "libc.so+0xcafe4", "rawcaller": "0x792434bfe4"}}
{"t": "MMAP", "rec": {"size": "0x383000", "ret": "0x755ec90000", "caller": "libc.so+0x54ca4", "rawcaller": "0x79242d5ca4"}}
{"t": "MMAP", "rec": {"size": "0x381000", "ret": "0x755ec91000", "caller": "libc.so+0x54ca4", "rawcaller": "0x79242d5ca4"}}
{"t": "MMAP", "rec": {"size": "0x1000000", "ret": "0x755dc90000", "caller": "libc.so+0xcad4c", "rawcaller": "0x792434bd4c"}}
{"t": "MMAP", "rec": {"size": "0x88000", "ret": "0x75666e6000", "caller": "libc.so+0x54ca4", "rawcaller": "0x79242d5ca4"}}
{"t": "MMAP", "rec": {"size": "0x86000", "ret": "0x75666e7000", "caller": "libc.so+0x54ca4", "rawcaller": "0x79242d5ca4"}}
{"t": "MMAP", "rec": {"size": "0x10a000", "ret": "0x75665dc000", "caller": "libc.so+0xcafe4", "rawcaller": "0x792434bfe4"}}
{"t": "MMAP", "rec": {"size": "0xfe000", "ret": "0x756543b000", "caller": "libc.so+0xcafe4", "rawcaller": "0x792434bfe4"}}
{"t": "MMAP", "rec": {"size": "0x1000000", "ret": "0x755cc90000", "caller": "libc.so+0xcad4c", "rawcaller": "0x792434bd4c"}}
{"t": "MMAP", "rec": {"size": "0x1000000", "ret": "0x755bc90000", "caller": "libc.so+0xcad4c", "rawcaller": "0x792434bd4c"}}
{"t": "MMAP", "rec": {"size": "0xfe000", "ret": "0x7561502000", "caller": "libc.so+0xcafe4", "rawcaller": "0x792434bfe4"}}
{"t": "MMAP", "rec": {"size": "0x1000000", "ret": "0x755ac90000", "caller": "libc.so+0xcad4c", "rawcaller": "0x792434bd4c"}}
{"t": "MMAP", "rec": {"size": "0xfe000", "ret": "0x755ef15000", "caller": "libc.so+0xcafe4", "rawcaller": "0x792434bfe4"}}
{"t": "MMAP", "rec": {"size": "0x1000000", "ret": "0x7559c90000", "caller": "libc.so+0xcad4c", "rawcaller": "0x792434bd4c"}}
{"t": "MMAP", "rec": {"size": "0xfe000", "ret": "0x755ef15000", "caller": "libc.so+0xcafe4", "rawcaller": "0x792434bfe4"}}
{"t": "MMAP", "rec": {"size": "0x1000000", "ret": "0x7559c90000", "caller": "libc.so+0xcad4c", "rawcaller": "0x792434bd4c"}}
{"t": "MMAP", "rec": {"size": "0x10a000", "ret": "0x755ee0b000", "caller": "libc.so+0xcafe4", "rawcaller": "0x792434bfe4"}}
{"t": "MMAP", "rec": {"size": "0x756cfc", "ret": "0x7556776000", "caller": "libutils.so+0x1967c", "rawcaller": "0x791e7db67c"}}
{"t": "MMAP", "rec": {"size": "0x90000", "ret": "0x756654c000", "caller": "libc.so+0x54ca4", "rawcaller": "0x79242d5ca4"}}
{"t": "MMAP", "rec": {"size": "0x8e000", "ret": "0x756654d000", "caller": "libc.so+0x54ca4", "rawcaller": "0x79242d5ca4"}}
{"t": "info", "msg": "libmetasec base=0x7557001000 size=0x1ff000"}
{"t": "SELFMMAPS", "count": 0, "recs": []}
{"t": "MMAP", "rec": {"size": "0x1000000", "ret": "0x7555776000", "caller": "libc.so+0xcad4c", "rawcaller": "0x792434bd4c"}}
{"t": "MMAP", "rec": {"size": "0xbb000", "ret": "0x7563745000", "caller": "libc.so+0x54ca4", "rawcaller": "0x79242d5ca4"}}
{"t": "MMAP", "rec": {"size": "0x10a000", "ret": "0x755ed01000", "caller": "libc.so+0xcafe4", "rawcaller": "0x792434bfe4"}}
{"t": "MMAP", "rec": {"size": "0xb9000", "ret": "0x7563746000", "caller": "libc.so+0x54ca4", "rawcaller": "0x79242d5ca4"}}
{"t": "MMAP", "rec": {"size": "0x756cfc", "ret": "0x7554f76000", "caller": "libutils.so+0x1967c", "rawcaller": "0x791e7db67c"}}
{"t": "MMAP", "rec": {"size": "0x1000000", "ret": "0x7553f76000", "caller": "libc.so+0xcad4c", "rawcaller": "0x792434bd4c"}}
{"t": "MMAP", "rec": {"size": "0x7d35853", "ret": "0x754c200000", "caller": "libbase.so+0x3612c", "rawcaller": "0x791e9b612c"}}
{"t": "MMAP", "rec": {"size": "0x7d35853", "ret": "0x7541a00000", "caller": "libbase.so+0x3612c", "rawcaller": "0x791e9b612c"}}
{"t": "MMAP", "rec": {"size": "0x99000", "ret": "0x7561469000", "caller": "libc.so+0x54ca4", "rawcaller": "0x79242d5ca4"}}
{"t": "MMAP", "rec": {"size": "0x97000", "ret": "0x756146a000", "caller": "libc.so+0x54ca4", "rawcaller": "0x79242d5ca4"}}
{"t": "MMAP", "rec": {"size": "0x1c1000", "ret": "0x7553db5000", "caller": "libc.so+0x54ca4", "rawcaller": "0x79242d5ca4"}}
{"t": "MMAP", "rec": {"size": "0x1bf000", "ret": "0x7553db6000", "caller": "libc.so+0x54ca4", "rawcaller": "0x79242d5ca4"}}
{"t": "mon", "nBig": 230, "self": 0, "base": "0x7557001000"}
{"t": "MMAP", "rec": {"size": "0x202000", "ret": "0x7553bb3000", "caller": "libc.so+0x54ca4", "rawcaller": "0x79242d5ca4"}}
{"t": "MMAP", "rec": {"size": "0x200000", "ret": "0x7553bb4000", "caller": "libc.so+0x54ca4", "rawcaller": "0x79242d5ca4"}}
{"t": "MMAP", "rec": {"size": "0x10a000", "ret": "0x7553aa9000", "caller": "libc.so+0xcafe4", "rawcaller": "0x792434bfe4"}}
{"t": "MMAP", "rec": {"size": "0x1000000", "ret": "0x7552aa9000", "caller": "libc.so+0xcad4c", "rawcaller": "0x792434bd4c"}}
{"t": "MMAP", "rec": {"size": "0x10a000", "ret": "0x755299f000", "caller": "libc.so+0xcafe4", "rawcaller": "0x792434bfe4"}}
{"t": "MMAP", "rec": {"size": "0x1000000", "ret": "0x755199f000", "caller": "libc.so+0xcad4c", "rawcaller": "0x792434bd4c"}}
{"t": "MMAP", "rec": {"size": "0x10a000", "ret": "0x7551895000", "caller": "libc.so+0xcafe4", "rawcaller": "0x792434bfe4"}}
{"t": "MMAP", "rec": {"size": "0x1000000", "ret": "0x7550895000", "caller": "libc.so+0xcad4c", "rawcaller": "0x792434bd4c"}}
{"t": "MMAP", "rec": {"size": "0x10a000", "ret": "0x755078b000", "caller": "libc.so+0xcafe4", "rawcaller": "0x792434bfe4"}}
{"t": "MMAP", "rec": {"size": "0x10a000", "ret": "0x7550681000", "caller": "libc.so+0xcafe4", "rawcaller": "0x792434bfe4"}}
{"t": "MMAP", "rec": {"size": "0x1000000", "ret": "0x754f681000", "caller": "libc.so+0xcad4c", "rawcaller": "0x792434bd4c"}}
{"t": "MMAP", "rec": {"size": "0x10a000", "ret": "0x754f577000", "caller": "libc.so+0xcafe4", "rawcaller": "0x792434bfe4"}}
{"t": "MMAP", "rec": {"size": "0x1000000", "ret": "0x754f681000", "caller": "libc.so+0xcad4c", "rawcaller": "0x792434bd4c"}}
{"t": "MMAP", "rec": {"size": "0x1000000", "ret": "0x754e577000", "caller": "libc.so+0xcad4c", "rawcaller": "0x792434bd4c"}}
{"t": "MMAP", "rec": {"size": "0x10a000", "ret": "0x755078b000", "caller": "libc.so+0xcafe4", "rawcaller": "0x792434bfe4"}}
{"t": "MMAP", "rec": {"size": "0x10a000", "ret": "0x754e46d000", "caller": "libc.so+0xcafe4", "rawcaller": "0x792434bfe4"}}
{"t": "MMAP", "rec": {"size": "0x1000000", "ret": "0x754d46d000", "caller": "libc.so+0xcad4c", "rawcaller": "0x792434bd4c"}}
{"t": "MMAP", "rec": {"size": "0x10a000", "ret": "0x754d363000", "caller": "libc.so+0xcafe4", "rawcaller": "0x792434bfe4"}}
{"t": "MMAP", "rec": {"size": "0x1000000", "ret": "0x754c363000", "caller": "libc.so+0xcad4c", "rawcaller": "0x792434bd4c"}}
{"t": "MMAP", "rec": {"size": "0x10a000", "ret": "0x7549749000", "caller": "libc.so+0xcafe4", "rawcaller": "0x792434bfe4"}}
{"t": "MMAP", "rec": {"size": "0x1000000", "ret": "0x7548749000", "caller": "libc.so+0xcad4c", "rawcaller": "0x792434bd4c"}}
{"t": "MMAP", "rec": {"size": "0x10a000", "ret": "0x754c259000", "caller": "libc.so+0xcafe4", "rawcaller": "0x792434bfe4"}}
{"t": "MMAP", "rec": {"size": "0x10a000", "ret": "0x7549af6000", "caller": "libc.so+0xcafe4", "rawcaller": "0x792434bfe4"}}
{"t": "MMAP", "rec": {"size": "0x10a000", "ret": "0x754863f000", "caller": "libc.so+0xcafe4", "rawcaller": "0x792434bfe4"}}
{"t": "MMAP", "rec": {"size": "0x10a000", "ret": "0x7548535000", "caller": "libc.so+0xcafe4", "rawcaller": "0x792434bfe4"}}
{"t": "MMAP", "rec": {"size": "0x1000000", "ret": "0x75474c4000", "caller": "libc.so+0xcad4c", "rawcaller": "0x792434bd4c"}}
{"t": "MMAP", "rec": {"size": "0x10a000", "ret": "0x75473ba000", "caller": "libc.so+0xcafe4", "rawcaller": "0x792434bfe4"}}
{"t": "MMAP", "rec": {"size": "0x1000000", "ret": "0x75463ba000", "caller": "libc.so+0xcad4c", "rawcaller": "0x792434bd4c"}}
{"t": "MMAP", "rec": {"size": "0x1000000", "ret": "0x75453ba000", "caller": "libc.so+0xcad4c", "rawcaller": "0x792434bd4c"}}
{"t": "MMAP", "rec": {"size": "0x1000000", "ret": "0x75c2797000", "caller": "libc.so+0xcad4c", "rawcaller": "0x792434bd4c"}}
{"t": "MMAP", "rec": {"size": "0x1000000", "ret": "0x75c1797000", "caller": "libc.so+0xcad4c", "rawcaller": "0x792434bd4c"}}
{"t": "MMAP", "rec": {"size": "0x1000000", "ret": "0x75443ba000", "caller": "libc.so+0xcad4c", "rawcaller": "0x792434bd4c"}}
{"t": "MMAP", "rec": {"size": "0x10a000", "ret": "0x75c4ab5000", "caller": "libc.so+0xcafe4", "rawcaller": "0x792434bfe4"}}
{"t": "MMAP", "rec": {"size": "0x1000000", "ret": "0x75433ba000", "caller": "libc.so+0xcad4c", "rawcaller": "0x792434bd4c"}}
{"t": "MMAP", "rec": {"size": "0x10a000", "ret": "0x75431ff000", "caller": "libc.so+0xcafe4", "rawcaller": "0x792434bfe4"}}
{"t": "MMAP", "rec": {"size": "0x1000000", "ret": "0x754219d000", "caller": "libc.so+0xcad4c", "rawcaller": "0x792434bd4c"}}
{"t": "MMAP", "rec": {"size": "0x4baad91", "ret": "0x753d400000", "caller": "libbase.so+0x3612c", "rawcaller": "0x791e9b612c"}}
{"t": "MMAP", "rec": {"size": "0x3bb000", "ret": "0x753cfc0000", "caller": "libartbase.so+0x2540c", "rawcaller": "0x7662f6440c"}}
{"t": "MMAP", "rec": {"size": "0xfe000", "ret": "0x754209f000", "caller": "libc.so+0xcafe4", "rawcaller": "0x792434bfe4"}}
{"t": "MMAP", "rec": {"size": "0x10a000", "ret": "0x753ceb6000", "caller": "libc.so+0xcafe4", "rawcaller": "0x792434bfe4"}}
{"t": "MMAP", "rec": {"size": "0x1000000", "ret": "0x753beb6000", "caller": "libc.so+0xcad4c", "rawcaller": "0x792434bd4c"}}
{"t": "MMAP", "rec": {"size": "0x1000000", "ret": "0x754103b000", "caller": "libc.so+0xcad4c", "rawcaller": "0x792434bd4c"}}
{"t": "MMAP", "rec": {"size": "0x10a000", "ret": "0x7540f31000", "caller": "libc.so+0xcafe4", "rawcaller": "0x792434bfe4"}}
{"t": "MMAP", "rec": {"size": "0x1000000", "ret": "0x753ff31000", "caller": "libc.so+0xcad4c", "rawcaller": "0x792434bd4c"}}
{"t": "MMAP", "rec": {"size": "0x10a000", "ret": "0x753fe27000", "caller": "libc.so+0xcafe4", "rawcaller": "0x792434bfe4"}}
{"t": "MMAP", "rec": {"size": "0x10a000", "ret": "0x753fd1d000", "caller": "libc.so+0xcafe4", "rawcaller": "0x792434bfe4"}}
{"t": "MMAP", "rec": {"size": "0x10a000", "ret": "0x753fc13000", "caller": "libc.so+0xcafe4", "rawcaller": "0x792434bfe4"}}
{"t": "MMAP", "rec": {"size": "0x1000000", "ret": "0x753ec13000", "caller": "libc.so+0xcad4c", "rawcaller": "0x792434bd4c"}}
{"t": "MMAP", "rec": {"size": "0x10a000", "ret": "0x753eb09000", "caller": "libc.so+0xcafe4", "rawcaller": "0x792434bfe4"}}
{"t": "MMAP", "rec": {"size": "0x10a000", "ret": "0x753e9ff000", "caller": "libc.so+0xcafe4", "rawcaller": "0x792434bfe4"}}
{"t": "MMAP", "rec": {"size": "0x1000000", "ret": "0x753d99f000", "caller": "libc.so+0xcad4c", "rawcaller": "0x792434bd4c"}}
{"t": "MMAP", "rec": {"size": "0x10a000", "ret": "0x753d895000", "caller": "libc.so+0xcafe4", "rawcaller": "0x792434bfe4"}}
{"t": "MMAP", "rec": {"size": "0x1000000", "ret": "0x753988c000", "caller": "libc.so+0xcad4c", "rawcaller": "0x792434bd4c"}}
{"t": "MMAP", "rec": {"size": "0x1000000", "ret": "0x75c5cc9000", "caller": "libc.so+0xcad4c", "rawcaller": "0x792434bd4c"}}
{"t": "MMAP", "rec": {"size": "0xfe000", "ret": "0x75c6ddf000", "caller": "libc.so+0xcafe4", "rawcaller": "0x792434bfe4"}}
{"t": "MMAP", "rec": {"size": "0x1000000", "ret": "0x75c4bc5000", "caller": "libc.so+0xcad4c", "rawcaller": "0x792434bd4c"}}
{"t": "MMAP", "rec": {"size": "0xfe000", "ret": "0x753d797000", "caller": "libc.so+0xcafe4", "rawcaller": "0x792434bfe4"}}
{"t": "MMAP", "rec": {"size": "0x1000000", "ret": "0x753888c000", "caller": "libc.so+0xcad4c", "rawcaller": "0x792434bd4c"}}
{"t": "MMAP", "rec": {"size": "0x1000000", "ret": "0x753788c000", "caller": "libc.so+0xcad4c", "rawcaller": "0x792434bd4c"}}
{"t": "MMAP", "rec": {"size": "0x1000000", "ret": "0x753688c000", "caller": "libc.so+0xcad4c", "rawcaller": "0x792434bd4c"}}
{"t": "MMAP", "rec": {"size": "0x10a000", "ret": "0x753d68d000", "caller": "libc.so+0xcafe4", "rawcaller": "0x792434bfe4"}}
{"t": "MMAP", "rec": {"size": "0x10a000", "ret": "0x753d583000", "caller": "libc.so+0xcafe4", "rawcaller": "0x792434bfe4"}}
{"t": "MMAP", "rec": {"size": "0x1000000", "ret": "0x753588c000", "caller": "libc.so+0xcad4c", "rawcaller": "0x792434bd4c"}}
{"t": "MMAP", "rec": {"size": "0x1000000", "ret": "0x753488c000", "caller": "libc.so+0xcad4c", "rawcaller": "0x792434bd4c"}}
{"t": "MMAP", "rec": {"size": "0x10a000", "ret": "0x753d446000", "caller": "libc.so+0xcafe4", "rawcaller": "0x792434bfe4"}}
{"t": "MMAP", "rec": {"size": "0xfe000", "ret": "0x753478e000", "caller": "libc.so+0xcafe4", "rawcaller": "0x792434bfe4"}}
{"t": "MMAP", "rec": {"size": "0x1000000", "ret": "0x753378e000", "caller": "libc.so+0xcad4c", "rawcaller": "0x792434bd4c"}}
{"t": "MMAP", "rec": {"size": "0xfe000", "ret": "0x7533690000", "caller": "libc.so+0xcafe4", "rawcaller": "0x792434bfe4"}}
{"t": "MMAP", "rec": {"size": "0x1000000", "ret": "0x7532690000", "caller": "libc.so+0xcad4c", "rawcaller": "0x792434bd4c"}}
{"t": "MMAP", "rec": {"size": "0xfe000", "ret": "0x7532592000", "caller": "libc.so+0xcafe4", "rawcaller": "0x792434bfe4"}}
{"t": "MMAP", "rec": {"size": "0x1000000", "ret": "0x754000b000", "caller": "libc.so+0xcad4c", "rawcaller": "0x792434bd4c"}}
{"t": "MMAP", "rec": {"size": "0x1000000", "ret": "0x7531592000", "caller": "libc.so+0xcad4c", "rawcaller": "0x792434bd4c"}}
{"t": "MMAP", "rec": {"size": "0x10a000", "ret": "0x75312a7000", "caller": "libc.so+0xcafe4", "rawcaller": "0x792434bfe4"}}
{"t": "MMAP", "rec": {"size": "0x1000000", "ret": "0x75302a7000", "caller": "libc.so+0xcad4c", "rawcaller": "0x792434bd4c"}}
{"t": "MMAP", "rec": {"size": "0xfe000", "ret": "0x7531494000", "caller": "libc.so+0xcafe4", "rawcaller": "0x792434bfe4"}}
{"t": "MMAP", "rec": {"size": "0xfe000", "ret": "0x75301a9000", "caller": "libc.so+0xcafe4", "rawcaller": "0x792434bfe4"}}
{"t": "MMAP", "rec": {"size": "0xfe000", "ret": "0x75300ab000", "caller": "libc.so+0xcafe4", "rawcaller": "0x792434bfe4"}}
{"t": "MMAP", "rec": {"size": "0x1000000", "ret": "0x752f0ab000", "caller": "libc.so+0xcad4c", "rawcaller": "0x792434bd4c"}}
{"t": "MMAP", "rec": {"size": "0x10a000", "ret": "0x752efa1000", "caller": "libc.so+0xcafe4", "rawcaller": "0x792434bfe4"}}
{"t": "MMAP", "rec": {"size": "0x10a000", "ret": "0x752ee97000", "caller": "libc.so+0xcafe4", "rawcaller": "0x792434bfe4"}}
{"t": "MMAP", "rec": {"size": "0x1000000", "ret": "0x7559c90000", "caller": "libc.so+0xcad4c", "rawcaller": "0x792434bd4c"}}
{"t": "MMAP", "rec": {"size": "0x10a000", "ret": "0x752ed8d000", "caller": "libc.so+0xcafe4", "rawcaller": "0x792434bfe4"}}
{"t": "MMAP", "rec": {"size": "0x1000000", "ret": "0x752dd8d000", "caller": "libc.so+0xcad4c", "rawcaller": "0x792434bd4c"}}
{"t": "MMAP", "rec": {"size": "0x1000000", "ret": "0x752cd8d000", "caller": "libc.so+0xcad4c", "rawcaller": "0x792434bd4c"}}
{"t": "MMAP", "rec": {"size": "0x1000000", "ret": "0x752bc8f000", "caller": "libc.so+0xcad4c", "rawcaller": "0x792434bd4c"}}
{"t": "MMAP", "rec": {"size": "0xfe000", "ret": "0x752cc8f000", "caller": "libc.so+0xcafe4", "rawcaller": "0x792434bfe4"}}
{"t": "MMAP", "rec": {"size": "0x1000000", "ret": "0x752ac8f000", "caller": "libc.so+0xcad4c", "rawcaller": "0x792434bd4c"}}
{"t": "MMAP", "rec": {"size": "0x10a000", "ret": "0x752ab85000", "caller": "libc.so+0xcafe4", "rawcaller": "0x792434bfe4"}}
{"t": "MMAP", "rec": {"size": "0xfe000", "ret": "0x752aa87000", "caller": "libc.so+0xcafe4", "rawcaller": "0x792434bfe4"}}
{"t": "MMAP", "rec": {"size": "0x1000000", "ret": "0x752997d000", "caller": "libc.so+0xcad4c", "rawcaller": "0x792434bd4c"}}
{"t": "MMAP", "rec": {"size": "0x1000000", "ret": "0x752897d000", "caller": "libc.so+0xcad4c", "rawcaller": "0x792434bd4c"}}
{"t": "MMAP", "rec": {"size": "0x10a000", "ret": "0x752a97d000", "caller": "libc.so+0xcafe4", "rawcaller": "0x792434bfe4"}}
{"t": "MMAP", "rec": {"size": "0xfe000", "ret": "0x752887f000", "caller": "libc.so+0xcafe4", "rawcaller": "0x792434bfe4"}}
{"t": "MMAP", "rec": {"size": "0xfe000", "ret": "0x7528781000", "caller": "libc.so+0xcafe4", "rawcaller": "0x792434bfe4"}}
{"t": "MMAP", "rec": {"size": "0x1000000", "ret": "0x7527683000", "caller": "libc.so+0xcad4c", "rawcaller": "0x792434bd4c"}}
{"t": "MMAP", "rec": {"size": "0xfe000", "ret": "0x7528683000", "caller": "libc.so+0xcafe4", "rawcaller": "0x792434bfe4"}}
{"t": "MMAP", "rec": {"size": "0x1000000", "ret": "0x7526683000", "caller": "libc.so+0xcad4c", "rawcaller": "0x792434bd4c"}}
{"t": "MMAP", "rec": {"size": "0x1000000", "ret": "0x7525683000", "caller": "libc.so+0xcad4c", "rawcaller": "0x792434bd4c"}}
{"t": "MMAP", "rec": {"size": "0x1000000", "ret": "0x7524683000", "caller": "libc.so+0xcad4c", "rawcaller": "0x792434bd4c"}}
{"t": "MMAP", "rec": {"size": "0x10a000", "ret": "0x7524579000", "caller": "libc.so+0xcafe4", "rawcaller": "0x792434bfe4"}}
{"t": "MMAP", "rec": {"size": "0xfe000", "ret": "0x752a989000", "caller": "libc.so+0xcafe4", "rawcaller": "0x792434bfe4"}}
{"t": "MMAP", "rec": {"size": "0x1000000", "ret": "0x7523579000", "caller": "libc.so+0xcad4c", "rawcaller": "0x792434bd4c"}}
{"t": "MMAP", "rec": {"size": "0x1000000", "ret": "0x7522579000", "caller": "libc.so+0xcad4c", "rawcaller": "0x792434bd4c"}}
{"t": "MMAP", "rec": {"size": "0x1000000", "ret": "0x754d577000", "caller": "libc.so+0xcad4c", "rawcaller": "0x792434bd4c"}}
{"t": "MMAP", "rec": {"size": "0xfe000", "ret": "0x754d479000", "caller": "libc.so+0xcafe4", "rawcaller": "0x792434bfe4"}}
{"t": "MMAP", "rec": {"size": "0xfe000", "ret": "0x75254c9000", "caller": "libc.so+0xcafe4", "rawcaller": "0x792434bfe4"}}
{"t": "MMAP", "rec": {"size": "0x1000000", "ret": "0x7521579000", "caller": "libc.so+0xcad4c", "rawcaller": "0x792434bd4c"}}
{"t": "MMAP", "rec": {"size": "0x1000000", "ret": "0x7520579000", "caller": "libc.so+0xcad4c", "rawcaller": "0x792434bd4c"}}
{"t": "MMAP", "rec": {"size": "0xfe000", "ret": "0x752532c000", "caller": "libc.so+0xcafe4", "rawcaller": "0x792434bfe4"}}
{"t": "MMAP", "rec": {"size": "0x1000000", "ret": "0x751f579000", "caller": "libc.so+0xcad4c", "rawcaller": "0x792434bd4c"}}
{"t": "MMAP", "rec": {"size": "0xfe000", "ret": "0x752522e000", "caller": "libc.so+0xcafe4", "rawcaller": "0x792434bfe4"}}
{"t": "MMAP", "rec": {"size": "0x1000000", "ret": "0x751e579000", "caller": "libc.so+0xcad4c", "rawcaller": "0x792434bd4c"}}
{"t": "MMAP", "rec": {"size": "0xfe000", "ret": "0x7525130000", "caller": "libc.so+0xcafe4", "rawcaller": "0x792434bfe4"}}
{"t": "MMAP", "rec": {"size": "0x1000000", "ret": "0x751d579000", "caller": "libc.so+0xcad4c", "rawcaller": "0x792434bd4c"}}
{"t": "MMAP", "rec": {"size": "0x10a000", "ret": "0x7524dc5000", "caller": "libc.so+0xcafe4", "rawcaller": "0x792434bfe4"}}
{"t": "MMAP", "rec": {"size": "0x1000000", "ret": "0x751c579000", "caller": "libc.so+0xcad4c", "rawcaller": "0x792434bd4c"}}
{"t": "MMAP", "rec": {"size": "0x10a000", "ret": "0x7524dc5000", "caller": "libc.so+0xcafe4", "rawcaller": "0x792434bfe4"}}
{"t": "MMAP", "rec": {"size": "0x1000000", "ret": "0x751c579000", "caller": "libc.so+0xcad4c", "rawcaller": "0x792434bd4c"}}
{"t": "MMAP", "rec": {"size": "0x10a000", "ret": "0x7524cbb000", "caller": "libc.so+0xcafe4", "rawcaller": "0x792434bfe4"}}
{"t": "MMAP", "rec": {"size": "0x10a000", "ret": "0x7524bb1000", "caller": "libc.so+0xcafe4", "rawcaller": "0x792434bfe4"}}
{"t": "MMAP", "rec": {"size": "0x1000000", "ret": "0x751b579000", "caller": "libc.so+0xcad4c", "rawcaller": "0x792434bd4c"}}
{"t": "MMAP", "rec": {"size": "0x1000000", "ret": "0x751a579000", "caller": "libc.so+0xcad4c", "rawcaller": "0x792434bd4c"}}
{"t": "MMAP", "rec": {"size": "0x10a000", "ret": "0x759af95000", "caller": "libc.so+0xcafe4", "rawcaller": "0x792434bfe4"}}
{"t": "MMAP", "rec": {"size": "0x1000000", "ret": "0x7519579000", "caller": "libc.so+0xcad4c", "rawcaller": "0x792434bd4c"}}
{"t": "MMAP", "rec": {"size": "0xfe000", "ret": "0x759ae09000", "caller": "libc.so+0xcafe4", "rawcaller": "0x792434bfe4"}}
{"t": "MMAP", "rec": {"size": "0xfe000", "ret": "0x759abeb000", "caller": "libc.so+0xcafe4", "rawcaller": "0x792434bfe4"}}
{"t": "MMAP", "rec": {"size": "0xfe000", "ret": "0x759aaed000", "caller": "libc.so+0xcafe4", "rawcaller": "0x792434bfe4"}}
{"t": "MMAP", "rec": {"size": "0x1000000", "ret": "0x7518579000", "caller": "libc.so+0xcad4c", "rawcaller": "0x792434bd4c"}}
{"t": "MMAP", "rec": {"size": "0x1000000", "ret": "0x7517579000", "caller": "libc.so+0xcad4c", "rawcaller": "0x792434bd4c"}}
{"t": "MMAP", "rec": {"size": "0x1000000", "ret": "0x7516579000", "caller": "libc.so+0xcad4c", "rawcaller": "0x792434bd4c"}}
{"t": "MMAP", "rec": {"size": "0x383000", "ret": "0x759a488000", "caller": "libc.so+0x54ca4", "rawcaller": "0x79242d5ca4"}}
{"t": "MMAP", "rec": {"size": "0x381000", "ret": "0x759a489000", "caller": "libc.so+0x54ca4", "rawcaller": "0x79242d5ca4"}}
{"t": "MMAP", "rec": {"size": "0x88000", "ret": "0x759a397000", "caller": "libc.so+0x54ca4", "rawcaller": "0x79242d5ca4"}}
{"t": "MMAP", "rec": {"size": "0x86000", "ret": "0x759a398000", "caller": "libc.so+0x54ca4", "rawcaller": "0x79242d5ca4"}}
{"t": "MMAP", "rec": {"size": "0x0", "ret": "0x7316579000", "caller": "libmonochrome_64.so+0x50a0984", "rawcaller": "0x75f736c984"}}
{"t": "MMAP", "rec": {"size": "0x0", "ret": "0x200000000", "caller": "libmonochrome_64.so+0x50a0984", "rawcaller": "0x75f736c984"}}
{"t": "MMAP", "rec": {"size": "0x1000", "ret": "0x7316578000", "caller": "libmonochrome_64.so+0x50a0984", "rawcaller": "0x75f736c984"}}
{"t": "MMAP", "rec": {"size": "0x1000", "ret": "0x7316578000", "caller": "libmonochrome_64.so+0x50a0984", "rawcaller": "0x75f736c984"}}
{"t": "MMAP", "rec": {"size": "0x1000", "ret": "0x7316578000", "caller": "libmonochrome_64.so+0x50a0984", "rawcaller": "0x75f736c984"}}
{"t": "MMAP", "rec": {"size": "0x0", "ret": "0x7116579000", "caller": "libmonochrome_64.so+0x50a0984", "rawcaller": "0x75f736c984"}}
{"t": "MMAP", "rec": {"size": "0x10a000", "ret": "0x76502c1000", "caller": "libc.so+0xcafe4", "rawcaller": "0x792434bfe4"}}
{"t": "MMAP", "rec": {"size": "0xc6000", "ret": "0x7650177000", "caller": "libc.so+0x54ca4", "rawcaller": "0x79242d5ca4"}}
{"t": "MMAP", "rec": {"size": "0xc4000", "ret": "0x7650178000", "caller": "libc.so+0x54ca4", "rawcaller": "0x79242d5ca4"}}
{"t": "MMAP", "rec": {"size": "0x1000000", "ret": "0x764f13b000", "caller": "libc.so+0xcad4c", "rawcaller": "0x792434bd4c"}}
{"t": "MMAP", "rec": {"size": "0x10a000", "ret": "0x764efd1000", "caller": "libc.so+0xcafe4", "rawcaller": "0x792434bfe4"}}
{"t": "MMAP", "rec": {"size": "0x14e000", "ret": "0x764ee83000", "caller": "libc.so+0x54ca4", "rawcaller": "0x79242d5ca4"}}
{"t": "MMAP", "rec": {"size": "0x14c000", "ret": "0x764ee84000", "caller": "libc.so+0x54ca4", "rawcaller": "0x79242d5ca4"}}
{"t": "MMAP", "rec": {"size": "0x1000000", "ret": "0x764de53000", "caller": "libc.so+0xcad4c", "rawcaller": "0x792434bd4c"}}
{"t": "MMAP", "rec": {"size": "0xfe000", "ret": "0x764d9ab000", "caller": "libc.so+0xcafe4", "rawcaller": "0x792434bfe4"}}
{"t": "MMAP", "rec": {"size": "0x10a000", "ret": "0x764d7b8000", "caller": "libc.so+0xcafe4", "rawcaller": "0x792434bfe4"}}
{"t": "MMAP", "rec": {"size": "0x1000000", "ret": "0x764c502000", "caller": "libc.so+0xcad4c", "rawcaller": "0x792434bd4c"}}
{"t": "MMAP", "rec": {"size": "0x10a000", "ret": "0x759a68a000", "caller": "libc.so+0xcafe4", "rawcaller": "0x792434bfe4"}}
{"t": "MMAP", "rec": {"size": "0x1000000", "ret": "0x758c4e8000", "caller": "libc.so+0xcad4c", "rawcaller": "0x792434bd4c"}}
{"t": "MMAP", "rec": {"size": "0x1000000", "ret": "0x750a60b000", "caller": "libc.so+0xcad4c", "rawcaller": "0x792434bd4c"}}
{"t": "MMAP", "rec": {"size": "0x10a000", "ret": "0x759a4f6000", "caller": "libc.so+0xcafe4", "rawcaller": "0x792434bfe4"}}
{"t": "MMAP", "rec": {"size": "0x1000000", "ret": "0x750960b000", "caller": "libc.so+0xcad4c", "rawcaller": "0x792434bd4c"}}
{"t": "MMAP", "rec": {"size": "0x10a000", "ret": "0x759a106000", "caller": "libc.so+0xcafe4", "rawcaller": "0x792434bfe4"}}
{"t": "MMAP", "rec": {"size": "0x1000000", "ret": "0x750960b000", "caller": "libc.so+0xcad4c", "rawcaller": "0x792434bd4c"}}
{"t": "MMAP", "rec": {"size": "0x10a000", "ret": "0x758e4e8000", "caller": "libc.so+0xcafe4", "rawcaller": "0x792434bfe4"}}
{"t": "MMAP", "rec": {"size": "0x1000000", "ret": "0x750860b000", "caller": "libc.so+0xcad4c", "rawcaller": "0x792434bd4c"}}
{"t": "MMAP", "rec": {"size": "0xfe000", "ret": "0x75248b2000", "caller": "libc.so+0xcafe4", "rawcaller": "0x792434bfe4"}}
{"t": "MMAP", "rec": {"size": "0x403000", "ret": "0x7508208000", "caller": "libc.so+0x54ca4", "rawcaller": "0x79242d5ca4"}}
{"t": "MMAP", "rec": {"size": "0x401000", "ret": "0x7508209000", "caller": "libc.so+0x54ca4", "rawcaller": "0x79242d5ca4"}}
{"t": "MMAP", "rec": {"size": "0xfe000", "ret": "0x75246df000", "caller": "libc.so+0xcafe4", "rawcaller": "0x792434bfe4"}}
{"t": "MMAP", "rec": {"size": "0x483000", "ret": "0x7507d85000", "caller": "libc.so+0x54ca4", "rawcaller": "0x79242d5ca4"}}
{"t": "MMAP", "rec": {"size": "0x481000", "ret": "0x7507d86000", "caller": "libc.so+0x54ca4", "rawcaller": "0x79242d5ca4"}}
{"t": "MMAP", "rec": {"size": "0x1000000", "ret": "0x7506d85000", "caller": "libc.so+0xcad4c", "rawcaller": "0x792434bd4c"}}
{"t": "MMAP", "rec": {"size": "0xfe000", "ret": "0x751643a000", "caller": "libc.so+0xcafe4", "rawcaller": "0x792434bfe4"}}
{"t": "MMAP", "rec": {"size": "0x1000000", "ret": "0x7505d85000", "caller": "libc.so+0xcad4c", "rawcaller": "0x792434bd4c"}}
{"t": "MMAP", "rec": {"size": "0x1000000", "ret": "0x7504d85000", "caller": "libc.so+0xcad4c", "rawcaller": "0x792434bd4c"}}
{"t": "mon", "nBig": 400, "self": 0, "base": "0x7557001000"}
{"t": "MMAP", "rec": {"size": "0xfe000", "ret": "0x7512657000", "caller": "libc.so+0xcafe4", "rawcaller": "0x792434bfe4"}}
{"t": "MMAP", "rec": {"size": "0x10a000", "ret": "0x750fcf6000", "caller": "libc.so+0xcafe4", "rawcaller": "0x792434bfe4"}}
{"t": "MMAP", "rec": {"size": "0x1000000", "ret": "0x7503c15000", "caller": "libc.so+0xcad4c", "rawcaller": "0x792434bd4c"}}
{"t": "MMAP", "rec": {"size": "0x1000000", "ret": "0x7502c15000", "caller": "libc.so+0xcad4c", "rawcaller": "0x792434bd4c"}}
{"t": "MMAP", "rec": {"size": "0x10a000", "ret": "0x750b6f6000", "caller": "libc.so+0xcafe4", "rawcaller": "0x792434bfe4"}}
{"t": "MMAP", "rec": {"size": "0x1000000", "ret": "0x74ffc3e000", "caller": "libc.so+0xcad4c", "rawcaller": "0x792434bd4c"}}
{"t": "MMAP", "rec": {"size": "0x100000", "ret": "0x7508413000", "caller": "libTTMachineCore.so+0x61d74", "rawcaller": "0x750b66cd74"}}
{"t": "MMAP", "rec": {"size": "0xfe000", "ret": "0x7508315000", "caller": "libhidlbase.so+0x5a5cc", "rawcaller": "0x791032b5cc"}}
{"t": "MMAP", "rec": {"size": "0x100000", "ret": "0x7508215000", "caller": "libTTMachineCore.so+0x61d74", "rawcaller": "0x750b66cd74"}}
{"t": "MMAP", "rec": {"size": "0x10a000", "ret": "0x74ffb34000", "caller": "libc.so+0xcafe4", "rawcaller": "0x792434bfe4"}}
{"t": "MMAP", "rec": {"size": "0x1000000", "ret": "0x74feb34000", "caller": "libc.so+0xcad4c", "rawcaller": "0x792434bd4c"}}
{"t": "MMAP", "rec": {"size": "0x403000", "ret": "0x7509208000", "caller": "libc.so+0x54ca4", "rawcaller": "0x79242d5ca4"}}
{"t": "MMAP", "rec": {"size": "0x401000", "ret": "0x7509209000", "caller": "libc.so+0x54ca4", "rawcaller": "0x79242d5ca4"}}
{"t": "MMAP", "rec": {"size": "0x483000", "ret": "0x7508d85000", "caller": "libc.so+0x54ca4", "rawcaller": "0x79242d5ca4"}}
{"t": "MMAP", "rec": {"size": "0x481000", "ret": "0x7508d86000", "caller": "libc.so+0x54ca4", "rawcaller": "0x79242d5ca4"}}
{"t": "MMAP", "rec": {"size": "0x889c5c", "ret": "0x74fe200000", "caller": "libutils.so+0x1967c", "rawcaller": "0x791e7db67c"}}
{"t": "MMAP", "rec": {"size": "0x88a000", "ret": "0x74fe200000", "caller": "libmonochrome_64.so+0x260ee24", "rawcaller": "0x75f48dae24"}}
{"t": "MMAP", "rec": {"size": "0xfe000", "ret": "0x750950d000", "caller": "libc.so+0xcafe4", "rawcaller": "0x792434bfe4"}}
{"t": "MMAP", "rec": {"size": "0x10a000", "ret": "0x758e4e8000", "caller": "libc.so+0xcafe4", "rawcaller": "0x792434bfe4"}}
{"t": "MMAP", "rec": {"size": "0xfe000", "ret": "0x750940f000", "caller": "libc.so+0xcafe4", "rawcaller": "0x792434bfe4"}}
{"t": "MMAP", "rec": {"size": "0xfe000", "ret": "0x7509311000", "caller": "libc.so+0xcafe4", "rawcaller": "0x792434bfe4"}}
{"t": "MMAP", "rec": {"size": "0x1000000", "ret": "0x74fd200000", "caller": "libc.so+0xcad4c", "rawcaller": "0x792434bd4c"}}
{"t": "MMAP", "rec": {"size": "0x1000000", "ret": "0x74fc200000", "caller": "libc.so+0xcad4c", "rawcaller": "0x792434bd4c"}}
{"t": "MMAP", "rec": {"size": "0x756cfc", "ret": "0x74fb976000", "caller": "libutils.so+0x1967c", "rawcaller": "0x791e7db67c"}}
{"t": "MMAP", "rec": {"size": "0x1000000", "ret": "0x74fd200000", "caller": "libc.so+0xcad4c", "rawcaller": "0x792434bd4c"}}
{"t": "MMAP", "rec": {"size": "0xfe000", "ret": "0x750950d000", "caller": "libc.so+0xcafe4", "rawcaller": "0x792434bfe4"}}
{"t": "MMAP", "rec": {"size": "0xfe000", "ret": "0x7508c28000", "caller": "libc.so+0xcafe4", "rawcaller": "0x792434bfe4"}}
{"t": "MMAP", "rec": {"size": "0x1000000", "ret": "0x74fa976000", "caller": "libc.so+0xcad4c", "rawcaller": "0x792434bd4c"}}
{"t": "MMAP", "rec": {"size": "0xfe000", "ret": "0x7508b2a000", "caller": "libc.so+0xcafe4", "rawcaller": "0x792434bfe4"}}
{"t": "MMAP", "rec": {"size": "0x1000000", "ret": "0x74f9976000", "caller": "libc.so+0xcad4c", "rawcaller": "0x792434bd4c"}}
{"t": "MMAP", "rec": {"size": "0x1000000", "ret": "0x74f8976000", "caller": "libc.so+0xcad4c", "rawcaller": "0x792434bd4c"}}
{"t": "MMAP", "rec": {"size": "0x1000000", "ret": "0x74f7976000", "caller": "libc.so+0xcad4c", "rawcaller": "0x792434bd4c"}}
{"t": "MMAP", "rec": {"size": "0xfe000", "ret": "0x75089cc000", "caller": "libc.so+0xcafe4", "rawcaller": "0x792434bfe4"}}
{"t": "MMAP", "rec": {"size": "0xfe000", "ret": "0x75088ce000", "caller": "libc.so+0xcafe4", "rawcaller": "0x792434bfe4"}}
{"t": "MMAP", "rec": {"size": "0xfe000", "ret": "0x75087d0000", "caller": "libc.so+0xcafe4", "rawcaller": "0x792434bfe4"}}
{"t": "MMAP", "rec": {"size": "0x1000000", "ret": "0x74f6976000", "caller": "libc.so+0xcad4c", "rawcaller": "0x792434bd4c"}}
{"t": "MMAP", "rec": {"size": "0x1000000", "ret": "0x74f5976000", "caller": "libc.so+0xcad4c", "rawcaller": "0x792434bd4c"}}
{"t": "MMAP", "rec": {"size": "0x1000000", "ret": "0x74f6976000", "caller": "libc.so+0xcad4c", "rawcaller": "0x792434bd4c"}}
{"t": "MMAP", "rec": {"size": "0xfe000", "ret": "0x75086d2000", "caller": "libc.so+0xcafe4", "rawcaller": "0x792434bfe4"}}
{"t": "MMAP", "rec": {"size": "0xfe000", "ret": "0x75089cc000", "caller": "libc.so+0xcafe4", "rawcaller": "0x792434bfe4"}}
{"t": "MMAP", "rec": {"size": "0x1000000", "ret": "0x74f4976000", "caller": "libc.so+0xcad4c", "rawcaller": "0x792434bd4c"}}
{"t": "MMAP", "rec": {"size": "0x1000000", "ret": "0x74f3976000", "caller": "libc.so+0xcad4c", "rawcaller": "0x792434bd4c"}}
{"t": "MMAP", "rec": {"size": "0xfe000", "ret": "0x75089cc000", "caller": "libc.so+0xcafe4", "rawcaller": "0x792434bfe4"}}
{"t": "MMAP", "rec": {"size": "0xfe000", "ret": "0x74fc102000", "caller": "libc.so+0xcafe4", "rawcaller": "0x792434bfe4"}}
{"t": "MMAP", "rec": {"size": "0x10a000", "ret": "0x74f486c000", "caller": "libc.so+0xcafe4", "rawcaller": "0x792434bfe4"}}
{"t": "MMAP", "rec": {"size": "0xfe000", "ret": "0x74f476e000", "caller": "libc.so+0xcafe4", "rawcaller": "0x792434bfe4"}}
{"t": "MMAP", "rec": {"size": "0x1000000", "ret": "0x74f376e000", "caller": "libc.so+0xcad4c", "rawcaller": "0x792434bd4c"}}
{"t": "MMAP", "rec": {"size": "0xfe000", "ret": "0x74f3572000", "caller": "libc.so+0xcafe4", "rawcaller": "0x792434bfe4"}}
{"t": "MMAP", "rec": {"size": "0x1000000", "ret": "0x74f2572000", "caller": "libc.so+0xcad4c", "rawcaller": "0x792434bd4c"}}
{"t": "MMAP", "rec": {"size": "0xfe000", "ret": "0x74f3670000", "caller": "libc.so+0xcafe4", "rawcaller": "0x792434bfe4"}}
{"t": "MMAP", "rec": {"size": "0x1000000", "ret": "0x74f1572000", "caller": "libc.so+0xcad4c", "rawcaller": "0x792434bd4c"}}
{"t": "MMAP", "rec": {"size": "0xfe000", "ret": "0x74f1474000", "caller": "libc.so+0xcafe4", "rawcaller": "0x792434bfe4"}}
{"t": "MMAP", "rec": {"size": "0x10a000", "ret": "0x74f136a000", "caller": "libc.so+0xcafe4", "rawcaller": "0x792434bfe4"}}
{"t": "MMAP", "rec": {"size": "0x1000000", "ret": "0x74ed36a000", "caller": "libc.so+0xcad4c", "rawcaller": "0x792434bd4c"}}
{"t": "MMAP", "rec": {"size": "0x1000000", "ret": "0x74ec36a000", "caller": "libc.so+0xcad4c", "rawcaller": "0x792434bd4c"}}
{"t": "MMAP", "rec": {"size": "0x1000000", "ret": "0x74ef36a000", "caller": "libc.so+0xcad4c", "rawcaller": "0x792434bd4c"}}
{"t": "MMAP", "rec": {"size": "0x1000000", "ret": "0x74ee36a000", "caller": "libc.so+0xcad4c", "rawcaller": "0x792434bd4c"}}
{"t": "MMAP", "rec": {"size": "0x1000000", "ret": "0x74f036a000", "caller": "libc.so+0xcad4c", "rawcaller": "0x792434bd4c"}}
{"t": "MMAP", "rec": {"size": "0xfe000", "ret": "0x74ec1fb000", "caller": "libc.so+0xcafe4", "rawcaller": "0x792434bfe4"}}
{"t": "MMAP", "rec": {"size": "0x10a000", "ret": "0x74ec09c000", "caller": "libc.so+0xcafe4", "rawcaller": "0x792434bfe4"}}
{"t": "MMAP", "rec": {"size": "0x1000000", "ret": "0x74eb09c000", "caller": "libc.so+0xcad4c", "rawcaller": "0x792434bd4c"}}
{"t": "MMAP", "rec": {"size": "0x1000000", "ret": "0x74ea09c000", "caller": "libc.so+0xcad4c", "rawcaller": "0x792434bd4c"}}
{"t": "MMAP", "rec": {"size": "0x10a000", "ret": "0x74e9f1f000", "caller": "libc.so+0xcafe4", "rawcaller": "0x792434bfe4"}}
{"t": "MMAP", "rec": {"size": "0x10a000", "ret": "0x74e9e15000", "caller": "libc.so+0xcafe4", "rawcaller": "0x792434bfe4"}}
{"t": "MMAP", "rec": {"size": "0x1000000", "ret": "0x74e8e15000", "caller": "libc.so+0xcad4c", "rawcaller": "0x792434bd4c"}}
{"t": "MMAP", "rec": {"size": "0x1000000", "ret": "0x74e7e15000", "caller": "libc.so+0xcad4c", "rawcaller": "0x792434bd4c"}}
{"t": "MMAP", "rec": {"size": "0x10a000", "ret": "0x74e7d0b000", "caller": "libc.so+0xcafe4", "rawcaller": "0x792434bfe4"}}
{"t": "MMAP", "rec": {"size": "0x1000000", "ret": "0x74e6d0b000", "caller": "libc.so+0xcad4c", "rawcaller": "0x792434bd4c"}}
{"t": "MMAP", "rec": {"size": "0x10a000", "ret": "0x74e6c01000", "caller": "libc.so+0xcafe4", "rawcaller": "0x792434bfe4"}}
{"t": "mon", "nBig": 469, "self": 0, "base": "0x7557001000"}
{"t": "MMAP", "rec": {"size": "0x10a000", "ret": "0x74e6af7000", "caller": "libc.so+0xcafe4", "rawcaller": "0x792434bfe4"}}
{"t": "MMAP", "rec": {"size": "0x1000000", "ret": "0x74e5af7000", "caller": "libc.so+0xcad4c", "rawcaller": "0x792434bd4c"}}
{"t": "MMAP", "rec": {"size": "0x10a000", "ret": "0x74e59ed000", "caller": "libc.so+0xcafe4", "rawcaller": "0x792434bfe4"}}
{"t": "MMAP", "rec": {"size": "0x1000000", "ret": "0x74e49ed000", "caller": "libc.so+0xcad4c", "rawcaller": "0x792434bd4c"}}
{"t": "MMAP", "rec": {"size": "0x1000000", "ret": "0x74e39bd000", "caller": "libc.so+0xcad4c", "rawcaller": "0x792434bd4c"}}
{"t": "MMAP", "rec": {"size": "0x10a000", "ret": "0x74e38b3000", "caller": "libc.so+0xcafe4", "rawcaller": "0x792434bfe4"}}
{"t": "MMAP", "rec": {"size": "0x10a000", "ret": "0x74e37a9000", "caller": "libc.so+0xcafe4", "rawcaller": "0x792434bfe4"}}
{"t": "MMAP", "rec": {"size": "0x10a000", "ret": "0x74e369f000", "caller": "libc.so+0xcafe4", "rawcaller": "0x792434bfe4"}}
{"t": "MMAP", "rec": {"size": "0xfe000", "ret": "0x74e35a1000", "caller": "libc.so+0xcafe4", "rawcaller": "0x792434bfe4"}}
{"t": "MMAP", "rec": {"size": "0x10a000", "ret": "0x74e3497000", "caller": "libc.so+0xcafe4", "rawcaller": "0x792434bfe4"}}
{"t": "MMAP", "rec": {"size": "0x1000000", "ret": "0x74e2467000", "caller": "libc.so+0xcad4c", "rawcaller": "0x792434bd4c"}}
{"t": "MMAP", "rec": {"size": "0x1000000", "ret": "0x74e1437000", "caller": "libc.so+0xcad4c", "rawcaller": "0x792434bd4c"}}
{"t": "MMAP", "rec": {"size": "0x1000000", "ret": "0x74e0407000", "caller": "libc.so+0xcad4c", "rawcaller": "0x792434bd4c"}}
{"t": "MMAP", "rec": {"size": "0x1000000", "ret": "0x74df3d7000", "caller": "libc.so+0xcad4c", "rawcaller": "0x792434bd4c"}}
{"t": "MMAP", "rec": {"size": "0x1000000", "ret": "0x74de300000", "caller": "libc.so+0xcad4c", "rawcaller": "0x792434bd4c"}}
{"t": "MMAP", "rec": {"size": "0xfe000", "ret": "0x74de202000", "caller": "libc.so+0xcafe4", "rawcaller": "0x792434bfe4"}}
{"t": "MMAP", "rec": {"size": "0x10a000", "ret": "0x74de0d4000", "caller": "libc.so+0xcafe4", "rawcaller": "0x792434bfe4"}}
{"t": "MMAP", "rec": {"size": "0x10a000", "ret": "0x74ddfca000", "caller": "libc.so+0xcafe4", "rawcaller": "0x792434bfe4"}}
{"t": "MMAP", "rec": {"size": "0x10a000", "ret": "0x74dde2c000", "caller": "libc.so+0xcafe4", "rawcaller": "0x792434bfe4"}}
{"t": "MMAP", "rec": {"size": "0x1000000", "ret": "0x74dbc95000", "caller": "libc.so+0xcad4c", "rawcaller": "0x792434bd4c"}}
{"t": "MMAP", "rec": {"size": "0x1000000", "ret": "0x74dcd9f000", "caller": "libc.so+0xcad4c", "rawcaller": "0x792434bd4c"}}
{"t": "MMAP", "rec": {"size": "0x10a000", "ret": "0x74dcc95000", "caller": "libc.so+0xcafe4", "rawcaller": "0x792434bfe4"}}
{"t": "MMAP", "rec": {"size": "0x10a000", "ret": "0x74dbb8b000", "caller": "libc.so+0xcafe4", "rawcaller": "0x792434bfe4"}}
{"t": "MMAP", "rec": {"size": "0x1000000", "ret": "0x74dab8b000", "caller": "libc.so+0xcad4c", "rawcaller": "0x792434bd4c"}}
{"t": "MMAP", "rec": {"size": "0x1000000", "ret": "0x74dbc95000", "caller": "libc.so+0xcad4c", "rawcaller": "0x792434bd4c"}}
{"t": "MMAP", "rec": {"size": "0x1000000", "ret": "0x74d9b8b000", "caller": "libc.so+0xcad4c", "rawcaller": "0x792434bd4c"}}
{"t": "MMAP", "rec": {"size": "0x1000000", "ret": "0x74d8b8b000", "caller": "libc.so+0xcad4c", "rawcaller": "0x792434bd4c"}}
{"t": "MMAP", "rec": {"size": "0xf0000", "ret": "0x74d8a9b000", "caller": "libc.so+0x54ca4", "rawcaller": "0x79242d5ca4"}}
{"t": "MMAP", "rec": {"size": "0xee000", "ret": "0x74d8a9c000", "caller": "libc.so+0x54ca4", "rawcaller": "0x79242d5ca4"}}
{"t": "MMAP", "rec": {"size": "0xf0000", "ret": "0x74e1317000", "caller": "libc.so+0x54ca4", "rawcaller": "0x79242d5ca4"}}
{"t": "MMAP", "rec": {"size": "0xee000", "ret": "0x74e1318000", "caller": "libc.so+0x54ca4", "rawcaller": "0x79242d5ca4"}}
{"t": "MMAP", "rec": {"size": "0x10a000", "ret": "0x74e38b3000", "caller": "libc.so+0xcafe4", "rawcaller": "0x792434bfe4"}}
{"t": "MMAP", "rec": {"size": "0x1000000", "ret": "0x74df3d7000", "caller": "libc.so+0xcad4c", "rawcaller": "0x792434bd4c"}}
{"t": "MMAP", "rec": {"size": "0xfe000", "ret": "0x74e37b5000", "caller": "libc.so+0xcafe4", "rawcaller": "0x792434bfe4"}}
{"t": "MMAP", "rec": {"size": "0xfe000", "ret": "0x74e1219000", "caller": "libc.so+0xcafe4", "rawcaller": "0x792434bfe4"}}
{"t": "MMAP", "rec": {"size": "0x1000000", "ret": "0x74d8b8b000", "caller": "libc.so+0xcad4c", "rawcaller": "0x792434bd4c"}}
{"t": "MMAP", "rec": {"size": "0x1000000", "ret": "0x74d7a9b000", "caller": "libc.so+0xcad4c", "rawcaller": "0x792434bd4c"}}
{"t": "MMAP", "rec": {"size": "0xfe000", "ret": "0x74e111b000", "caller": "libc.so+0xcafe4", "rawcaller": "0x792434bfe4"}}
{"t": "MMAP", "rec": {"size": "0xfe000", "ret": "0x74e101d000", "caller": "libc.so+0xcafe4", "rawcaller": "0x792434bfe4"}}
{"t": "MMAP", "rec": {"size": "0xfe000", "ret": "0x74e0f1f000", "caller": "libc.so+0xcafe4", "rawcaller": "0x792434bfe4"}}
{"t": "MMAP", "rec": {"size": "0xfe000", "ret": "0x74e0df1000", "caller": "libc.so+0xcafe4", "rawcaller": "0x792434bfe4"}}
{"t": "MMAP", "rec": {"size": "0x1000000", "ret": "0x74d6a9b000", "caller": "libc.so+0xcad4c", "rawcaller": "0x792434bd4c"}}
{"t": "MMAP", "rec": {"size": "0x1000000", "ret": "0x74d5a9b000", "caller": "libc.so+0xcad4c", "rawcaller": "0x792434bd4c"}}
{"t": "MMAP", "rec": {"size": "0x1000000", "ret": "0x74d4a9b000", "caller": "libc.so+0xcad4c", "rawcaller": "0x792434bd4c"}}
{"t": "MMAP", "rec": {"size": "0x1000000", "ret": "0x74d3a9b000", "caller": "libc.so+0xcad4c", "rawcaller": "0x792434bd4c"}}
{"t": "MMAP", "rec": {"size": "0x503000", "ret": "0x74e088e000", "caller": "libc.so+0x54ca4", "rawcaller": "0x79242d5ca4"}}
{"t": "MMAP", "rec": {"size": "0x501000", "ret": "0x74e088f000", "caller": "libc.so+0x54ca4", "rawcaller": "0x79242d5ca4"}}
{"t": "MMAP", "rec": {"size": "0xfe000", "ret": "0x74e0790000", "caller": "libc.so+0xcafe4", "rawcaller": "0x792434bfe4"}}
{"t": "MMAP", "rec": {"size": "0xfe000", "ret": "0x74e0692000", "caller": "libc.so+0xcafe4", "rawcaller": "0x792434bfe4"}}
{"t": "MMAP", "rec": {"size": "0x1000000", "ret": "0x74d2a9b000", "caller": "libc.so+0xcad4c", "rawcaller": "0x792434bd4c"}}
{"t": "MMAP", "rec": {"size": "0xf3000", "ret": "0x74e056f000", "caller": "libc.so+0x54ca4", "rawcaller": "0x79242d5ca4"}}
{"t": "MMAP", "rec": {"size": "0xf1000", "ret": "0x74e0570000", "caller": "libc.so+0x54ca4", "rawcaller": "0x79242d5ca4"}}
{"t": "MMAP", "rec": {"size": "0x1bd000", "ret": "0x74d28de000", "caller": "libc.so+0x54ca4", "rawcaller": "0x79242d5ca4"}}
{"t": "MMAP", "rec": {"size": "0x1bb000", "ret": "0x74d28df000", "caller": "libc.so+0x54ca4", "rawcaller": "0x79242d5ca4"}}
{"t": "MMAP", "rec": {"size": "0xf3000", "ret": "0x74e047c000", "caller": "libc.so+0x54ca4", "rawcaller": "0x79242d5ca4"}}
{"t": "MMAP", "rec": {"size": "0xf1000", "ret": "0x74e047d000", "caller": "libc.so+0x54ca4", "rawcaller": "0x79242d5ca4"}}
{"t": "MMAP", "rec": {"size": "0x1bd000", "ret": "0x74d2721000", "caller": "libc.so+0x54ca4", "rawcaller": "0x79242d5ca4"}}
{"t": "MMAP", "rec": {"size": "0x1bb000", "ret": "0x74d2722000", "caller": "libc.so+0x54ca4", "rawcaller": "0x79242d5ca4"}}
{"t": "MMAP", "rec": {"size": "0x1000000", "ret": "0x74d1721000", "caller": "libc.so+0xcad4c", "rawcaller": "0x792434bd4c"}}
{"t": "MMAP", "rec": {"size": "0xfe000", "ret": "0x74de0e0000", "caller": "libc.so+0xcafe4", "rawcaller": "0x792434bfe4"}}
{"t": "MMAP", "rec": {"size": "0xfe000", "ret": "0x74d1623000", "caller": "libc.so+0xcafe4", "rawcaller": "0x792434bfe4"}}
{"t": "MMAP", "rec": {"size": "0x1000000", "ret": "0x74d0623000", "caller": "libc.so+0xcad4c", "rawcaller": "0x792434bd4c"}}
{"t": "MMAP", "rec": {"size": "0x1bd000", "ret": "0x74d0466000", "caller": "libc.so+0x54ca4", "rawcaller": "0x79242d5ca4"}}
{"t": "MMAP", "rec": {"size": "0x1bb000", "ret": "0x74d0467000", "caller": "libc.so+0x54ca4", "rawcaller": "0x79242d5ca4"}}
{"t": "MMAP", "rec": {"size": "0x1bd000", "ret": "0x74d02a9000", "caller": "libc.so+0x54ca4", "rawcaller": "0x79242d5ca4"}}
{"t": "MMAP", "rec": {"size": "0x1bb000", "ret": "0x74d02aa000", "caller": "libc.so+0x54ca4", "rawcaller": "0x79242d5ca4"}}
{"t": "MMAP", "rec": {"size": "0x1000000", "ret": "0x74cf2a9000", "caller": "libc.so+0xcad4c", "rawcaller": "0x792434bd4c"}}
{"t": "MMAP", "rec": {"size": "0x10a000", "ret": "0x74cf19f000", "caller": "libc.so+0xcafe4", "rawcaller": "0x792434bfe4"}}
{"t": "MMAP", "rec": {"size": "0x1000000", "ret": "0x74cde6d000", "caller": "libc.so+0xcad4c", "rawcaller": "0x792434bd4c"}}
{"t": "MMAP", "rec": {"size": "0x1bd000", "ret": "0x74cc680000", "caller": "libc.so+0x54ca4", "rawcaller": "0x79242d5ca4"}}
{"t": "MMAP", "rec": {"size": "0x1bb000", "ret": "0x74cc681000", "caller": "libc.so+0x54ca4", "rawcaller": "0x79242d5ca4"}}
{"t": "MMAP", "rec": {"size": "0x1bd000", "ret": "0x74cc4c3000", "caller": "libc.so+0x54ca4", "rawcaller": "0x79242d5ca4"}}
{"t": "MMAP", "rec": {"size": "0x1bb000", "ret": "0x74cc4c4000", "caller": "libc.so+0x54ca4", "rawcaller": "0x79242d5ca4"}}
{"t": "MMAP", "rec": {"size": "0x1bd000", "ret": "0x74cc306000", "caller": "libc.so+0x54ca4", "rawcaller": "0x79242d5ca4"}}
{"t": "MMAP", "rec": {"size": "0x1bb000", "ret": "0x74cc307000", "caller": "libc.so+0x54ca4", "rawcaller": "0x79242d5ca4"}}
{"t": "MMAP", "rec": {"size": "0x154000", "ret": "0x71da769000", "caller": "android.hardware.graphics.mapper@3.0-impl-ranchu.so+0x11c74", "rawcaller": "0x76323d8c74"}}
{"t": "MMAP", "rec": {"size": "0x1bd000", "ret": "0x74cc149000", "caller": "libc.so+0x54ca4", "rawcaller": "0x79242d5ca4"}}
{"t": "MMAP", "rec": {"size": "0x1bb000", "ret": "0x74cc14a000", "caller": "libc.so+0x54ca4", "rawcaller": "0x79242d5ca4"}}
{"t": "MMAP", "rec": {"size": "0x1bd000", "ret": "0x74cbf8c000", "caller": "libc.so+0x54ca4", "rawcaller": "0x79242d5ca4"}}
{"t": "MMAP", "rec": {"size": "0x1bb000", "ret": "0x74cbf8d000", "caller": "libc.so+0x54ca4", "rawcaller": "0x79242d5ca4"}}
{"t": "MMAP", "rec": {"size": "0x1bd000", "ret": "0x74cbdcf000", "caller": "libc.so+0x54ca4", "rawcaller": "0x79242d5ca4"}}
{"t": "MMAP", "rec": {"size": "0x1bb000", "ret": "0x74cbdd0000", "caller": "libc.so+0x54ca4", "rawcaller": "0x79242d5ca4"}}
{"t": "MMAP", "rec": {"size": "0x1bd000", "ret": "0x74cbc12000", "caller": "libc.so+0x54ca4", "rawcaller": "0x79242d5ca4"}}
{"t": "MMAP", "rec": {"size": "0x1bb000", "ret": "0x74cbc13000", "caller": "libc.so+0x54ca4", "rawcaller": "0x79242d5ca4"}}
{"t": "MMAP", "rec": {"size": "0x1bd000", "ret": "0x74cba55000", "caller": "libc.so+0x54ca4", "rawcaller": "0x79242d5ca4"}}
{"t": "MMAP", "rec": {"size": "0x1bb000", "ret": "0x74cba56000", "caller": "libc.so+0x54ca4", "rawcaller": "0x79242d5ca4"}}
{"t": "MMAP", "rec": {"size": "0x1bd000", "ret": "0x74cb87d000", "caller": "libc.so+0x54ca4", "rawcaller": "0x79242d5ca4"}}
{"t": "MMAP", "rec": {"size": "0x1bb000", "ret": "0x74cb87e000", "caller": "libc.so+0x54ca4", "rawcaller": "0x79242d5ca4"}}
{"t": "MMAP", "rec": {"size": "0x1bd000", "ret": "0x74cb665000", "caller": "libc.so+0x54ca4", "rawcaller": "0x79242d5ca4"}}
{"t": "MMAP", "rec": {"size": "0x1bb000", "ret": "0x74cb666000", "caller": "libc.so+0x54ca4", "rawcaller": "0x79242d5ca4"}}
{"t": "MMAP", "rec": {"size": "0x10a000", "ret": "0x74cb540000", "caller": "libc.so+0xcafe4", "rawcaller": "0x792434bfe4"}}
{"t": "MMAP", "rec": {"size": "0x10a000", "ret": "0x74cb436000", "caller": "libc.so+0xcafe4", "rawcaller": "0x792434bfe4"}}
{"t": "MMAP", "rec": {"size": "0x10a000", "ret": "0x74cb32c000", "caller": "libc.so+0xcafe4", "rawcaller": "0x792434bfe4"}}
{"t": "MMAP", "rec": {"size": "0x10a000", "ret": "0x74cb222000", "caller": "libc.so+0xcafe4", "rawcaller": "0x792434bfe4"}}
{"t": "MMAP", "rec": {"size": "0x1000000", "ret": "0x74ca1f2000", "caller": "libc.so+0xcad4c", "rawcaller": "0x792434bd4c"}}
{"t": "MMAP", "rec": {"size": "0x1000000", "ret": "0x74c91c2000", "caller": "libc.so+0xcad4c", "rawcaller": "0x792434bd4c"}}
{"t": "MMAP", "rec": {"size": "0x1000000", "ret": "0x74c8192000", "caller": "libc.so+0xcad4c", "rawcaller": "0x792434bd4c"}}
{"t": "MMAP", "rec": {"size": "0x1000000", "ret": "0x74c7162000", "caller": "libc.so+0xcad4c", "rawcaller": "0x792434bd4c"}}
{"t": "MMAP", "rec": {"size": "0x10a000", "ret": "0x74c7058000", "caller": "libc.so+0xcafe4", "rawcaller": "0x792434bfe4"}}
{"t": "MMAP", "rec": {"size": "0x1000000", "ret": "0x74c6028000", "caller": "libc.so+0xcad4c", "rawcaller": "0x792434bd4c"}}
{"t": "MMAP", "rec": {"size": "0x10a000", "ret": "0x74c5f1e000", "caller": "libc.so+0xcafe4", "rawcaller": "0x792434bfe4"}}
{"t": "MMAP", "rec": {"size": "0x1000000", "ret": "0x74c4eee000", "caller": "libc.so+0xcad4c", "rawcaller": "0x792434bd4c"}}
{"t": "MMAP", "rec": {"size": "0xfe000", "ret": "0x74c4df0000", "caller": "libc.so+0xcafe4", "rawcaller": "0x792434bfe4"}}
{"t": "MMAP", "rec": {"size": "0x10a000", "ret": "0x74c4ce6000", "caller": "libc.so+0xcafe4", "rawcaller": "0x792434bfe4"}}
{"t": "MMAP", "rec": {"size": "0x1000000", "ret": "0x74c3cb6000", "caller": "libc.so+0xcad4c", "rawcaller": "0x792434bd4c"}}
{"t": "MMAP", "rec": {"size": "0x1000000", "ret": "0x74c2c22000", "caller": "libc.so+0xcad4c", "rawcaller": "0x792434bd4c"}}
{"t": "MMAP", "rec": {"size": "0x4b4444", "ret": "0x74c2600000", "caller": "libopenjdk.so+0x23954", "rawcaller": "0x76553a6954"}}
{"t": "MMAP", "rec": {"size": "0x4b4444", "ret": "0x74c2000000", "caller": "libopenjdk.so+0x23954", "rawcaller": "0x76553a6954"}}
{"t": "MMAP", "rec": {"size": "0x10a000", "ret": "0x74c24f6000", "caller": "libc.so+0xcafe4", "rawcaller": "0x792434bfe4"}}
{"t": "MMAP", "rec": {"size": "0x1000000", "ret": "0x74c1000000", "caller": "libc.so+0xcad4c", "rawcaller": "0x792434bd4c"}}
{"t": "MMAP", "rec": {"size": "0x10a000", "ret": "0x74c0ef6000", "caller": "libc.so+0xcafe4", "rawcaller": "0x792434bfe4"}}
{"t": "MMAP", "rec": {"size": "0x1000000", "ret": "0x74bfef6000", "caller": "libc.so+0xcad4c", "rawcaller": "0x792434bd4c"}}
{"t": "MMAP", "rec": {"size": "0x10a000", "ret": "0x74c6f1e000", "caller": "libc.so+0xcafe4", "rawcaller": "0x792434bfe4"}}
{"t": "MMAP", "rec": {"size": "0x1000000", "ret": "0x74c0000000", "caller": "libc.so+0xcad4c", "rawcaller": "0x792434bd4c"}}
{"t": "MMAP", "rec": {"size": "0x10a000", "ret": "0x74c6e14000", "caller": "libc.so+0xcafe4", "rawcaller": "0x792434bfe4"}}
{"t": "MMAP", "rec": {"size": "0x10a000", "ret": "0x74c6d0a000", "caller": "libc.so+0xcafe4", "rawcaller": "0x792434bfe4"}}
{"t": "MMAP", "rec": {"size": "0x1000000", "ret": "0x74bf000000", "caller": "libc.so+0xcad4c", "rawcaller": "0x792434bd4c"}}
{"t": "MMAP", "rec": {"size": "0x1000000", "ret": "0x74be000000", "caller": "libc.so+0xcad4c", "rawcaller": "0x792434bd4c"}}
{"t": "MMAP", "rec": {"size": "0x10a000", "ret": "0x74c6b40000", "caller": "libc.so+0xcafe4", "rawcaller": "0x792434bfe4"}}
{"t": "MMAP", "rec": {"size": "0xfe000", "ret": "0x74c6a42000", "caller": "libc.so+0xcafe4", "rawcaller": "0x792434bfe4"}}
{"t": "MMAP", "rec": {"size": "0x1000000", "ret": "0x74bd000000", "caller": "libc.so+0xcad4c", "rawcaller": "0x792434bd4c"}}
{"t": "MMAP", "rec": {"size": "0x1000000", "ret": "0x74bc000000", "caller": "libc.so+0xcad4c", "rawcaller": "0x792434bd4c"}}
{"t": "MMAP", "rec": {"size": "0x10a000", "ret": "0x74c6938000", "caller": "libc.so+0xcafe4", "rawcaller": "0x792434bfe4"}}
{"t": "MMAP", "rec": {"size": "0x1000000", "ret": "0x74bb000000", "caller": "libc.so+0xcad4c", "rawcaller": "0x792434bd4c"}}
{"t": "MMAP", "rec": {"size": "0x10a000", "ret": "0x74c682e000", "caller": "libc.so+0xcafe4", "rawcaller": "0x792434bfe4"}}
{"t": "MMAP", "rec": {"size": "0x1000000", "ret": "0x74ba000000", "caller": "libc.so+0xcad4c", "rawcaller": "0x792434bd4c"}}
{"t": "MMAP", "rec": {"size": "0x10a000", "ret": "0x74c6724000", "caller": "libc.so+0xcafe4", "rawcaller": "0x792434bfe4"}}
{"t": "MMAP", "rec": {"size": "0x10a000", "ret": "0x74c661a000", "caller": "libc.so+0xcafe4", "rawcaller": "0x792434bfe4"}}
{"t": "MMAP", "rec": {"size": "0x10a000", "ret": "0x74c64e0000", "caller": "libc.so+0xcafe4", "rawcaller": "0x792434bfe4"}}
{"t": "MMAP", "rec": {"size": "0x1000000", "ret": "0x74b9000000", "caller": "libc.so+0xcad4c", "rawcaller": "0x792434bd4c"}}
{"t": "MMAP", "rec": {"size": "0x1000000", "ret": "0x74b8000000", "caller": "libc.so+0xcad4c", "rawcaller": "0x792434bd4c"}}
{"t": "MMAP", "rec": {"size": "0x1000000", "ret": "0x74b7000000", "caller": "libc.so+0xcad4c", "rawcaller": "0x792434bd4c"}}
{"t": "MMAP", "rec": {"size": "0x10a000", "ret": "0x74c6376000", "caller": "libc.so+0xcafe4", "rawcaller": "0x792434bfe4"}}
{"t": "mon", "nBig": 602, "self": 0, "base": "0x7557001000"}
{"t": "MMAP", "rec": {"size": "0x1000000", "ret": "0x74de300000", "caller": "libc.so+0xcad4c", "rawcaller": "0x792434bd4c"}}
{"t": "MMAP", "rec": {"size": "0x10a000", "ret": "0x74e36ab000", "caller": "libc.so+0xcafe4", "rawcaller": "0x792434bfe4"}}
{"t": "MMAP", "rec": {"size": "0x10a000", "ret": "0x74c623c000", "caller": "libc.so+0xcafe4", "rawcaller": "0x792434bfe4"}}
{"t": "MMAP", "rec": {"size": "0xfe000", "ret": "0x74c613e000", "caller": "libc.so+0xcafe4", "rawcaller": "0x792434bfe4"}}
{"t": "MMAP", "rec": {"size": "0x1000000", "ret": "0x74b6000000", "caller": "libc.so+0xcad4c", "rawcaller": "0x792434bd4c"}}
{"t": "MMAP", "rec": {"size": "0x1000000", "ret": "0x74b5000000", "caller": "libc.so+0xcad4c", "rawcaller": "0x792434bd4c"}}
{"t": "MMAP", "rec": {"size": "0x1000000", "ret": "0x74b4000000", "caller": "libc.so+0xcad4c", "rawcaller": "0x792434bd4c"}}
{"t": "MMAP", "rec": {"size": "0x10a000", "ret": "0x74b3ef6000", "caller": "libc.so+0xcafe4", "rawcaller": "0x792434bfe4"}}
{"t": "MMAP", "rec": {"size": "0x1bd000", "ret": "0x74b6e43000", "caller": "libc.so+0x54ca4", "rawcaller": "0x79242d5ca4"}}
{"t": "MMAP", "rec": {"size": "0x1bb000", "ret": "0x74b6e44000", "caller": "libc.so+0x54ca4", "rawcaller": "0x79242d5ca4"}}
{"t": "MMAP", "rec": {"size": "0x154000", "ret": "0x74b6cef000", "caller": "android.hardware.graphics.mapper@3.0-impl-ranchu.so+0x11c74", "rawcaller": "0x76323d8c74"}}
{"t": "MMAP", "rec": {"size": "0x1000000", "ret": "0x74b2ef6000", "caller": "libc.so+0xcad4c", "rawcaller": "0x792434bd4c"}}
{"t": "MMAP", "rec": {"size": "0x154000", "ret": "0x74b6b9b000", "caller": "android.hardware.graphics.mapper@3.0-impl-ranchu.so+0x11c74", "rawcaller": "0x76323d8c74"}}
{"t": "MMAP", "rec": {"size": "0xfe000", "ret": "0x74b6a9d000", "caller": "libc.so+0xcafe4", "rawcaller": "0x792434bfe4"}}
{"t": "MMAP", "rec": {"size": "0x10a000", "ret": "0x74b6993000", "caller": "libc.so+0xcafe4", "rawcaller": "0x792434bfe4"}}
{"t": "MMAP", "rec": {"size": "0xfe000", "ret": "0x74b6895000", "caller": "libc.so+0xcafe4", "rawcaller": "0x792434bfe4"}}
{"t": "MMAP", "rec": {"size": "0x1000000", "ret": "0x74b4000000", "caller": "libc.so+0xcad4c", "rawcaller": "0x792434bd4c"}}
{"t": "MMAP", "rec": {"size": "0x10a000", "ret": "0x74c623c000", "caller": "libc.so+0xcafe4", "rawcaller": "0x792434bfe4"}}
{"t": "MMAP", "rec": {"size": "0x1000000", "ret": "0x74b0ef6000", "caller": "libc.so+0xcad4c", "rawcaller": "0x792434bd4c"}}
{"t": "MMAP", "rec": {"size": "0x10a000", "ret": "0x753cbef000", "caller": "libc.so+0xcafe4", "rawcaller": "0x792434bfe4"}}
{"t": "MMAP", "rec": {"size": "0x1000000", "ret": "0x74afef6000", "caller": "libc.so+0xcad4c", "rawcaller": "0x792434bd4c"}}
{"t": "MMAP", "rec": {"size": "0x10a000", "ret": "0x753cae5000", "caller": "libc.so+0xcafe4", "rawcaller": "0x792434bfe4"}}
{"t": "MMAP", "rec": {"size": "0x1000000", "ret": "0x74aeef6000", "caller": "libc.so+0xcad4c", "rawcaller": "0x792434bd4c"}}
{"t": "MMAP", "rec": {"size": "0xfe000", "ret": "0x753c9e7000", "caller": "libc.so+0xcafe4", "rawcaller": "0x792434bfe4"}}
{"t": "MMAP", "rec": {"size": "0x1000000", "ret": "0x74adef6000", "caller": "libc.so+0xcad4c", "rawcaller": "0x792434bd4c"}}
{"t": "MMAP", "rec": {"size": "0x1000000", "ret": "0x74b1ef6000", "caller": "libc.so+0xcad4c", "rawcaller": "0x792434bd4c"}}
{"t": "MMAP", "rec": {"size": "0x1000000", "ret": "0x74acef6000", "caller": "libc.so+0xcad4c", "rawcaller": "0x792434bd4c"}}
{"t": "MMAP", "rec": {"size": "0x1bd000", "ret": "0x753ccf9000", "caller": "libc.so+0x54ca4", "rawcaller": "0x79242d5ca4"}}
{"t": "MMAP", "rec": {"size": "0x1bb000", "ret": "0x753ccfa000", "caller": "libc.so+0x54ca4", "rawcaller": "0x79242d5ca4"}}
{"t": "MMAP", "rec": {"size": "0x10a000", "ret": "0x753c8dd000", "caller": "libc.so+0xcafe4", "rawcaller": "0x792434bfe4"}}
{"t": "MMAP", "rec": {"size": "0x1bd000", "ret": "0x753c720000", "caller": "libc.so+0x54ca4", "rawcaller": "0x79242d5ca4"}}
{"t": "MMAP", "rec": {"size": "0x1bb000", "ret": "0x753c721000", "caller": "libc.so+0x54ca4", "rawcaller": "0x79242d5ca4"}}
{"t": "MMAP", "rec": {"size": "0x10a000", "ret": "0x753c616000", "caller": "libc.so+0xcafe4", "rawcaller": "0x792434bfe4"}}
{"t": "MMAP", "rec": {"size": "0x1000000", "ret": "0x74abef6000", "caller": "libc.so+0xcad4c", "rawcaller": "0x792434bd4c"}}
{"t": "MMAP", "rec": {"size": "0x10a000", "ret": "0x753c476000", "caller": "libc.so+0xcafe4", "rawcaller": "0x792434bfe4"}}
{"t": "MMAP", "rec": {"size": "0xfe000", "ret": "0x753c378000", "caller": "libc.so+0xcafe4", "rawcaller": "0x792434bfe4"}}
{"t": "MMAP", "rec": {"size": "0x1000000", "ret": "0x74e39bd000", "caller": "libc.so+0xcad4c", "rawcaller": "0x792434bd4c"}}
{"t": "MMAP", "rec": {"size": "0x1000000", "ret": "0x74aaef6000", "caller": "libc.so+0xcad4c", "rawcaller": "0x792434bd4c"}}
{"t": "mon", "nBig": 640, "self": 0, "base": "0x7557001000"}
{"t": "MMAP", "rec": {"size": "0x10a000", "ret": "0x753c26e000", "caller": "libc.so+0xcafe4", "rawcaller": "0x792434bfe4"}}
{"t": "MMAP", "rec": {"size": "0x10a000", "ret": "0x753c134000", "caller": "libc.so+0xcafe4", "rawcaller": "0x792434bfe4"}}
{"t": "MMAP", "rec": {"size": "0x1000000", "ret": "0x74a9ef6000", "caller": "libc.so+0xcad4c", "rawcaller": "0x792434bd4c"}}
{"t": "MMAP", "rec": {"size": "0x1000000", "ret": "0x74a8ef6000", "caller": "libc.so+0xcad4c", "rawcaller": "0x792434bd4c"}}
{"t": "MMAP", "rec": {"size": "0x1000000", "ret": "0x74a7ef6000", "caller": "libc.so+0xcad4c", "rawcaller": "0x792434bd4c"}}
{"t": "MMAP", "rec": {"size": "0x10a000", "ret": "0x75e3a69000", "caller": "libc.so+0xcafe4", "rawcaller": "0x792434bfe4"}}
{"t": "MMAP", "rec": {"size": "0x1bd000", "ret": "0x75e3856000", "caller": "libc.so+0x54ca4", "rawcaller": "0x79242d5ca4"}}
{"t": "MMAP", "rec": {"size": "0x1bb000", "ret": "0x75e3857000", "caller": "libc.so+0x54ca4", "rawcaller": "0x79242d5ca4"}}
{"t": "MMAP", "rec": {"size": "0x1000000", "ret": "0x74a6ef6000", "caller": "libc.so+0xcad4c", "rawcaller": "0x792434bd4c"}}
{"t": "MMAP", "rec": {"size": "0x10a000", "ret": "0x75e36c8000", "caller": "libc.so+0xcafe4", "rawcaller": "0x792434bfe4"}}
{"t": "MMAP", "rec": {"size": "0x1000000", "ret": "0x74a403b000", "caller": "libc.so+0xcad4c", "rawcaller": "0x792434bd4c"}}
{"t": "MMAP", "rec": {"size": "0x16a000", "ret": "0x75e350e000", "caller": "libc.so+0x54ca4", "rawcaller": "0x79242d5ca4"}}
{"t": "MMAP", "rec": {"size": "0x168000", "ret": "0x75e350f000", "caller": "libc.so+0x54ca4", "rawcaller": "0x79242d5ca4"}}
{"t": "MMAP", "rec": {"size": "0x10a000", "ret": "0x75e3404000", "caller": "libc.so+0xcafe4", "rawcaller": "0x792434bfe4"}}
{"t": "MMAP", "rec": {"size": "0x10a000", "ret": "0x75e32fa000", "caller": "libc.so+0xcafe4", "rawcaller": "0x792434bfe4"}}
{"t": "mon", "nBig": 655, "self": 0, "base": "0x7557001000"}
{"t": "MMAP", "rec": {"size": "0x10a000", "ret": "0x75e3144000", "caller": "libc.so+0xcafe4", "rawcaller": "0x792434bfe4"}}
{"t": "MMAP", "rec": {"size": "0x1000000", "ret": "0x74a303b000", "caller": "libc.so+0xcad4c", "rawcaller": "0x792434bd4c"}}
{"t": "MMAP", "rec": {"size": "0x1000000", "ret": "0x74a203b000", "caller": "libc.so+0xcad4c", "rawcaller": "0x792434bd4c"}}
{"t": "MMAP", "rec": {"size": "0x1000000", "ret": "0x74a103b000", "caller": "libc.so+0xcad4c", "rawcaller": "0x792434bd4c"}}
{"t": "MMAP", "rec": {"size": "0x10a000", "ret": "0x75e2fcc000", "caller": "libc.so+0xcafe4", "rawcaller": "0x792434bfe4"}}
{"t": "MMAP", "rec": {"size": "0x1000000", "ret": "0x74a003b000", "caller": "libc.so+0xcad4c", "rawcaller": "0x792434bd4c"}}
{"t": "MMAP", "rec": {"size": "0x200000", "ret": "0x75e2d73000", "caller": "libandroidfw.so+0x892e0", "rawcaller": "0x791e48b2e0"}}
{"t": "MMAP", "rec": {"size": "0x83000", "ret": "0x75e2cad000", "caller": "libc.so+0x54ca4", "rawcaller": "0x79242d5ca4"}}
{"t": "MMAP", "rec": {"size": "0x81000", "ret": "0x75e2cae000", "caller": "libc.so+0x54ca4", "rawcaller": "0x79242d5ca4"}}
{"t": "MMAP", "rec": {"size": "0x103000", "ret": "0x753c001000", "caller": "libc.so+0x54ca4", "rawcaller": "0x79242d5ca4"}}
{"t": "MMAP", "rec": {"size": "0x101000", "ret": "0x753c002000", "caller": "libc.so+0x54ca4", "rawcaller": "0x79242d5ca4"}}
{"t": "MMAP", "rec": {"size": "0x10c000", "ret": "0x75e2e67000", "caller": "libc.so+0x54ca4", "rawcaller": "0x79242d5ca4"}}
{"t": "MMAP", "rec": {"size": "0x10a000", "ret": "0x75e2e68000", "caller": "libc.so+0x54ca4", "rawcaller": "0x79242d5ca4"}}
{"t": "MMAP", "rec": {"size": "0x203000", "ret": "0x74b6692000", "caller": "libc.so+0x54ca4", "rawcaller": "0x79242d5ca4"}}
{"t": "MMAP", "rec": {"size": "0x201000", "ret": "0x74b6693000", "caller": "libc.so+0x54ca4", "rawcaller": "0x79242d5ca4"}}
{"t": "MMAP", "rec": {"size": "0x10a000", "ret": "0x753bef7000", "caller": "libc.so+0xcafe4", "rawcaller": "0x792434bfe4"}}
{"t": "MMAP", "rec": {"size": "0x193000", "ret": "0x74b64ff000", "caller": "libc.so+0x54ca4", "rawcaller": "0x79242d5ca4"}}
{"t": "MMAP", "rec": {"size": "0x191000", "ret": "0x74b6500000", "caller": "libc.so+0x54ca4", "rawcaller": "0x79242d5ca4"}}
{"t": "MMAP", "rec": {"size": "0x10a000", "ret": "0x74e59ed000", "caller": "libc.so+0xcafe4", "rawcaller": "0x792434bfe4"}}
{"t": "MMAP", "rec": {"size": "0x1000000", "ret": "0x749f03b000", "caller": "libc.so+0xcad4c", "rawcaller": "0x792434bd4c"}}
{"t": "MMAP", "rec": {"size": "0x10a000", "ret": "0x74b63f5000", "caller": "libc.so+0xcafe4", "rawcaller": "0x792434bfe4"}}
{"t": "MMAP", "rec": {"size": "0x1000000", "ret": "0x752ac8f000", "caller": "libc.so+0xcad4c", "rawcaller": "0x792434bd4c"}}
{"t": "MMAP", "rec": {"size": "0x1000000", "ret": "0x749e03b000", "caller": "libc.so+0xcad4c", "rawcaller": "0x792434bd4c"}}
{"t": "MMAP", "rec": {"size": "0x10a000", "ret": "0x752ed8d000", "caller": "libc.so+0xcafe4", "rawcaller": "0x792434bfe4"}}
{"t": "MMAP", "rec": {"size": "0x10a000", "ret": "0x74b62eb000", "caller": "libc.so+0xcafe4", "rawcaller": "0x792434bfe4"}}
{"t": "MMAP", "rec": {"size": "0x1000000", "ret": "0x749d03b000", "caller": "libc.so+0xcad4c", "rawcaller": "0x792434bd4c"}}
{"t": "MMAP", "rec": {"size": "0x1000000", "ret": "0x749c03b000", "caller": "libc.so+0xcad4c", "rawcaller": "0x792434bd4c"}}
{"t": "MMAP", "rec": {"size": "0x200000", "ret": "0x74b6695000", "caller": "libandroidfw.so+0x892e0", "rawcaller": "0x791e48b2e0"}}
{"t": "mon", "nBig": 683, "self": 0, "base": "0x7557001000"}
{"t": "MMAP", "rec": {"size": "0x106000", "ret": "0x75a1b76000", "caller": "libc.so+0x54ca4", "rawcaller": "0x79242d5ca4"}}
{"t": "MMAP", "rec": {"size": "0x104000", "ret": "0x75a1b77000", "caller": "libc.so+0x54ca4", "rawcaller": "0x79242d5ca4"}}
{"t": "MMAP", "rec": {"size": "0x200000", "ret": "0x75a1976000", "caller": "libandroidfw.so+0x892e0", "rawcaller": "0x791e48b2e0"}}
{"t": "MMAP", "rec": {"size": "0x10a000", "ret": "0x75a1a6c000", "caller": "libc.so+0xcafe4", "rawcaller": "0x792434bfe4"}}
{"t": "MMAP", "rec": {"size": "0x10a000", "ret": "0x75a1962000", "caller": "libc.so+0xcafe4", "rawcaller": "0x792434bfe4"}}
{"t": "mon", "nBig": 688, "self": 0, "base": "0x7557001000"}
{"t": "MMAP", "rec": {"size": "0x10a000", "ret": "0x75a1858000", "caller": "libc.so+0xcafe4", "rawcaller": "0x792434bfe4"}}
{"t": "MMAP", "rec": {"size": "0x1000000", "ret": "0x74ea09c000", "caller": "libc.so+0xcad4c", "rawcaller": "0x792434bd4c"}}
{"t": "MMAP", "rec": {"size": "0x1000000", "ret": "0x74a9ef6000", "caller": "libc.so+0xcad4c", "rawcaller": "0x792434bd4c"}}
{"t": "MMAP", "rec": {"size": "0x1000000", "ret": "0x749b03b000", "caller": "libc.so+0xcad4c", "rawcaller": "0x792434bd4c"}}
{"t": "MMAP", "rec": {"size": "0x10a000", "ret": "0x764eec7000", "caller": "libc.so+0xcafe4", "rawcaller": "0x792434bfe4"}}
{"t": "MMAP", "rec": {"size": "0x10a000", "ret": "0x75e2e69000", "caller": "libc.so+0xcafe4", "rawcaller": "0x792434bfe4"}}
{"t": "MMAP", "rec": {"size": "0x1000000", "ret": "0x752897d000", "caller": "libc.so+0xcad4c", "rawcaller": "0x792434bd4c"}}
{"t": "MMAP", "rec": {"size": "0x1000000", "ret": "0x74d2a9b000", "caller": "libc.so+0xcad4c", "rawcaller": "0x792434bd4c"}}
{"t": "MMAP", "rec": {"size": "0x10a000", "ret": "0x75e356e000", "caller": "libc.so+0xcafe4", "rawcaller": "0x792434bfe4"}}
{"t": "MMAP", "rec": {"size": "0x10a000", "ret": "0x75a1858000", "caller": "libc.so+0xcafe4", "rawcaller": "0x792434bfe4"}}
{"t": "MMAP", "rec": {"size": "0x10a000", "ret": "0x75a174e000", "caller": "libc.so+0xcafe4", "rawcaller": "0x792434bfe4"}}
{"t": "MMAP", "rec": {"size": "0x10a000", "ret": "0x75a1644000", "caller": "libc.so+0xcafe4", "rawcaller": "0x792434bfe4"}}
{"t": "MMAP", "rec": {"size": "0x10a000", "ret": "0x75a153a000", "caller": "libc.so+0xcafe4", "rawcaller": "0x792434bfe4"}}
{"t": "MMAP", "rec": {"size": "0x1000000", "ret": "0x74d1721000", "caller": "libc.so+0xcad4c", "rawcaller": "0x792434bd4c"}}
{"t": "MMAP", "rec": {"size": "0x10a000", "ret": "0x75a1430000", "caller": "libc.so+0xcafe4", "rawcaller": "0x792434bfe4"}}
{"t": "MMAP", "rec": {"size": "0x1000000", "ret": "0x749b03b000", "caller": "libc.so+0xcad4c", "rawcaller": "0x792434bd4c"}}
{"t": "MMAP", "rec": {"size": "0x1000000", "ret": "0x749a03b000", "caller": "libc.so+0xcad4c", "rawcaller": "0x792434bd4c"}}
{"t": "MMAP", "rec": {"size": "0x1000000", "ret": "0x749903b000", "caller": "libc.so+0xcad4c", "rawcaller": "0x792434bd4c"}}
{"t": "MMAP", "rec": {"size": "0xfe000", "ret": "0x75a1b7e000", "caller": "libc.so+0xcafe4", "rawcaller": "0x792434bfe4"}}
{"t": "MMAP", "rec": {"size": "0xfe000", "ret": "0x75a1332000", "caller": "libc.so+0xcafe4", "rawcaller": "0x792434bfe4"}}
{"t": "MMAP", "rec": {"size": "0x1000000", "ret": "0x749803b000", "caller": "libc.so+0xcad4c", "rawcaller": "0x792434bd4c"}}
{"t": "MMAP", "rec": {"size": "0x1000000", "ret": "0x749703b000", "caller": "libc.so+0xcad4c", "rawcaller": "0x792434bd4c"}}
{"t": "MMAP", "rec": {"size": "0x1000000", "ret": "0x749603b000", "caller": "libc.so+0xcad4c", "rawcaller": "0x792434bd4c"}}
{"t": "MMAP", "rec": {"size": "0xf3000", "ret": "0x75a123f000", "caller": "libc.so+0x54ca4", "rawcaller": "0x79242d5ca4"}}
{"t": "MMAP", "rec": {"size": "0xf1000", "ret": "0x75a1240000", "caller": "libc.so+0x54ca4", "rawcaller": "0x79242d5ca4"}}
{"t": "MMAP", "rec": {"size": "0x1000000", "ret": "0x749503b000", "caller": "libc.so+0xcad4c", "rawcaller": "0x792434bd4c"}}
{"t": "MMAP", "rec": {"size": "0xf3000", "ret": "0x75a114c000", "caller": "libc.so+0x54ca4", "rawcaller": "0x79242d5ca4"}}
{"t": "MMAP", "rec": {"size": "0xf1000", "ret": "0x75a114d000", "caller": "libc.so+0x54ca4", "rawcaller": "0x79242d5ca4"}}
{"t": "MMAP", "rec": {"size": "0x10a000", "ret": "0x75a1042000", "caller": "libc.so+0xcafe4", "rawcaller": "0x792434bfe4"}}
{"t": "MMAP", "rec": {"size": "0x10a000", "ret": "0x75a0f38000", "caller": "libc.so+0xcafe4", "rawcaller": "0x792434bfe4"}}
{"t": "MMAP", "rec": {"size": "0xfe000", "ret": "0x75a0e3a000", "caller": "libc.so+0xcafe4", "rawcaller": "0x792434bfe4"}}
{"t": "mon", "nBig": 719, "self": 0, "base": "0x7557001000"}
{"t": "MMAP", "rec": {"size": "0x10a000", "ret": "0x75a0d30000", "caller": "libc.so+0xcafe4", "rawcaller": "0x792434bfe4"}}
{"t": "MMAP", "rec": {"size": "0x1000000", "ret": "0x749403b000", "caller": "libc.so+0xcad4c", "rawcaller": "0x792434bd4c"}}
{"t": "MMAP", "rec": {"size": "0x1bd000", "ret": "0x74e06d1000", "caller": "libc.so+0x54ca4", "rawcaller": "0x79242d5ca4"}}
{"t": "MMAP", "rec": {"size": "0x10a000", "ret": "0x753c134000", "caller": "libc.so+0xcafe4", "rawcaller": "0x792434bfe4"}}
{"t": "MMAP", "rec": {"size": "0x10a000", "ret": "0x752ab85000", "caller": "libc.so+0xcafe4", "rawcaller": "0x792434bfe4"}}
{"t": "MMAP", "rec": {"size": "0x1000000", "ret": "0x749303b000", "caller": "libc.so+0xcad4c", "rawcaller": "0x792434bd4c"}}
{"t": "MMAP", "rec": {"size": "0x1bb000", "ret": "0x74e06d2000", "caller": "libc.so+0x54ca4", "rawcaller": "0x79242d5ca4"}}
{"t": "MMAP", "rec": {"size": "0x1000000", "ret": "0x749203b000", "caller": "libc.so+0xcad4c", "rawcaller": "0x792434bd4c"}}
{"t": "MMAP", "rec": {"size": "0x1000000", "ret": "0x749103b000", "caller": "libc.so+0xcad4c", "rawcaller": "0x792434bd4c"}}
{"t": "MMAP", "rec": {"size": "0x10a000", "ret": "0x74ec09c000", "caller": "libc.so+0xcafe4", "rawcaller": "0x792434bfe4"}}
{"t": "MMAP", "rec": {"size": "0x1000000", "ret": "0x749003b000", "caller": "libc.so+0xcad4c", "rawcaller": "0x792434bd4c"}}
{"t": "MMAP", "rec": {"size": "0x10a000", "ret": "0x74e0558000", "caller": "libc.so+0xcafe4", "rawcaller": "0x792434bfe4"}}
{"t": "MMAP", "rec": {"size": "0x1000000", "ret": "0x748f03b000", "caller": "libc.so+0xcad4c", "rawcaller": "0x792434bd4c"}}
{"t": "MMAP", "rec": {"size": "0x1bd000", "ret": "0x74d0466000", "caller": "libc.so+0x54ca4", "rawcaller": "0x79242d5ca4"}}
{"t": "MMAP", "rec": {"size": "0x1bb000", "ret": "0x74d0467000", "caller": "libc.so+0x54ca4", "rawcaller": "0x79242d5ca4"}}
{"t": "MMAP", "rec": {"size": "0x1000000", "ret": "0x748e03b000", "caller": "libc.so+0xcad4c", "rawcaller": "0x792434bd4c"}}
{"t": "MMAP", "rec": {"size": "0x10a000", "ret": "0x74cc3b9000", "caller": "libc.so+0xcafe4", "rawcaller": "0x792434bfe4"}}
{"t": "MMAP", "rec": {"size": "0x1000000", "ret": "0x748d03b000", "caller": "libc.so+0xcad4c", "rawcaller": "0x792434bd4c"}}
{"t": "MMAP", "rec": {"size": "0x10a000", "ret": "0x74cbb08000", "caller": "libc.so+0xcafe4", "rawcaller": "0x792434bfe4"}}
{"t": "MMAP", "rec": {"size": "0x1000000", "ret": "0x748c03b000", "caller": "libc.so+0xcad4c", "rawcaller": "0x792434bd4c"}}
{"t": "MMAP", "rec": {"size": "0x10a000", "ret": "0x74b678b000", "caller": "libc.so+0xcafe4", "rawcaller": "0x792434bfe4"}}
{"t": "MMAP", "rec": {"size": "0x1000000", "ret": "0x748b03b000", "caller": "libc.so+0xcad4c", "rawcaller": "0x792434bd4c"}}
{"t": "MMAP", "rec": {"size": "0x10a000", "ret": "0x74b61e1000", "caller": "libc.so+0xcafe4", "rawcaller": "0x792434bfe4"}}
{"t": "MMAP", "rec": {"size": "0x1000000", "ret": "0x748a03b000", "caller": "libc.so+0xcad4c", "rawcaller": "0x792434bd4c"}}
{"t": "MMAP", "rec": {"size": "0x10a000", "ret": "0x74b60d7000", "caller": "libc.so+0xcafe4", "rawcaller": "0x792434bfe4"}}
{"t": "MMAP", "rec": {"size": "0x1000000", "ret": "0x748903b000", "caller": "libc.so+0xcad4c", "rawcaller": "0x792434bd4c"}}
{"t": "MMAP", "rec": {"size": "0x1000000", "ret": "0x748803b000", "caller": "libc.so+0xcad4c", "rawcaller": "0x792434bd4c"}}
{"t": "MMAP", "rec": {"size": "0x10a000", "ret": "0x74a50f6000", "caller": "libc.so+0xcafe4", "rawcaller": "0x792434bfe4"}}
{"t": "MMAP", "rec": {"size": "0x1000000", "ret": "0x748703b000", "caller": "libc.so+0xcad4c", "rawcaller": "0x792434bd4c"}}
{"t": "MMAP", "rec": {"size": "0x10a000", "ret": "0x7486f31000", "caller": "libc.so+0xcafe4", "rawcaller": "0x792434bfe4"}}
{"t": "MMAP", "rec": {"size": "0x10a000", "ret": "0x7486e27000", "caller": "libc.so+0xcafe4", "rawcaller": "0x792434bfe4"}}
{"t": "MMAP", "rec": {"size": "0x1000000", "ret": "0x7485e27000", "caller": "libc.so+0xcad4c", "rawcaller": "0x792434bd4c"}}
{"t": "MMAP", "rec": {"size": "0x1000000", "ret": "0x7484e27000", "caller": "libc.so+0xcad4c", "rawcaller": "0x792434bd4c"}}
{"t": "mon", "nBig": 752, "self": 0, "base": "0x7557001000"}
{"t": "MMAP", "rec": {"size": "0x10a000", "ret": "0x7484b60000", "caller": "libc.so+0xcafe4", "rawcaller": "0x792434bfe4"}}
{"t": "MMAP", "rec": {"size": "0x1bd000", "ret": "0x7484c6a000", "caller": "libc.so+0x54ca4", "rawcaller": "0x79242d5ca4"}}
{"t": "MMAP", "rec": {"size": "0x1bb000", "ret": "0x7484c6b000", "caller": "libc.so+0x54ca4", "rawcaller": "0x79242d5ca4"}}
{"t": "MMAP", "rec": {"size": "0x1000000", "ret": "0x74dab8b000", "caller": "libc.so+0xcad4c", "rawcaller": "0x792434bd4c"}}
{"t": "MMAP", "rec": {"size": "0x10a000", "ret": "0x74dcc95000", "caller": "libc.so+0xcafe4", "rawcaller": "0x792434bfe4"}}
{"t": "MMAP", "rec": {"size": "0x1000000", "ret": "0x7483b60000", "caller": "libc.so+0xcad4c", "rawcaller": "0x792434bd4c"}}
{"t": "MMAP", "rec": {"size": "0x10a000", "ret": "0x74dcc95000", "caller": "libc.so+0xcafe4", "rawcaller": "0x792434bfe4"}}
{"t": "MMAP", "rec": {"size": "0x1000000", "ret": "0x7483b60000", "caller": "libc.so+0xcad4c", "rawcaller": "0x792434bd4c"}}
{"t": "MMAP", "rec": {"size": "0x10a000", "ret": "0x7483a56000", "caller": "libc.so+0xcafe4", "rawcaller": "0x792434bfe4"}}
{"t": "MMAP", "rec": {"size": "0x10a000", "ret": "0x748394c000", "caller": "libc.so+0xcafe4", "rawcaller": "0x792434bfe4"}}
{"t": "MMAP", "rec": {"size": "0x1000000", "ret": "0x748294c000", "caller": "libc.so+0xcad4c", "rawcaller": "0x792434bd4c"}}
{"t": "MMAP", "rec": {"size": "0x1000000", "ret": "0x748194c000", "caller": "libc.so+0xcad4c", "rawcaller": "0x792434bd4c"}}
{"t": "MMAP", "rec": {"size": "0x10a000", "ret": "0x75ac632000", "caller": "libc.so+0xcafe4", "rawcaller": "0x792434bfe4"}}
{"t": "MMAP", "rec": {"size": "0x10a000", "ret": "0x75ac528000", "caller": "libc.so+0xcafe4", "rawcaller": "0x792434bfe4"}}
{"t": "MMAP", "rec": {"size": "0x10a000", "ret": "0x75ac41e000", "caller": "libc.so+0xcafe4", "rawcaller": "0x792434bfe4"}}
{"t": "MMAP", "rec": {"size": "0x1000000", "ret": "0x748094c000", "caller": "libc.so+0xcad4c", "rawcaller": "0x792434bd4c"}}
{"t": "MMAP", "rec": {"size": "0x10a000", "ret": "0x75ac314000", "caller": "libc.so+0xcafe4", "rawcaller": "0x792434bfe4"}}
{"t": "MMAP", "rec": {"size": "0x1000000", "ret": "0x758c4e8000", "caller": "libc.so+0xcad4c", "rawcaller": "0x792434bd4c"}}
{"t": "MMAP", "rec": {"size": "0x1000000", "ret": "0x756b5fb000", "caller": "libc.so+0xcad4c", "rawcaller": "0x792434bd4c"}}
{"t": "MMAP", "rec": {"size": "0x1000000", "ret": "0x757b487000", "caller": "libc.so+0xcad4c", "rawcaller": "0x792434bd4c"}}
{"t": "MMAP", "rec": {"size": "0x10a000", "ret": "0x75ac20a000", "caller": "libc.so+0xcafe4", "rawcaller": "0x792434bfe4"}}
{"t": "mon", "nBig": 773, "self": 0, "base": "0x7557001000"}
{"t": "MMAP", "rec": {"size": "0x10a000", "ret": "0x75ac100000", "caller": "libc.so+0xcafe4", "rawcaller": "0x792434bfe4"}}
{"t": "MMAP", "rec": {"size": "0x1000000", "ret": "0x7577e4b000", "caller": "libc.so+0xcad4c", "rawcaller": "0x792434bd4c"}}
{"t": "MMAP", "rec": {"size": "0x10a000", "ret": "0x75abff6000", "caller": "libc.so+0xcafe4", "rawcaller": "0x792434bfe4"}}
{"t": "MMAP", "rec": {"size": "0x1000000", "ret": "0x7570b2d000", "caller": "libc.so+0xcad4c", "rawcaller": "0x792434bd4c"}}
{"t": "MMAP", "rec": {"size": "0x10a000", "ret": "0x75abeec000", "caller": "libc.so+0xcafe4", "rawcaller": "0x792434bfe4"}}
{"t": "MMAP", "rec": {"size": "0x1000000", "ret": "0x75685fb000", "caller": "libc.so+0xcad4c", "rawcaller": "0x792434bd4c"}}
{"t": "MMAP", "rec": {"size": "0x1000000", "ret": "0x753688c000", "caller": "libc.so+0xcad4c", "rawcaller": "0x792434bd4c"}}
{"t": "MMAP", "rec": {"size": "0x383000", "ret": "0x75abb69000", "caller": "libc.so+0x54ca4", "rawcaller": "0x79242d5ca4"}}
{"t": "MMAP", "rec": {"size": "0x381000", "ret": "0x75abb6a000", "caller": "libc.so+0x54ca4", "rawcaller": "0x79242d5ca4"}}
{"t": "MMAP", "rec": {"size": "0x88000", "ret": "0x764d7d7000", "caller": "libc.so+0x54ca4", "rawcaller": "0x79242d5ca4"}}
{"t": "MMAP", "rec": {"size": "0x86000", "ret": "0x764d7d8000", "caller": "libc.so+0x54ca4", "rawcaller": "0x79242d5ca4"}}
{"t": "MMAP", "rec": {"size": "0x10a000", "ret": "0x75e36c8000", "caller": "libc.so+0xcafe4", "rawcaller": "0x792434bfe4"}}
[*] done
