COMP com.zhiliaoapp.musically/com.ss.android.ugc.aweme.splash.SplashActivity
pid @0.32s 18563
lib at attach-time? False
attached @0.58s pid 18563
  << WAIT_DLOPEN  
oracle live @0.86s
  << READY 0x6f5ee01000 preloaded=False
t 1 *** libmetasec LOADED, hooks installed=True
t 1 status {'installed': True, 'preloaded': False, 'nkeys': 0, 'neinit': 0, 'ncts': 0}
  << KEY kb=16 b114249b7bed9d2691d70c60d69f9c4f
  << CT BDEC key=b114249b7bed9d26 iv= len=16 in=87dc923ce058a77e816f3f4824bc1cdb
  << CT BDEC key=b114249b7bed9d26 iv= len=16 in=e1c364baaa8aba1fd4999a1b3eadc66e
  << CT BDEC key=b114249b7bed9d26 iv= len=16 in=cab7efd6e080e54c26f193423b1dd913
  << CT BDEC key=b114249b7bed9d26 iv= len=16 in=843f54c1a594cab6f36614783f5b5182
  << CT BDEC key=b114249b7bed9d26 iv= len=16 in=a391327f8d311dd87b90f978f6696d0e
  << CT BDEC key=b114249b7bed9d26 iv= len=16 in=0d6c44fbfe70babdedb4196f743dbfe8
  << CT BDEC key=b114249b7bed9d26 iv= len=16 in=8517057c97fc8438d2411a77df5a24b0
  << CT BDEC key=b114249b7bed9d26 iv= len=16 in=b9acd4695b172f76bae62cbfb78f3a86
  << CT BDEC key=b114249b7bed9d26 iv= len=16 in=e9fe0fd9d422ea1dcb2dd84c6764d6fa
  << CT BDEC key=b114249b7bed9d26 iv= len=16 in=ece04dc57e8b05d74e5a0e31c70c14b8
  << CT BDEC key=b114249b7bed9d26 iv= len=16 in=0d4e576845d54c9a5db00bd9c8490705
  << CT BDEC key=b114249b7bed9d26 iv= len=16 in=a4d2de9974940a7b1227a93f7f8ba89e
  << CT BDEC key=b114249b7bed9d26 iv= len=16 in=9b9b242d81883a278909c3912b3c5840
  << CT BDEC key=b114249b7bed9d26 iv= len=16 in=5215dffdd6c378ed28b76ffdbf716bcc
  << CT BDEC key=b114249b7bed9d26 iv= len=16 in=63cb810da80b2b9934e9b8286b0747e2
  << CT BDEC key=b114249b7bed9d26 iv= len=16 in=de48c2b330475d6f833b030023c7e9e9
  << CT BDEC key=b114249b7bed9d26 iv= len=16 in=d110b719b875d06731c65b6a2d129270
  << CT BDEC key=b114249b7bed9d26 iv= len=16 in=f68b9ebd2a8e0c2485b3c9bea7df9e86
  << CT BDEC key=b114249b7bed9d26 iv= len=16 in=070f0f0f0f0f0f0f0f0f0f0f0f0f0f0f
  << EINIT kb=16 key=8252970d959b06db102e17d85c0ec1af iv=4d207ea37a419f7d622f81c6a2f53594
  << KEY kb=16 8252970d959b06db102e17d85c0ec1af
  << CT BDEC2 key=8252970d959b06db iv=4d207ea37a419f7d622f81c6a2f53594 len=16 in=25c57bc7561cb96a7e22781180098eca
  << CT BENC key=8252970d959b06db iv=4d207ea37a419f7d622f81c6a2f53594 len=16 in=25c57bc7561cb96a7e22781180098eca
  << CT BDEC2 key=8252970d959b06db iv=4d207ea37a419f7d622f81c6a2f53594 len=16 in=c6dfc63c264fa9942a1a023c3ba9d4ae
  << CT BENC key=8252970d959b06db iv=4d207ea37a419f7d622f81c6a2f53594 len=16 in=c6dfc63c264fa9942a1a023c3ba9d4ae
  << CT BDEC2 key=8252970d959b06db iv=4d207ea37a419f7d622f81c6a2f53594 len=16 in=2ac44fd9348c156ece68b2e54ee39af8
  << CT BENC key=8252970d959b06db iv=4d207ea37a419f7d622f81c6a2f53594 len=16 in=2ac44fd9348c156ece68b2e54ee39af8
  << CT BDEC2 key=8252970d959b06db iv=4d207ea37a419f7d622f81c6a2f53594 len=16 in=68700237a38fed5b83ba99f1e8ae57df
  << CT BENC key=8252970d959b06db iv=4d207ea37a419f7d622f81c6a2f53594 len=16 in=68700237a38fed5b83ba99f1e8ae57df
  << CT BDEC2 key=8252970d959b06db iv=4d207ea37a419f7d622f81c6a2f53594 len=16 in=733a9c3cd45fc1a8d2817003a9b0eaa8
  << CT BENC key=8252970d959b06db iv=4d207ea37a419f7d622f81c6a2f53594 len=16 in=733a9c3cd45fc1a8d2817003a9b0eaa8
  << CT BDEC2 key=8252970d959b06db iv=4d207ea37a419f7d622f81c6a2f53594 len=16 in=585bd640c8585536e6fe36041bbe8a8e
  << CT BENC key=8252970d959b06db iv=4d207ea37a419f7d622f81c6a2f53594 len=16 in=585bd640c8585536e6fe36041bbe8a8e
  << CT BDEC2 key=8252970d959b06db iv=4d207ea37a419f7d622f81c6a2f53594 len=16 in=5919f0e7b66a4c20335f4f30f5894cd8
  << CT BENC key=8252970d959b06db iv=4d207ea37a419f7d622f81c6a2f53594 len=16 in=5919f0e7b66a4c20335f4f30f5894cd8
  << CT BDEC2 key=8252970d959b06db iv=4d207ea37a419f7d622f81c6a2f53594 len=16 in=e97d6098e0f2c90af59392eaf7fd688a
  << CT BENC key=8252970d959b06db iv=4d207ea37a419f7d622f81c6a2f53594 len=16 in=e97d6098e0f2c90af59392eaf7fd688a
  << CT BDEC2 key=8252970d959b06db iv=4d207ea37a419f7d622f81c6a2f53594 len=16 in=56cc1098508ae0af0378ab3ea9083ab2
  << CT BENC key=8252970d959b06db iv=4d207ea37a419f7d622f81c6a2f53594 len=16 in=56cc1098508ae0af0378ab3ea9083ab2
  << CT BDEC2 key=8252970d959b06db iv=4d207ea37a419f7d622f81c6a2f53594 len=16 in=14095ffe0b47063a376d762470103a97
  << CT BENC key=8252970d959b06db iv=4d207ea37a419f7d622f81c6a2f53594 len=16 in=14095ffe0b47063a376d762470103a97
  << CT BDEC2 key=8252970d959b06db iv=4d207ea37a419f7d622f81c6a2f53594 len=16 in=231d9374914802abc7a10ac3a8cc0fa6
  << CT BENC key=8252970d959b06db iv=4d207ea37a419f7d622f81c6a2f53594 len=16 in=231d9374914802abc7a10ac3a8cc0fa6
  << CT BDEC2 key=8252970d959b06db iv=4d207ea37a419f7d622f81c6a2f53594 len=16 in=7d9f81c13f235474cf490062edbf05d5
  << CT BENC key=8252970d959b06db iv=4d207ea37a419f7d622f81c6a2f53594 len=16 in=7d9f81c13f235474cf490062edbf05d5
  << CT BDEC2 key=8252970d959b06db iv=4d207ea37a419f7d622f81c6a2f53594 len=16 in=ce2f7a21d362da95d12e7cd0862376f2
  << CT BENC key=8252970d959b06db iv=4d207ea37a419f7d622f81c6a2f53594 len=16 in=ce2f7a21d362da95d12e7cd0862376f2
  << CT BDEC2 key=8252970d959b06db iv=4d207ea37a419f7d622f81c6a2f53594 len=16 in=5fcee5138be0da7ba6105e432ab5d5cb
  << CT BENC key=8252970d959b06db iv=4d207ea37a419f7d622f81c6a2f53594 len=16 in=5fcee5138be0da7ba6105e432ab5d5cb
  << CT BDEC2 key=8252970d959b06db iv=4d207ea37a419f7d622f81c6a2f53594 len=16 in=feae6a984f880b86b48d4c1826d9336a
  << CT BENC key=8252970d959b06db iv=4d207ea37a419f7d622f81c6a2f53594 len=16 in=feae6a984f880b86b48d4c1826d9336a
  << CT BDEC2 key=8252970d959b06db iv=4d207ea37a419f7d622f81c6a2f53594 len=16 in=4f7fa3d426584638e994916091bed84d
  << CT BENC key=8252970d959b06db iv=4d207ea37a419f7d622f81c6a2f53594 len=16 in=4f7fa3d426584638e994916091bed84d
  << CT BDEC2 key=8252970d959b06db iv=4d207ea37a419f7d622f81c6a2f53594 len=16 in=640a09c7de407c263010b7193f4e7ee8
  << CT BENC key=8252970d959b06db iv=4d207ea37a419f7d622f81c6a2f53594 len=16 in=640a09c7de407c263010b7193f4e7ee8
  << CT BDEC2 key=8252970d959b06db iv=4d207ea37a419f7d622f81c6a2f53594 len=16 in=b011ea7e6e78828469a17b7538591d6c
  << CT BENC key=8252970d959b06db iv=4d207ea37a419f7d622f81c6a2f53594 len=16 in=b011ea7e6e78828469a17b7538591d6c
  << CT BDEC2 key=8252970d959b06db iv=4d207ea37a419f7d622f81c6a2f53594 len=16 in=fcd9368a799e1d43100317f0c9b9b95c
  << CT BENC key=8252970d959b06db iv=4d207ea37a419f7d622f81c6a2f53594 len=16 in=fcd9368a799e1d43100317f0c9b9b95c
  << CT BDEC2 key=8252970d959b06db iv=4d207ea37a419f7d622f81c6a2f53594 len=16 in=856b8e0b870046bfac4450c7f60b5c94
  << CT BENC key=8252970d959b06db iv=4d207ea37a419f7d622f81c6a2f53594 len=16 in=856b8e0b870046bfac4450c7f60b5c94
  << CT BDEC2 key=8252970d959b06db iv=4d207ea37a419f7d622f81c6a2f53594 len=16 in=cc8979a33433d505af1d2901f5ba670f
  << CT BENC key=8252970d959b06db iv=4d207ea37a419f7d622f81c6a2f53594 len=16 in=cc8979a33433d505af1d2901f5ba670f
  << CT BDEC2 key=8252970d959b06db iv=4d207ea37a419f7d622f81c6a2f53594 len=16 in=237640ce5cb93e99b63f4ce104d5e522
  << CT BENC key=8252970d959b06db iv=4d207ea37a419f7d622f81c6a2f53594 len=16 in=237640ce5cb93e99b63f4ce104d5e522
  << CT BDEC2 key=8252970d959b06db iv=4d207ea37a419f7d622f81c6a2f53594 len=16 in=720e11ccbb9ba7e8fdcd06e9e0ecb88d
  << CT BENC key=8252970d959b06db iv=4d207ea37a419f7d622f81c6a2f53594 len=16 in=720e11ccbb9ba7e8fdcd06e9e0ecb88d
  << CT BDEC2 key=8252970d959b06db iv=4d207ea37a419f7d622f81c6a2f53594 len=16 in=be496690697593f869b56eaa0422ee4a
  << CT BENC key=8252970d959b06db iv=4d207ea37a419f7d622f81c6a2f53594 len=16 in=be496690697593f869b56eaa0422ee4a
  << CT BDEC2 key=8252970d959b06db iv=4d207ea37a419f7d622f81c6a2f53594 len=16 in=a5d697e53f4d0be8a03a06034646ae62
  << CT BENC key=8252970d959b06db iv=4d207ea37a419f7d622f81c6a2f53594 len=16 in=a5d697e53f4d0be8a03a06034646ae62
  << CT BDEC2 key=8252970d959b06db iv=4d207ea37a419f7d622f81c6a2f53594 len=16 in=eb2a2c3bc5c5a07c4c812c5b834364c9
  << CT BENC key=8252970d959b06db iv=4d207ea37a419f7d622f81c6a2f53594 len=16 in=eb2a2c3bc5c5a07c4c812c5b834364c9
  << CT BDEC2 key=8252970d959b06db iv=4d207ea37a419f7d622f81c6a2f53594 len=16 in=d2561efc5209b55e7590f9a95db4dd1c
  << CT BENC key=8252970d959b06db iv=4d207ea37a419f7d622f81c6a2f53594 len=16 in=d2561efc5209b55e7590f9a95db4dd1c
  << CT BDEC2 key=8252970d959b06db iv=4d207ea37a419f7d622f81c6a2f53594 len=16 in=ac767645d1db042cb6e1d9b932adfe87
  << CT BENC key=8252970d959b06db iv=4d207ea37a419f7d622f81c6a2f53594 len=16 in=ac767645d1db042cb6e1d9b932adfe87
  << CT BDEC2 key=8252970d959b06db iv=4d207ea37a419f7d622f81c6a2f53594 len=16 in=ae79b020cd0df205c7608b6e81c5c064
  << CT BENC key=8252970d959b06db iv=4d207ea37a419f7d622f81c6a2f53594 len=16 in=ae79b020cd0df205c7608b6e81c5c064
  << CT BDEC2 key=8252970d959b06db iv=4d207ea37a419f7d622f81c6a2f53594 len=16 in=ef64f9df62b1979cca8e5b4fa64c9296
  << CT BENC key=8252970d959b06db iv=4d207ea37a419f7d622f81c6a2f53594 len=16 in=ef64f9df62b1979cca8e5b4fa64c9296
  << CT BDEC2 key=8252970d959b06db iv=4d207ea37a419f7d622f81c6a2f53594 len=16 in=82bd17abe7be3e74bad8e83986d4019a
  << CT BENC key=8252970d959b06db iv=4d207ea37a419f7d622f81c6a2f53594 len=16 in=82bd17abe7be3e74bad8e83986d4019a
  << CT BDEC2 key=8252970d959b06db iv=4d207ea37a419f7d622f81c6a2f53594 len=16 in=ca99e50f162c8bc3f5ce33bb33e345a2
  << CT BENC key=8252970d959b06db iv=4d207ea37a419f7d622f81c6a2f53594 len=16 in=ca99e50f162c8bc3f5ce33bb33e345a2
  << CT CBCE key=8252970d959b06db iv=4d207ea37a419f7d622f81c6a2f53594 len=512 in=25c57bc7561cb96a7e22781180098eca
  << CT BDEC2 key=8252970d959b06db iv=4d207ea37a419f7d622f81c6a2f53594 len=16 in=1f818e14bef1cf65d0f4916a60a6ad3f
  << CT BENC key=8252970d959b06db iv=4d207ea37a419f7d622f81c6a2f53594 len=16 in=1f818e14bef1cf65d0f4916a60a6ad3f
  << CT BDEC2 key=8252970d959b06db iv=4d207ea37a419f7d622f81c6a2f53594 len=16 in=1897379a88e20781a1156e8b709af3e9
  << CT BENC key=8252970d959b06db iv=4d207ea37a419f7d622f81c6a2f53594 len=16 in=1897379a88e20781a1156e8b709af3e9
  << CT BDEC2 key=8252970d959b06db iv=4d207ea37a419f7d622f81c6a2f53594 len=16 in=06320187fe5a93cebcfdbd5e8c35288c
  << CT BENC key=8252970d959b06db iv=4d207ea37a419f7d622f81c6a2f53594 len=16 in=06320187fe5a93cebcfdbd5e8c35288c
  << CT BDEC2 key=8252970d959b06db iv=4d207ea37a419f7d622f81c6a2f53594 len=16 in=f55fe07b3b5eacdce7b2d8c5754bd541
  << CT BENC key=8252970d959b06db iv=4d207ea37a419f7d622f81c6a2f53594 len=16 in=f55fe07b3b5eacdce7b2d8c5754bd541
  << CT BDEC2 key=8252970d959b06db iv=4d207ea37a419f7d622f81c6a2f53594 len=16 in=5a85b6d0e8dab5badab08b5fd97722ff
  << CT BENC key=8252970d959b06db iv=4d207ea37a419f7d622f81c6a2f53594 len=16 in=5a85b6d0e8dab5badab08b5fd97722ff
  << CT BDEC2 key=8252970d959b06db iv=4d207ea37a419f7d622f81c6a2f53594 len=16 in=24fa984d624d4641388f68b1a0c9806a
  << CT BENC key=8252970d959b06db iv=4d207ea37a419f7d622f81c6a2f53594 len=16 in=24fa984d624d4641388f68b1a0c9806a
  << CT BDEC2 key=8252970d959b06db iv=4d207ea37a419f7d622f81c6a2f53594 len=16 in=367c777cba99871a33b35e21e1bed7e6
  << CT BENC key=8252970d959b06db iv=4d207ea37a419f7d622f81c6a2f53594 len=16 in=367c777cba99871a33b35e21e1bed7e6
  << CT BDEC2 key=8252970d959b06db iv=4d207ea37a419f7d622f81c6a2f53594 len=16 in=8b52009908bf1cfd40d1d691db9ef812
  << CT BENC key=8252970d959b06db iv=4d207ea37a419f7d622f81c6a2f53594 len=16 in=8b52009908bf1cfd40d1d691db9ef812
  << CT BDEC2 key=8252970d959b06db iv=4d207ea37a419f7d622f81c6a2f53594 len=16 in=33449c70bc628d3c987124fd53c0023f
  << CT BENC key=8252970d959b06db iv=4d207ea37a419f7d622f81c6a2f53594 len=16 in=33449c70bc628d3c987124fd53c0023f
  << CT BDEC2 key=8252970d959b06db iv=4d207ea37a419f7d622f81c6a2f53594 len=16 in=0a858359d3ccb989fbae98dcbe979205
  << CT BENC key=8252970d959b06db iv=4d207ea37a419f7d622f81c6a2f53594 len=16 in=0a858359d3ccb989fbae98dcbe979205
  << CT BDEC2 key=8252970d959b06db iv=4d207ea37a419f7d622f81c6a2f53594 len=16 in=250851971b412c118867e52391dde77b
  << CT BENC key=8252970d959b06db iv=4d207ea37a419f7d622f81c6a2f53594 len=16 in=250851971b412c118867e52391dde77b
  << CT BDEC2 key=8252970d959b06db iv=4d207ea37a419f7d622f81c6a2f53594 len=16 in=ac367b0ef8cc631299bb63f0e68b8428
  << CT BENC key=8252970d959b06db iv=4d207ea37a419f7d622f81c6a2f53594 len=16 in=ac367b0ef8cc631299bb63f0e68b8428
  << CT BDEC2 key=8252970d959b06db iv=4d207ea37a419f7d622f81c6a2f53594 len=16 in=3ba2267bfd3c14c7c440fe50a80e41dd
  << CT BENC key=8252970d959b06db iv=4d207ea37a419f7d622f81c6a2f53594 len=16 in=3ba2267bfd3c14c7c440fe50a80e41dd
  << CT BDEC2 key=8252970d959b06db iv=4d207ea37a419f7d622f81c6a2f53594 len=16 in=8c7bfb49e561d9e2dfd4282b15b47348
  << CT BENC key=8252970d959b06db iv=4d207ea37a419f7d622f81c6a2f53594 len=16 in=8c7bfb49e561d9e2dfd4282b15b47348
  << CT BDEC2 key=8252970d959b06db iv=4d207ea37a419f7d622f81c6a2f53594 len=16 in=96fbf05d0668e765121cf5ae01d13162
  << CT BENC key=8252970d959b06db iv=4d207ea37a419f7d622f81c6a2f53594 len=16 in=96fbf05d0668e765121cf5ae01d13162
  << CT BDEC2 key=8252970d959b06db iv=4d207ea37a419f7d622f81c6a2f53594 len=16 in=b218ad73ed85aab7ca4aee689fb7c7d3
  << CT BENC key=8252970d959b06db iv=4d207ea37a419f7d622f81c6a2f53594 len=16 in=b218ad73ed85aab7ca4aee689fb7c7d3
  << CT BDEC2 key=8252970d959b06db iv=4d207ea37a419f7d622f81c6a2f53594 len=16 in=e57ccb5c74c3d794d01de37044fdcce4
  << CT BENC key=8252970d959b06db iv=4d207ea37a419f7d622f81c6a2f53594 len=16 in=e57ccb5c74c3d794d01de37044fdcce4
  << CT BDEC2 key=8252970d959b06db iv=4d207ea37a419f7d622f81c6a2f53594 len=16 in=527b95ccf249575770fb4c0b42b2cdd9
  << CT BENC key=8252970d959b06db iv=4d207ea37a419f7d622f81c6a2f53594 len=16 in=527b95ccf249575770fb4c0b42b2cdd9
  << CT BDEC2 key=8252970d959b06db iv=4d207ea37a419f7d622f81c6a2f53594 len=16 in=01060a2f5907368400d3802e54168d15
  << CT BENC key=8252970d959b06db iv=4d207ea37a419f7d622f81c6a2f53594 len=16 in=01060a2f5907368400d3802e54168d15
  << CT BDEC2 key=8252970d959b06db iv=4d207ea37a419f7d622f81c6a2f53594 len=16 in=3787065056ceee95c7c6a01d78d1a2bc
  << CT BENC key=8252970d959b06db iv=4d207ea37a419f7d622f81c6a2f53594 len=16 in=3787065056ceee95c7c6a01d78d1a2bc
  << CT BDEC2 key=8252970d959b06db iv=4d207ea37a419f7d622f81c6a2f53594 len=16 in=c319eccdcc28da994dc94030b55db774
  << CT BENC key=8252970d959b06db iv=4d207ea37a419f7d622f81c6a2f53594 len=16 in=c319eccdcc28da994dc94030b55db774
  << CT BDEC2 key=8252970d959b06db iv=4d207ea37a419f7d622f81c6a2f53594 len=16 in=9a16e57fbd34e941315d545cfb512a6c
  << CT BENC key=8252970d959b06db iv=4d207ea37a419f7d622f81c6a2f53594 len=16 in=9a16e57fbd34e941315d545cfb512a6c
  << CT BDEC2 key=8252970d959b06db iv=4d207ea37a419f7d622f81c6a2f53594 len=16 in=cfd8cb003edde3a749c6138fdd26c238
  << CT BENC key=8252970d959b06db iv=4d207ea37a419f7d622f81c6a2f53594 len=16 in=cfd8cb003edde3a749c6138fdd26c238
  << CT BDEC2 key=8252970d959b06db iv=4d207ea37a419f7d622f81c6a2f53594 len=16 in=ea4e904712a3b5f3bbab564b0e26dc72
  << CT BENC key=8252970d959b06db iv=4d207ea37a419f7d622f81c6a2f53594 len=16 in=ea4e904712a3b5f3bbab564b0e26dc72
  << CT BDEC2 key=8252970d959b06db iv=4d207ea37a419f7d622f81c6a2f53594 len=16 in=6fc6c0dbe5824e97ce0a1af0c2584528
  << CT BENC key=8252970d959b06db iv=4d207ea37a419f7d622f81c6a2f53594 len=16 in=6fc6c0dbe5824e97ce0a1af0c2584528
  << CT BDEC2 key=8252970d959b06db iv=4d207ea37a419f7d622f81c6a2f53594 len=16 in=68888acd10c96845d2475af01accaca1
  << CT BENC key=8252970d959b06db iv=4d207ea37a419f7d622f81c6a2f53594 len=16 in=68888acd10c96845d2475af01accaca1
  << CT BDEC2 key=8252970d959b06db iv=4d207ea37a419f7d622f81c6a2f53594 len=16 in=e0dabbcd82c48d29e12c0bfe1208e000
  << CT BENC key=8252970d959b06db iv=4d207ea37a419f7d622f81c6a2f53594 len=16 in=e0dabbcd82c48d29e12c0bfe1208e000
  << CT BDEC2 key=8252970d959b06db iv=4d207ea37a419f7d622f81c6a2f53594 len=16 in=32da580b647bd376cce5f24ce96369be
  << CT BENC key=8252970d959b06db iv=4d207ea37a419f7d622f81c6a2f53594 len=16 in=32da580b647bd376cce5f24ce96369be
  << CT BDEC2 key=8252970d959b06db iv=4d207ea37a419f7d622f81c6a2f53594 len=16 in=90f914c4323bf918f45231f35b200a4d
  << CT BENC key=8252970d959b06db iv=4d207ea37a419f7d622f81c6a2f53594 len=16 in=90f914c4323bf918f45231f35b200a4d
  << CT BDEC2 key=8252970d959b06db iv=4d207ea37a419f7d622f81c6a2f53594 len=16 in=a369925dba2ff3144d6fde4dd0be276b
  << CT BENC key=8252970d959b06db iv=4d207ea37a419f7d622f81c6a2f53594 len=16 in=a369925dba2ff3144d6fde4dd0be276b
  << CT BDEC2 key=8252970d959b06db iv=4d207ea37a419f7d622f81c6a2f53594 len=16 in=3630c272e210e657f239ac370342e2cc
  << CT BENC key=8252970d959b06db iv=4d207ea37a419f7d622f81c6a2f53594 len=16 in=3630c272e210e657f239ac370342e2cc
  << CT BDEC2 key=8252970d959b06db iv=4d207ea37a419f7d622f81c6a2f53594 len=16 in=8c32bd27fd616975edee20d581424a0e
  << CT BENC key=8252970d959b06db iv=4d207ea37a419f7d622f81c6a2f53594 len=16 in=8c32bd27fd616975edee20d581424a0e
  << CT CBCE key=8252970d959b06db iv=4d207ea37a419f7d622f81c6a2f53594 len=512 in=1f818e14bef1cf65d0f4916a60a6ad3f
  << CT BDEC2 key=8252970d959b06db iv=4d207ea37a419f7d622f81c6a2f53594 len=16 in=9f0937dd6fe9d0d46a4b5dde120e6d5a
  << CT BENC key=8252970d959b06db iv=4d207ea37a419f7d622f81c6a2f53594 len=16 in=9f0937dd6fe9d0d46a4b5dde120e6d5a
  << CT BDEC2 key=8252970d959b06db iv=4d207ea37a419f7d622f81c6a2f53594 len=16 in=d029d78121c257de24195ffb881d80a5
  << CT BENC key=8252970d959b06db iv=4d207ea37a419f7d622f81c6a2f53594 len=16 in=d029d78121c257de24195ffb881d80a5
  << CT BDEC2 key=8252970d959b06db iv=4d207ea37a419f7d622f81c6a2f53594 len=16 in=19f71fd2e951fa9fd60872923f5cef0b
  << CT BENC key=8252970d959b06db iv=4d207ea37a419f7d622f81c6a2f53594 len=16 in=19f71fd2e951fa9fd60872923f5cef0b
  << CT BDEC2 key=8252970d959b06db iv=4d207ea37a419f7d622f81c6a2f53594 len=16 in=45d5c4fd81af116bd48cf7df9ae3545c
  << CT BENC key=8252970d959b06db iv=4d207ea37a419f7d622f81c6a2f53594 len=16 in=45d5c4fd81af116bd48cf7df9ae3545c
  << CT BDEC2 key=8252970d959b06db iv=4d207ea37a419f7d622f81c6a2f53594 len=16 in=539c5c1611559bd9de0e48b8689c967a
  << CT BENC key=8252970d959b06db iv=4d207ea37a419f7d622f81c6a2f53594 len=16 in=539c5c1611559bd9de0e48b8689c967a
  << CT BDEC2 key=8252970d959b06db iv=4d207ea37a419f7d622f81c6a2f53594 len=16 in=07c8f967a77486df99c89c01e8943235
  << CT BENC key=8252970d959b06db iv=4d207ea37a419f7d622f81c6a2f53594 len=16 in=07c8f967a77486df99c89c01e8943235
  << CT BDEC2 key=8252970d959b06db iv=4d207ea37a419f7d622f81c6a2f53594 len=16 in=9765e68bae33b6d9843f5ba88544b1a5
  << CT BENC key=8252970d959b06db iv=4d207ea37a419f7d622f81c6a2f53594 len=16 in=9765e68bae33b6d9843f5ba88544b1a5
  << CT BDEC2 key=8252970d959b06db iv=4d207ea37a419f7d622f81c6a2f53594 len=16 in=9188348e213528b08b92908b67c82e2c
  << CT BENC key=8252970d959b06db iv=4d207ea37a419f7d622f81c6a2f53594 len=16 in=9188348e213528b08b92908b67c82e2c
  << CT BDEC2 key=8252970d959b06db iv=4d207ea37a419f7d622f81c6a2f53594 len=16 in=6e83d11b6aff4b63be23f793454020f6
  << CT BENC key=8252970d959b06db iv=4d207ea37a419f7d622f81c6a2f53594 len=16 in=6e83d11b6aff4b63be23f793454020f6
  << CT BDEC2 key=8252970d959b06db iv=4d207ea37a419f7d622f81c6a2f53594 len=16 in=7ffd0f8ebeea871eb1676470b4987656
  << CT BENC key=8252970d959b06db iv=4d207ea37a419f7d622f81c6a2f53594 len=16 in=7ffd0f8ebeea871eb1676470b4987656
  << CT BDEC2 key=8252970d959b06db iv=4d207ea37a419f7d622f81c6a2f53594 len=16 in=f7c7dd0f1645cf3839e12690bfd4089d
  << CT BENC key=8252970d959b06db iv=4d207ea37a419f7d622f81c6a2f53594 len=16 in=f7c7dd0f1645cf3839e12690bfd4089d
  << CT BDEC2 key=8252970d959b06db iv=4d207ea37a419f7d622f81c6a2f53594 len=16 in=71f287171951b49f3a052d6ab10517b4
  << CT BENC key=8252970d959b06db iv=4d207ea37a419f7d622f81c6a2f53594 len=16 in=71f287171951b49f3a052d6ab10517b4
  << CT BDEC2 key=8252970d959b06db iv=4d207ea37a419f7d622f81c6a2f53594 len=16 in=68eece8b066d40b2b81076461ea249c2
  << CT BENC key=8252970d959b06db iv=4d207ea37a419f7d622f81c6a2f53594 len=16 in=68eece8b066d40b2b81076461ea249c2
  << CT BDEC2 key=8252970d959b06db iv=4d207ea37a419f7d622f81c6a2f53594 len=16 in=531b6d6161a5e0ab5a558c59e3af4d65
  << CT BENC key=8252970d959b06db iv=4d207ea37a419f7d622f81c6a2f53594 len=16 in=531b6d6161a5e0ab5a558c59e3af4d65
  << CT BDEC2 key=8252970d959b06db iv=4d207ea37a419f7d622f81c6a2f53594 len=16 in=ef998a5f2325fc69d8f01e37ee36357b
  << CT BENC key=8252970d959b06db iv=4d207ea37a419f7d622f81c6a2f53594 len=16 in=ef998a5f2325fc69d8f01e37ee36357b
  << CT BDEC2 key=8252970d959b06db iv=4d207ea37a419f7d622f81c6a2f53594 len=16 in=560a92afdf4d1985dd26c7e336d43846
  << CT BENC key=8252970d959b06db iv=4d207ea37a419f7d622f81c6a2f53594 len=16 in=560a92afdf4d1985dd26c7e336d43846
  << CT BDEC2 key=8252970d959b06db iv=4d207ea37a419f7d622f81c6a2f53594 len=16 in=cf974a9a05db35494a7f46efc95b119d
  << CT BENC key=8252970d959b06db iv=4d207ea37a419f7d622f81c6a2f53594 len=16 in=cf974a9a05db35494a7f46efc95b119d
  << CT BDEC2 key=8252970d959b06db iv=4d207ea37a419f7d622f81c6a2f53594 len=16 in=ddae75c30ca1d997ccd3196e79a3e6bb
  << CT BENC key=8252970d959b06db iv=4d207ea37a419f7d622f81c6a2f53594 len=16 in=ddae75c30ca1d997ccd3196e79a3e6bb
  << CT BDEC2 key=8252970d959b06db iv=4d207ea37a419f7d622f81c6a2f53594 len=16 in=3d7d2b7c1ac442e3ff0f3697b11e1647
  << CT BENC key=8252970d959b06db iv=4d207ea37a419f7d622f81c6a2f53594 len=16 in=3d7d2b7c1ac442e3ff0f3697b11e1647
  << CT BDEC2 key=8252970d959b06db iv=4d207ea37a419f7d622f81c6a2f53594 len=16 in=33ea02787db7b1fadb3d5486e240eacf
  << CT BENC key=8252970d959b06db iv=4d207ea37a419f7d622f81c6a2f53594 len=16 in=33ea02787db7b1fadb3d5486e240eacf
  << CT BDEC2 key=8252970d959b06db iv=4d207ea37a419f7d622f81c6a2f53594 len=16 in=e1a154fb7e3a506c79150e9f6f208261
  << CT BENC key=8252970d959b06db iv=4d207ea37a419f7d622f81c6a2f53594 len=16 in=e1a154fb7e3a506c79150e9f6f208261
  << CT BDEC2 key=8252970d959b06db iv=4d207ea37a419f7d622f81c6a2f53594 len=16 in=1386036b024517a00605c0cec4335b86
  << CT BENC key=8252970d959b06db iv=4d207ea37a419f7d622f81c6a2f53594 len=16 in=1386036b024517a00605c0cec4335b86
  << CT BDEC2 key=8252970d959b06db iv=4d207ea37a419f7d622f81c6a2f53594 len=16 in=c5c3d764a4fb9a97d2c71df893460d0d
  << CT BENC key=8252970d959b06db iv=4d207ea37a419f7d622f81c6a2f53594 len=16 in=c5c3d764a4fb9a97d2c71df893460d0d
  << CT BDEC2 key=8252970d959b06db iv=4d207ea37a419f7d622f81c6a2f53594 len=16 in=96ada6468427f076a23b3cd62c962af8
  << CT BENC key=8252970d959b06db iv=4d207ea37a419f7d622f81c6a2f53594 len=16 in=96ada6468427f076a23b3cd62c962af8
  << CT BDEC2 key=8252970d959b06db iv=4d207ea37a419f7d622f81c6a2f53594 len=16 in=8f07da02f3e84d86847cbec6eb599dc6
  << CT BENC key=8252970d959b06db iv=4d207ea37a419f7d622f81c6a2f53594 len=16 in=8f07da02f3e84d86847cbec6eb599dc6
  << CT BDEC2 key=8252970d959b06db iv=4d207ea37a419f7d622f81c6a2f53594 len=16 in=e9ca39774b69cbd062dcddcebadc7462
  << CT BENC key=8252970d959b06db iv=4d207ea37a419f7d622f81c6a2f53594 len=16 in=e9ca39774b69cbd062dcddcebadc7462
  << CT BDEC2 key=8252970d959b06db iv=4d207ea37a419f7d622f81c6a2f53594 len=16 in=063c9d5a1fa5e1550312b798098a81e3
  << CT BENC key=8252970d959b06db iv=4d207ea37a419f7d622f81c6a2f53594 len=16 in=063c9d5a1fa5e1550312b798098a81e3
  << CT BDEC2 key=8252970d959b06db iv=4d207ea37a419f7d622f81c6a2f53594 len=16 in=eb57505c5859f1c5ab8770a0a29b2eda
  << CT BENC key=8252970d959b06db iv=4d207ea37a419f7d622f81c6a2f53594 len=16 in=eb57505c5859f1c5ab8770a0a29b2eda
  << CT BDEC2 key=8252970d959b06db iv=4d207ea37a419f7d622f81c6a2f53594 len=16 in=e9a19eb8e0d61b68a31d41ac220b59f8
  << CT BENC key=8252970d959b06db iv=4d207ea37a419f7d622f81c6a2f53594 len=16 in=e9a19eb8e0d61b68a31d41ac220b59f8
  << CT BDEC2 key=8252970d959b06db iv=4d207ea37a419f7d622f81c6a2f53594 len=16 in=cb706dcffbb972c3da6f7a134edf275b
  << CT BENC key=8252970d959b06db iv=4d207ea37a419f7d622f81c6a2f53594 len=16 in=cb706dcffbb972c3da6f7a134edf275b
  << CT BDEC2 key=8252970d959b06db iv=4d207ea37a419f7d622f81c6a2f53594 len=16 in=f175166f0ea9e306912e8e0024c0a9e0
  << CT BENC key=8252970d959b06db iv=4d207ea37a419f7d622f81c6a2f53594 len=16 in=f175166f0ea9e306912e8e0024c0a9e0
  << CT BDEC2 key=8252970d959b06db iv=4d207ea37a419f7d622f81c6a2f53594 len=16 in=3603880db0da6b3ff35a7344f9dcb1a1
  << CT BENC key=8252970d959b06db iv=4d207ea37a419f7d622f81c6a2f53594 len=16 in=3603880db0da6b3ff35a7344f9dcb1a1
  << CT BDEC2 key=8252970d959b06db iv=4d207ea37a419f7d622f81c6a2f53594 len=16 in=c41900d6c5db0259c429aa8f06538e12
  << CT BENC key=8252970d959b06db iv=4d207ea37a419f7d622f81c6a2f53594 len=16 in=c41900d6c5db0259c429aa8f06538e12
  << CT BDEC2 key=8252970d959b06db iv=4d207ea37a419f7d622f81c6a2f53594 len=16 in=d0616ea6d98e36550fe4d4ae9ac252d4
  << CT BENC key=8252970d959b06db iv=4d207ea37a419f7d622f81c6a2f53594 len=16 in=d0616ea6d98e36550fe4d4ae9ac252d4
  << CT BDEC2 key=8252970d959b06db iv=4d207ea37a419f7d622f81c6a2f53594 len=16 in=9d2b650c2a96ec1717af30f45559b034
  << CT BENC key=8252970d959b06db iv=4d207ea37a419f7d622f81c6a2f53594 len=16 in=9d2b650c2a96ec1717af30f45559b034
  << CT CBCE key=8252970d959b06db iv=4d207ea37a419f7d622f81c6a2f53594 len=560 in=9f0937dd6fe9d0d46a4b5dde120e6d5a
t 2 status {'installed': True, 'preloaded': False, 'nkeys': 2, 'neinit': 1, 'ncts': 220}
  << CT BDEC2 key=8252970d959b06db iv=4d207ea37a419f7d622f81c6a2f53594 len=16 in=43d02097ced3c65ec9b251cc63561745
  << CT BENC key=8252970d959b06db iv=4d207ea37a419f7d622f81c6a2f53594 len=16 in=43d02097ced3c65ec9b251cc63561745
  << CT BDEC2 key=8252970d959b06db iv=4d207ea37a419f7d622f81c6a2f53594 len=16 in=e5da94692aa58afb6e7e85fa5d79b2ff
  << CT BENC key=8252970d959b06db iv=4d207ea37a419f7d622f81c6a2f53594 len=16 in=e5da94692aa58afb6e7e85fa5d79b2ff
  << CT BDEC2 key=8252970d959b06db iv=4d207ea37a419f7d622f81c6a2f53594 len=16 in=aeebec717b74352afc4983f4cb65c8e2
  << CT BENC key=8252970d959b06db iv=4d207ea37a419f7d622f81c6a2f53594 len=16 in=aeebec717b74352afc4983f4cb65c8e2
  << CT BDEC2 key=8252970d959b06db iv=4d207ea37a419f7d622f81c6a2f53594 len=16 in=c2e2d1a12fdb30f7ac04f5647f8529ca
  << CT BENC key=8252970d959b06db iv=4d207ea37a419f7d622f81c6a2f53594 len=16 in=c2e2d1a12fdb30f7ac04f5647f8529ca
  << CT BDEC2 key=8252970d959b06db iv=4d207ea37a419f7d622f81c6a2f53594 len=16 in=9866cdfb469b84ac7618e6613aaa25b6
  << CT BENC key=8252970d959b06db iv=4d207ea37a419f7d622f81c6a2f53594 len=16 in=9866cdfb469b84ac7618e6613aaa25b6
  << CT BDEC2 key=8252970d959b06db iv=4d207ea37a419f7d622f81c6a2f53594 len=16 in=cbb199fc66ea57a15668928cb3027e55
  << CT BENC key=8252970d959b06db iv=4d207ea37a419f7d622f81c6a2f53594 len=16 in=cbb199fc66ea57a15668928cb3027e55
  << CT BDEC2 key=8252970d959b06db iv=4d207ea37a419f7d622f81c6a2f53594 len=16 in=9a3b750cdc550df42e05e25b7cdf4d65
  << CT BENC key=8252970d959b06db iv=4d207ea37a419f7d622f81c6a2f53594 len=16 in=9a3b750cdc550df42e05e25b7cdf4d65
  << CT BDEC2 key=8252970d959b06db iv=4d207ea37a419f7d622f81c6a2f53594 len=16 in=5a15061fa4993862973a1dfdc8676555
  << CT BENC key=8252970d959b06db iv=4d207ea37a419f7d622f81c6a2f53594 len=16 in=5a15061fa4993862973a1dfdc8676555
  << CT BDEC2 key=8252970d959b06db iv=4d207ea37a419f7d622f81c6a2f53594 len=16 in=faa4a5d36a3e7a3f5baccf8f870f2fe4
  << CT BENC key=8252970d959b06db iv=4d207ea37a419f7d622f81c6a2f53594 len=16 in=faa4a5d36a3e7a3f5baccf8f870f2fe4
  << CT BDEC2 key=8252970d959b06db iv=4d207ea37a419f7d622f81c6a2f53594 len=16 in=320373ee3477b35cf4af914ca9f47d2a
  << CT BENC key=8252970d959b06db iv=4d207ea37a419f7d622f81c6a2f53594 len=16 in=320373ee3477b35cf4af914ca9f47d2a
  << CT BDEC2 key=8252970d959b06db iv=4d207ea37a419f7d622f81c6a2f53594 len=16 in=8cbbaa613c248201f1f0f853585aef3b
  << CT BENC key=8252970d959b06db iv=4d207ea37a419f7d622f81c6a2f53594 len=16 in=8cbbaa613c248201f1f0f853585aef3b
  << CT BDEC2 key=8252970d959b06db iv=4d207ea37a419f7d622f81c6a2f53594 len=16 in=61607f3f8e4e9dd6053a449327f6a6fb
  << CT BENC key=8252970d959b06db iv=4d207ea37a419f7d622f81c6a2f53594 len=16 in=61607f3f8e4e9dd6053a449327f6a6fb
  << CT BDEC2 key=8252970d959b06db iv=4d207ea37a419f7d622f81c6a2f53594 len=16 in=f788681d8351db58187241913d19ae46
  << CT BENC key=8252970d959b06db iv=4d207ea37a419f7d622f81c6a2f53594 len=16 in=f788681d8351db58187241913d19ae46
  << CT BDEC2 key=8252970d959b06db iv=4d207ea37a419f7d622f81c6a2f53594 len=16 in=6665aecc6bbca741e3cb2fab35f6808b
  << CT BENC key=8252970d959b06db iv=4d207ea37a419f7d622f81c6a2f53594 len=16 in=6665aecc6bbca741e3cb2fab35f6808b
  << CT BDEC2 key=8252970d959b06db iv=4d207ea37a419f7d622f81c6a2f53594 len=16 in=b5d5616ed1d751dfa57fc6afd59cdfaf
  << CT BENC key=8252970d959b06db iv=4d207ea37a419f7d622f81c6a2f53594 len=16 in=b5d5616ed1d751dfa57fc6afd59cdfaf
  << CT BDEC2 key=8252970d959b06db iv=4d207ea37a419f7d622f81c6a2f53594 len=16 in=bdd2eb3fbf5c95aab25404e755b7b179
  << CT BENC key=8252970d959b06db iv=4d207ea37a419f7d622f81c6a2f53594 len=16 in=bdd2eb3fbf5c95aab25404e755b7b179
  << CT BDEC2 key=8252970d959b06db iv=4d207ea37a419f7d622f81c6a2f53594 len=16 in=8d86c4dc464f549a5e96cb16b7f95648
  << CT BENC key=8252970d959b06db iv=4d207ea37a419f7d622f81c6a2f53594 len=16 in=8d86c4dc464f549a5e96cb16b7f95648
  << CT BDEC2 key=8252970d959b06db iv=4d207ea37a419f7d622f81c6a2f53594 len=16 in=69ad6f868e2126b02a79ba460f500959
  << CT BENC key=8252970d959b06db iv=4d207ea37a419f7d622f81c6a2f53594 len=16 in=69ad6f868e2126b02a79ba460f500959
  << CT BDEC2 key=8252970d959b06db iv=4d207ea37a419f7d622f81c6a2f53594 len=16 in=887a1ea02371377bd6db4439d8e06096
  << CT BENC key=8252970d959b06db iv=4d207ea37a419f7d622f81c6a2f53594 len=16 in=887a1ea02371377bd6db4439d8e06096
  << CT BDEC2 key=8252970d959b06db iv=4d207ea37a419f7d622f81c6a2f53594 len=16 in=873ba5969c5131aee8d0cedce3de0ccb
  << CT BENC key=8252970d959b06db iv=4d207ea37a419f7d622f81c6a2f53594 len=16 in=873ba5969c5131aee8d0cedce3de0ccb
  << CT BDEC2 key=8252970d959b06db iv=4d207ea37a419f7d622f81c6a2f53594 len=16 in=b6bc4e6ec37219310de38fb9b8fd6d3d
  << CT BENC key=8252970d959b06db iv=4d207ea37a419f7d622f81c6a2f53594 len=16 in=b6bc4e6ec37219310de38fb9b8fd6d3d
  << CT BDEC2 key=8252970d959b06db iv=4d207ea37a419f7d622f81c6a2f53594 len=16 in=83a3d30ea6f362706166338e7d45d8aa
  << CT BENC key=8252970d959b06db iv=4d207ea37a419f7d622f81c6a2f53594 len=16 in=83a3d30ea6f362706166338e7d45d8aa
  << CT BDEC2 key=8252970d959b06db iv=4d207ea37a419f7d622f81c6a2f53594 len=16 in=ad9c0e9b6f5a788b1d4d4d405611888f
  << CT BENC key=8252970d959b06db iv=4d207ea37a419f7d622f81c6a2f53594 len=16 in=ad9c0e9b6f5a788b1d4d4d405611888f
  << CT BDEC2 key=8252970d959b06db iv=4d207ea37a419f7d622f81c6a2f53594 len=16 in=910c5c407bea5e433c742156f9e7b52c
  << CT BENC key=8252970d959b06db iv=4d207ea37a419f7d622f81c6a2f53594 len=16 in=910c5c407bea5e433c742156f9e7b52c
  << CT BDEC2 key=8252970d959b06db iv=4d207ea37a419f7d622f81c6a2f53594 len=16 in=e639255aa15ce33e7e22ab992eafb0be
  << CT BENC key=8252970d959b06db iv=4d207ea37a419f7d622f81c6a2f53594 len=16 in=e639255aa15ce33e7e22ab992eafb0be
  << CT BDEC2 key=8252970d959b06db iv=4d207ea37a419f7d622f81c6a2f53594 len=16 in=841ea626dddfd03cceaca5f84584f368
  << CT BENC key=8252970d959b06db iv=4d207ea37a419f7d622f81c6a2f53594 len=16 in=841ea626dddfd03cceaca5f84584f368
  << CT BDEC2 key=8252970d959b06db iv=4d207ea37a419f7d622f81c6a2f53594 len=16 in=6e80f3341e03dc8c33f2593d372a3c4d
  << CT BENC key=8252970d959b06db iv=4d207ea37a419f7d622f81c6a2f53594 len=16 in=6e80f3341e03dc8c33f2593d372a3c4d
  << CT BDEC2 key=8252970d959b06db iv=4d207ea37a419f7d622f81c6a2f53594 len=16 in=4a65f6e9bd80f93b9cb93a459d2eace2
  << CT BENC key=8252970d959b06db iv=4d207ea37a419f7d622f81c6a2f53594 len=16 in=4a65f6e9bd80f93b9cb93a459d2eace2
  << CT BDEC2 key=8252970d959b06db iv=4d207ea37a419f7d622f81c6a2f53594 len=16 in=68824f0e0f1be2d37938c15068af73ca
  << CT BENC key=8252970d959b06db iv=4d207ea37a419f7d622f81c6a2f53594 len=16 in=68824f0e0f1be2d37938c15068af73ca
  << CT BDEC2 key=8252970d959b06db iv=4d207ea37a419f7d622f81c6a2f53594 len=16 in=e1ed9bdf3da7a3ac75cc1324f6af7edb
  << CT BENC key=8252970d959b06db iv=4d207ea37a419f7d622f81c6a2f53594 len=16 in=e1ed9bdf3da7a3ac75cc1324f6af7edb
  << CT BDEC2 key=8252970d959b06db iv=4d207ea37a419f7d622f81c6a2f53594 len=16 in=75e2dba48f9fac5beeaf40aac5371de8
  << CT BENC key=8252970d959b06db iv=4d207ea37a419f7d622f81c6a2f53594 len=16 in=75e2dba48f9fac5beeaf40aac5371de8
  << CT BDEC2 key=8252970d959b06db iv=4d207ea37a419f7d622f81c6a2f53594 len=16 in=2cdc3678214a1af5b046c773f1623e0d
  << CT BENC key=8252970d959b06db iv=4d207ea37a419f7d622f81c6a2f53594 len=16 in=2cdc3678214a1af5b046c773f1623e0d
  << CT BDEC2 key=8252970d959b06db iv=4d207ea37a419f7d622f81c6a2f53594 len=16 in=eb884f2aee5248c15ed18e25c9fc9bf9
  << CT BENC key=8252970d959b06db iv=4d207ea37a419f7d622f81c6a2f53594 len=16 in=eb884f2aee5248c15ed18e25c9fc9bf9
  << CT BDEC2 key=8252970d959b06db iv=4d207ea37a419f7d622f81c6a2f53594 len=16 in=9c4a1aed751bfe0cfbd7f01b9404a14c
  << CT BENC key=8252970d959b06db iv=4d207ea37a419f7d622f81c6a2f53594 len=16 in=9c4a1aed751bfe0cfbd7f01b9404a14c
  << CT BDEC2 key=8252970d959b06db iv=4d207ea37a419f7d622f81c6a2f53594 len=16 in=ca3dd87a1e6d2bf9288cbb9041842371
  << CT BENC key=8252970d959b06db iv=4d207ea37a419f7d622f81c6a2f53594 len=16 in=ca3dd87a1e6d2bf9288cbb9041842371
  << CT CBCE key=8252970d959b06db iv=4d207ea37a419f7d622f81c6a2f53594 len=560 in=43d02097ced3c65ec9b251cc63561745
  << CT BDEC2 key=8252970d959b06db iv=4d207ea37a419f7d622f81c6a2f53594 len=16 in=debeb93ba308042480a4b1d43a871b09
  << CT BENC key=8252970d959b06db iv=4d207ea37a419f7d622f81c6a2f53594 len=16 in=debeb93ba308042480a4b1d43a871b09
  << CT BDEC2 key=8252970d959b06db iv=4d207ea37a419f7d622f81c6a2f53594 len=16 in=a233d18578d45bfda3c56203d4aeca2c
  << CT BENC key=8252970d959b06db iv=4d207ea37a419f7d622f81c6a2f53594 len=16 in=a233d18578d45bfda3c56203d4aeca2c
  << CT BDEC2 key=8252970d959b06db iv=4d207ea37a419f7d622f81c6a2f53594 len=16 in=2781fe1b00692c2b4bbddfaa84cefb7b
  << CT BENC key=8252970d959b06db iv=4d207ea37a419f7d622f81c6a2f53594 len=16 in=2781fe1b00692c2b4bbddfaa84cefb7b
  << CT BDEC2 key=8252970d959b06db iv=4d207ea37a419f7d622f81c6a2f53594 len=16 in=48b7fe4e5dbd8dd8bfaa79e005853ef6
  << CT BENC key=8252970d959b06db iv=4d207ea37a419f7d622f81c6a2f53594 len=16 in=48b7fe4e5dbd8dd8bfaa79e005853ef6
  << CT BDEC2 key=8252970d959b06db iv=4d207ea37a419f7d622f81c6a2f53594 len=16 in=b5d53f75a0463be4bb6520f705eab203
  << CT BENC key=8252970d959b06db iv=4d207ea37a419f7d622f81c6a2f53594 len=16 in=b5d53f75a0463be4bb6520f705eab203
  << CT BDEC2 key=8252970d959b06db iv=4d207ea37a419f7d622f81c6a2f53594 len=16 in=7848231b601816ee5526c15afad3fe95
  << CT BENC key=8252970d959b06db iv=4d207ea37a419f7d622f81c6a2f53594 len=16 in=7848231b601816ee5526c15afad3fe95
  << CT BDEC2 key=8252970d959b06db iv=4d207ea37a419f7d622f81c6a2f53594 len=16 in=9eb7180b0115fbcd92bb5a2eca6098d5
  << CT BENC key=8252970d959b06db iv=4d207ea37a419f7d622f81c6a2f53594 len=16 in=9eb7180b0115fbcd92bb5a2eca6098d5
  << CT BDEC2 key=8252970d959b06db iv=4d207ea37a419f7d622f81c6a2f53594 len=16 in=923e0fb335853f6ecd0ea3bc780d29c2
  << CT BENC key=8252970d959b06db iv=4d207ea37a419f7d622f81c6a2f53594 len=16 in=923e0fb335853f6ecd0ea3bc780d29c2
  << CT BDEC2 key=8252970d959b06db iv=4d207ea37a419f7d622f81c6a2f53594 len=16 in=f4bfc4205e2c6ede9cf726487cf6ac41
  << CT BENC key=8252970d959b06db iv=4d207ea37a419f7d622f81c6a2f53594 len=16 in=f4bfc4205e2c6ede9cf726487cf6ac41
  << CT BDEC2 key=8252970d959b06db iv=4d207ea37a419f7d622f81c6a2f53594 len=16 in=cbd65991b57848f4e159c612c92c9050
  << CT BENC key=8252970d959b06db iv=4d207ea37a419f7d622f81c6a2f53594 len=16 in=cbd65991b57848f4e159c612c92c9050
  << CT BDEC2 key=8252970d959b06db iv=4d207ea37a419f7d622f81c6a2f53594 len=16 in=1ce3d996b43131131fda881bd76593bc
  << CT BENC key=8252970d959b06db iv=4d207ea37a419f7d622f81c6a2f53594 len=16 in=1ce3d996b43131131fda881bd76593bc
  << CT BDEC2 key=8252970d959b06db iv=4d207ea37a419f7d622f81c6a2f53594 len=16 in=7e7c5e6dc7dd67abf316510eba31506a
  << CT BENC key=8252970d959b06db iv=4d207ea37a419f7d622f81c6a2f53594 len=16 in=7e7c5e6dc7dd67abf316510eba31506a
  << CT BDEC2 key=8252970d959b06db iv=4d207ea37a419f7d622f81c6a2f53594 len=16 in=7bfbe1eb6d12dba0da19859db55b64b7
  << CT BENC key=8252970d959b06db iv=4d207ea37a419f7d622f81c6a2f53594 len=16 in=7bfbe1eb6d12dba0da19859db55b64b7
  << CT BDEC2 key=8252970d959b06db iv=4d207ea37a419f7d622f81c6a2f53594 len=16 in=4580e20c1afcbc4d57dabc4aafd1f1cd
  << CT BENC key=8252970d959b06db iv=4d207ea37a419f7d622f81c6a2f53594 len=16 in=4580e20c1afcbc4d57dabc4aafd1f1cd
  << CT BDEC2 key=8252970d959b06db iv=4d207ea37a419f7d622f81c6a2f53594 len=16 in=a79de39cdd2f96da087a1e78c5f2b2f2
  << CT BENC key=8252970d959b06db iv=4d207ea37a419f7d622f81c6a2f53594 len=16 in=a79de39cdd2f96da087a1e78c5f2b2f2
  << CT BDEC2 key=8252970d959b06db iv=4d207ea37a419f7d622f81c6a2f53594 len=16 in=f08c2e5001ad86dd77627159f742ad43
  << CT BENC key=8252970d959b06db iv=4d207ea37a419f7d622f81c6a2f53594 len=16 in=f08c2e5001ad86dd77627159f742ad43
  << CT BDEC2 key=8252970d959b06db iv=4d207ea37a419f7d622f81c6a2f53594 len=16 in=745cc24c9663aa36fedcc38f3ee50806
  << CT BENC key=8252970d959b06db iv=4d207ea37a419f7d622f81c6a2f53594 len=16 in=745cc24c9663aa36fedcc38f3ee50806
  << CT BDEC2 key=8252970d959b06db iv=4d207ea37a419f7d622f81c6a2f53594 len=16 in=30a1341ce415e3f82601b2205446ae62
  << CT BENC key=8252970d959b06db iv=4d207ea37a419f7d622f81c6a2f53594 len=16 in=30a1341ce415e3f82601b2205446ae62
  << CT BDEC2 key=8252970d959b06db iv=4d207ea37a419f7d622f81c6a2f53594 len=16 in=17a1e7ca19b9e9523e26013a5db0330c
  << CT BENC key=8252970d959b06db iv=4d207ea37a419f7d622f81c6a2f53594 len=16 in=17a1e7ca19b9e9523e26013a5db0330c
  << CT BDEC2 key=8252970d959b06db iv=4d207ea37a419f7d622f81c6a2f53594 len=16 in=77cf3e331127351b481284e129c78c52
  << CT BENC key=8252970d959b06db iv=4d207ea37a419f7d622f81c6a2f53594 len=16 in=77cf3e331127351b481284e129c78c52
  << CT BDEC2 key=8252970d959b06db iv=4d207ea37a419f7d622f81c6a2f53594 len=16 in=3f80f20133a4f0ad8717af4521e0607e
  << CT BENC key=8252970d959b06db iv=4d207ea37a419f7d622f81c6a2f53594 len=16 in=3f80f20133a4f0ad8717af4521e0607e
  << CT BDEC2 key=8252970d959b06db iv=4d207ea37a419f7d622f81c6a2f53594 len=16 in=4ce5a79f38526b3e1ef8eb689aa3a300
  << CT BENC key=8252970d959b06db iv=4d207ea37a419f7d622f81c6a2f53594 len=16 in=4ce5a79f38526b3e1ef8eb689aa3a300
  << CT BDEC2 key=8252970d959b06db iv=4d207ea37a419f7d622f81c6a2f53594 len=16 in=eebe5bf95c7de3542e2a06124813b7aa
  << CT BENC key=8252970d959b06db iv=4d207ea37a419f7d622f81c6a2f53594 len=16 in=eebe5bf95c7de3542e2a06124813b7aa
  << CT BDEC2 key=8252970d959b06db iv=4d207ea37a419f7d622f81c6a2f53594 len=16 in=f737d17bf7229b128fc3d2bf71c2d106
  << CT BENC key=8252970d959b06db iv=4d207ea37a419f7d622f81c6a2f53594 len=16 in=f737d17bf7229b128fc3d2bf71c2d106
  << CT BDEC2 key=8252970d959b06db iv=4d207ea37a419f7d622f81c6a2f53594 len=16 in=2915af4d9bd51328f07c4634fc67f211
  << CT BENC key=8252970d959b06db iv=4d207ea37a419f7d622f81c6a2f53594 len=16 in=2915af4d9bd51328f07c4634fc67f211
  << CT BDEC2 key=8252970d959b06db iv=4d207ea37a419f7d622f81c6a2f53594 len=16 in=506187959a2be6f213ce1e1f248aabe7
  << CT BENC key=8252970d959b06db iv=4d207ea37a419f7d622f81c6a2f53594 len=16 in=506187959a2be6f213ce1e1f248aabe7
  << CT BDEC2 key=8252970d959b06db iv=4d207ea37a419f7d622f81c6a2f53594 len=16 in=dad58332dab33701397bff9d909f139d
  << CT BENC key=8252970d959b06db iv=4d207ea37a419f7d622f81c6a2f53594 len=16 in=dad58332dab33701397bff9d909f139d
  << CT BDEC2 key=8252970d959b06db iv=4d207ea37a419f7d622f81c6a2f53594 len=16 in=eda0d6e976b077562441b1b2526d5a19
  << CT BENC key=8252970d959b06db iv=4d207ea37a419f7d622f81c6a2f53594 len=16 in=eda0d6e976b077562441b1b2526d5a19
  << CT BDEC2 key=8252970d959b06db iv=4d207ea37a419f7d622f81c6a2f53594 len=16 in=89ff6c49012a36f8b067486aae9184c8
  << CT BENC key=8252970d959b06db iv=4d207ea37a419f7d622f81c6a2f53594 len=16 in=89ff6c49012a36f8b067486aae9184c8
  << CT BDEC2 key=8252970d959b06db iv=4d207ea37a419f7d622f81c6a2f53594 len=16 in=82561871209d525819bcbcee94ebcedf
  << CT BENC key=8252970d959b06db iv=4d207ea37a419f7d622f81c6a2f53594 len=16 in=82561871209d525819bcbcee94ebcedf
  << CT BDEC2 key=8252970d959b06db iv=4d207ea37a419f7d622f81c6a2f53594 len=16 in=6166ba45d25f7763f63fa51f59a1ce61
  << CT BENC key=8252970d959b06db iv=4d207ea37a419f7d622f81c6a2f53594 len=16 in=6166ba45d25f7763f63fa51f59a1ce61
  << CT BDEC2 key=8252970d959b06db iv=4d207ea37a419f7d622f81c6a2f53594 len=16 in=f6df605ee21653f7232afd4df63b8da4
  << CT BENC key=8252970d959b06db iv=4d207ea37a419f7d622f81c6a2f53594 len=16 in=f6df605ee21653f7232afd4df63b8da4
  << CT BDEC2 key=8252970d959b06db iv=4d207ea37a419f7d622f81c6a2f53594 len=16 in=9fc68403779ae0dcfc19c06176386cfe
  << CT BENC key=8252970d959b06db iv=4d207ea37a419f7d622f81c6a2f53594 len=16 in=9fc68403779ae0dcfc19c06176386cfe
  << CT BDEC2 key=8252970d959b06db iv=4d207ea37a419f7d622f81c6a2f53594 len=16 in=b5ca716032d0832093ff7b738b5b3a62
  << CT BENC key=8252970d959b06db iv=4d207ea37a419f7d622f81c6a2f53594 len=16 in=b5ca716032d0832093ff7b738b5b3a62
  << CT BDEC2 key=8252970d959b06db iv=4d207ea37a419f7d622f81c6a2f53594 len=16 in=ce4d5b4c2b6b1b42a92e981ddf1cd4fa
  << CT BENC key=8252970d959b06db iv=4d207ea37a419f7d622f81c6a2f53594 len=16 in=ce4d5b4c2b6b1b42a92e981ddf1cd4fa
  << CT CBCE key=8252970d959b06db iv=4d207ea37a419f7d622f81c6a2f53594 len=560 in=debeb93ba308042480a4b1d43a871b09
  << CT BDEC2 key=8252970d959b06db iv=4d207ea37a419f7d622f81c6a2f53594 len=16 in=8c30fdcaa926251a668c0b72357606cf
  << CT BENC key=8252970d959b06db iv=4d207ea37a419f7d622f81c6a2f53594 len=16 in=8c30fdcaa926251a668c0b72357606cf
  << CT BDEC2 key=8252970d959b06db iv=4d207ea37a419f7d622f81c6a2f53594 len=16 in=83aac93b2e6a56a63a954d54c912647b
  << CT BENC key=8252970d959b06db iv=4d207ea37a419f7d622f81c6a2f53594 len=16 in=83aac93b2e6a56a63a954d54c912647b
  << CT BDEC2 key=8252970d959b06db iv=4d207ea37a419f7d622f81c6a2f53594 len=16 in=75c17fc0ec6e226d34a95a5db97777ba
  << CT BENC key=8252970d959b06db iv=4d207ea37a419f7d622f81c6a2f53594 len=16 in=75c17fc0ec6e226d34a95a5db97777ba
  << CT BDEC2 key=8252970d959b06db iv=4d207ea37a419f7d622f81c6a2f53594 len=16 in=93ecaad5ec92fc36f57a1f5b2fe68eaf
  << CT BENC key=8252970d959b06db iv=4d207ea37a419f7d622f81c6a2f53594 len=16 in=93ecaad5ec92fc36f57a1f5b2fe68eaf
  << CT BDEC2 key=8252970d959b06db iv=4d207ea37a419f7d622f81c6a2f53594 len=16 in=0be2b5817564a6381ecaf99cb514cdb3
  << CT BENC key=8252970d959b06db iv=4d207ea37a419f7d622f81c6a2f53594 len=16 in=0be2b5817564a6381ecaf99cb514cdb3
  << CT BDEC2 key=8252970d959b06db iv=4d207ea37a419f7d622f81c6a2f53594 len=16 in=0a11c62ae0daba2c48d5d1995c07d948
  << CT BENC key=8252970d959b06db iv=4d207ea37a419f7d622f81c6a2f53594 len=16 in=0a11c62ae0daba2c48d5d1995c07d948
  << CT BDEC2 key=8252970d959b06db iv=4d207ea37a419f7d622f81c6a2f53594 len=16 in=75dbcd5500f5277a6ffb7b38578a949e
  << CT BENC key=8252970d959b06db iv=4d207ea37a419f7d622f81c6a2f53594 len=16 in=75dbcd5500f5277a6ffb7b38578a949e
  << CT BDEC2 key=8252970d959b06db iv=4d207ea37a419f7d622f81c6a2f53594 len=16 in=04cba901ed62e1c2c17ed547f438d63d
  << CT BENC key=8252970d959b06db iv=4d207ea37a419f7d622f81c6a2f53594 len=16 in=04cba901ed62e1c2c17ed547f438d63d
  << CT BDEC2 key=8252970d959b06db iv=4d207ea37a419f7d622f81c6a2f53594 len=16 in=aeae68302633d00a0186ec3ea8ce6511
  << CT BENC key=8252970d959b06db iv=4d207ea37a419f7d622f81c6a2f53594 len=16 in=aeae68302633d00a0186ec3ea8ce6511
  << CT BDEC2 key=8252970d959b06db iv=4d207ea37a419f7d622f81c6a2f53594 len=16 in=897df746df6a208a21950ffe8410274c
  << CT BENC key=8252970d959b06db iv=4d207ea37a419f7d622f81c6a2f53594 len=16 in=897df746df6a208a21950ffe8410274c
  << CT BDEC2 key=8252970d959b06db iv=4d207ea37a419f7d622f81c6a2f53594 len=16 in=563347a75108091e05ad373f5e72dccd
  << CT BENC key=8252970d959b06db iv=4d207ea37a419f7d622f81c6a2f53594 len=16 in=563347a75108091e05ad373f5e72dccd
  << CT BDEC2 key=8252970d959b06db iv=4d207ea37a419f7d622f81c6a2f53594 len=16 in=df3d2c035388a9952c33087ce500f7df
  << CT BENC key=8252970d959b06db iv=4d207ea37a419f7d622f81c6a2f53594 len=16 in=df3d2c035388a9952c33087ce500f7df
  << CT BDEC2 key=8252970d959b06db iv=4d207ea37a419f7d622f81c6a2f53594 len=16 in=bf34beb1456b44c333d82e1373807057
  << CT BENC key=8252970d959b06db iv=4d207ea37a419f7d622f81c6a2f53594 len=16 in=bf34beb1456b44c333d82e1373807057
  << CT BDEC2 key=8252970d959b06db iv=4d207ea37a419f7d622f81c6a2f53594 len=16 in=95a06264044576ece6b8ea0537f8cec3
  << CT BENC key=8252970d959b06db iv=4d207ea37a419f7d622f81c6a2f53594 len=16 in=95a06264044576ece6b8ea0537f8cec3
  << CT BDEC2 key=8252970d959b06db iv=4d207ea37a419f7d622f81c6a2f53594 len=16 in=91877e6ca7d3e38296bdfac9ab04f012
  << CT BENC key=8252970d959b06db iv=4d207ea37a419f7d622f81c6a2f53594 len=16 in=91877e6ca7d3e38296bdfac9ab04f012
  << CT BDEC2 key=8252970d959b06db iv=4d207ea37a419f7d622f81c6a2f53594 len=16 in=4513dedaafdd93b2519e1843256e39ad
  << CT BENC key=8252970d959b06db iv=4d207ea37a419f7d622f81c6a2f53594 len=16 in=4513dedaafdd93b2519e1843256e39ad
  << CT BDEC2 key=8252970d959b06db iv=4d207ea37a419f7d622f81c6a2f53594 len=16 in=b61386848402a37f5981c6d462fc3eb8
  << CT BENC key=8252970d959b06db iv=4d207ea37a419f7d622f81c6a2f53594 len=16 in=b61386848402a37f5981c6d462fc3eb8
  << CT BDEC2 key=8252970d959b06db iv=4d207ea37a419f7d622f81c6a2f53594 len=16 in=c002e1722590604bbbede4554b4e533e
  << CT BENC key=8252970d959b06db iv=4d207ea37a419f7d622f81c6a2f53594 len=16 in=c002e1722590604bbbede4554b4e533e
  << CT BDEC2 key=8252970d959b06db iv=4d207ea37a419f7d622f81c6a2f53594 len=16 in=55bac9aea9c66cb7106c047a1ccf58a1
  << CT BENC key=8252970d959b06db iv=4d207ea37a419f7d622f81c6a2f53594 len=16 in=55bac9aea9c66cb7106c047a1ccf58a1
  << CT BDEC2 key=8252970d959b06db iv=4d207ea37a419f7d622f81c6a2f53594 len=16 in=ad77b9748b561df2c255b7748e1ee3fe
  << CT BENC key=8252970d959b06db iv=4d207ea37a419f7d622f81c6a2f53594 len=16 in=ad77b9748b561df2c255b7748e1ee3fe
  << CT BDEC2 key=8252970d959b06db iv=4d207ea37a419f7d622f81c6a2f53594 len=16 in=bb55a09fb6ae8a93d307dd7a90c6d50d
  << CT BENC key=8252970d959b06db iv=4d207ea37a419f7d622f81c6a2f53594 len=16 in=bb55a09fb6ae8a93d307dd7a90c6d50d
  << CT BDEC2 key=8252970d959b06db iv=4d207ea37a419f7d622f81c6a2f53594 len=16 in=aaa1c68a90d4395dcac1215cf229ea05
  << CT BENC key=8252970d959b06db iv=4d207ea37a419f7d622f81c6a2f53594 len=16 in=aaa1c68a90d4395dcac1215cf229ea05
  << CT BDEC2 key=8252970d959b06db iv=4d207ea37a419f7d622f81c6a2f53594 len=16 in=0581ac401f9caae0f7d8976cd8ed2f2a
  << CT BENC key=8252970d959b06db iv=4d207ea37a419f7d622f81c6a2f53594 len=16 in=0581ac401f9caae0f7d8976cd8ed2f2a
  << CT BDEC2 key=8252970d959b06db iv=4d207ea37a419f7d622f81c6a2f53594 len=16 in=d6beea3173864a20f0d451a2883018a6
  << CT BENC key=8252970d959b06db iv=4d207ea37a419f7d622f81c6a2f53594 len=16 in=d6beea3173864a20f0d451a2883018a6
  << CT BDEC2 key=8252970d959b06db iv=4d207ea37a419f7d622f81c6a2f53594 len=16 in=3c66444ef9cba846e49a98f9d00d1eab
  << CT BENC key=8252970d959b06db iv=4d207ea37a419f7d622f81c6a2f53594 len=16 in=3c66444ef9cba846e49a98f9d00d1eab
  << CT BDEC2 key=8252970d959b06db iv=4d207ea37a419f7d622f81c6a2f53594 len=16 in=503a472f1619d2aa3ea4104b02970d52
  << CT BENC key=8252970d959b06db iv=4d207ea37a419f7d622f81c6a2f53594 len=16 in=503a472f1619d2aa3ea4104b02970d52
  << CT BDEC2 key=8252970d959b06db iv=4d207ea37a419f7d622f81c6a2f53594 len=16 in=b3598f129750d41838e6a0aefd4b03bc
  << CT BENC key=8252970d959b06db iv=4d207ea37a419f7d622f81c6a2f53594 len=16 in=b3598f129750d41838e6a0aefd4b03bc
  << CT BDEC2 key=8252970d959b06db iv=4d207ea37a419f7d622f81c6a2f53594 len=16 in=20429536cf06c4c2f6301aa8ca304658
  << CT BENC key=8252970d959b06db iv=4d207ea37a419f7d622f81c6a2f53594 len=16 in=20429536cf06c4c2f6301aa8ca304658
  << CT BDEC2 key=8252970d959b06db iv=4d207ea37a419f7d622f81c6a2f53594 len=16 in=74be1150b5c57a1654bf534642965e69
  << CT BENC key=8252970d959b06db iv=4d207ea37a419f7d622f81c6a2f53594 len=16 in=74be1150b5c57a1654bf534642965e69
  << CT BDEC2 key=8252970d959b06db iv=4d207ea37a419f7d622f81c6a2f53594 len=16 in=ba85fce0c4d0325ab1eb0aa7c793b328
  << CT BENC key=8252970d959b06db iv=4d207ea37a419f7d622f81c6a2f53594 len=16 in=ba85fce0c4d0325ab1eb0aa7c793b328
  << CT BDEC2 key=8252970d959b06db iv=4d207ea37a419f7d622f81c6a2f53594 len=16 in=4110994442682e5a45ba4f341def63ba
  << CT BENC key=8252970d959b06db iv=4d207ea37a419f7d622f81c6a2f53594 len=16 in=4110994442682e5a45ba4f341def63ba
  << CT BDEC2 key=8252970d959b06db iv=4d207ea37a419f7d622f81c6a2f53594 len=16 in=5b0d7b5101186c0f79535c456310572e
  << CT BENC key=8252970d959b06db iv=4d207ea37a419f7d622f81c6a2f53594 len=16 in=5b0d7b5101186c0f79535c456310572e
  << CT BDEC2 key=8252970d959b06db iv=4d207ea37a419f7d622f81c6a2f53594 len=16 in=a7c4ebe78e3e74dae264d443b75dc6e4
  << CT BENC key=8252970d959b06db iv=4d207ea37a419f7d622f81c6a2f53594 len=16 in=a7c4ebe78e3e74dae264d443b75dc6e4
  << CT BDEC2 key=8252970d959b06db iv=4d207ea37a419f7d622f81c6a2f53594 len=16 in=0fa3b779a8cdc8cbade9f3e3ffac7d41
  << CT BENC key=8252970d959b06db iv=4d207ea37a419f7d622f81c6a2f53594 len=16 in=0fa3b779a8cdc8cbade9f3e3ffac7d41
  << CT BDEC2 key=8252970d959b06db iv=4d207ea37a419f7d622f81c6a2f53594 len=16 in=014da69f03655703082de06cb9c064b4
  << CT BENC key=8252970d959b06db iv=4d207ea37a419f7d622f81c6a2f53594 len=16 in=014da69f03655703082de06cb9c064b4
  << CT CBCE key=8252970d959b06db iv=4d207ea37a419f7d622f81c6a2f53594 len=560 in=8c30fdcaa926251a668c0b72357606cf
t 3 status {'installed': True, 'preloaded': False, 'nkeys': 2, 'neinit': 1, 'ncts': 433}
  << CT BDEC2 key=8252970d959b06db iv=4d207ea37a419f7d622f81c6a2f53594 len=16 in=9ad97f867a4c9e16f821b0bd6a029911
  << CT BENC key=8252970d959b06db iv=4d207ea37a419f7d622f81c6a2f53594 len=16 in=9ad97f867a4c9e16f821b0bd6a029911
  << CT BDEC2 key=8252970d959b06db iv=4d207ea37a419f7d622f81c6a2f53594 len=16 in=1935ff6cb34f42e23f8fc1c4f1bebb03
  << CT BENC key=8252970d959b06db iv=4d207ea37a419f7d622f81c6a2f53594 len=16 in=1935ff6cb34f42e23f8fc1c4f1bebb03
  << CT BDEC2 key=8252970d959b06db iv=4d207ea37a419f7d622f81c6a2f53594 len=16 in=5b3d71b6d7fc79fbbdde0e8f998aaf65
  << CT BENC key=8252970d959b06db iv=4d207ea37a419f7d622f81c6a2f53594 len=16 in=5b3d71b6d7fc79fbbdde0e8f998aaf65
  << CT BDEC2 key=8252970d959b06db iv=4d207ea37a419f7d622f81c6a2f53594 len=16 in=46f9c53779d3bcbbbe2919af575aba16
  << CT BENC key=8252970d959b06db iv=4d207ea37a419f7d622f81c6a2f53594 len=16 in=46f9c53779d3bcbbbe2919af575aba16
  << CT BDEC2 key=8252970d959b06db iv=4d207ea37a419f7d622f81c6a2f53594 len=16 in=5fd831e409ee513f6ae2416b8121a64c
  << CT BENC key=8252970d959b06db iv=4d207ea37a419f7d622f81c6a2f53594 len=16 in=5fd831e409ee513f6ae2416b8121a64c
  << CT BDEC2 key=8252970d959b06db iv=4d207ea37a419f7d622f81c6a2f53594 len=16 in=1041f65f3d37fe38242ba16966de5521
  << CT BENC key=8252970d959b06db iv=4d207ea37a419f7d622f81c6a2f53594 len=16 in=1041f65f3d37fe38242ba16966de5521
  << CT BDEC2 key=8252970d959b06db iv=4d207ea37a419f7d622f81c6a2f53594 len=16 in=094b0a20f4b6d884c18b7ae8bd0652eb
  << CT BENC key=8252970d959b06db iv=4d207ea37a419f7d622f81c6a2f53594 len=16 in=094b0a20f4b6d884c18b7ae8bd0652eb
  << CT BDEC2 key=8252970d959b06db iv=4d207ea37a419f7d622f81c6a2f53594 len=16 in=53c46fac2f045652cc8ac62593fe88e5
  << CT BENC key=8252970d959b06db iv=4d207ea37a419f7d622f81c6a2f53594 len=16 in=53c46fac2f045652cc8ac62593fe88e5
  << CT BDEC2 key=8252970d959b06db iv=4d207ea37a419f7d622f81c6a2f53594 len=16 in=667477df813c35387db5fc4b7ec73964
  << CT BENC key=8252970d959b06db iv=4d207ea37a419f7d622f81c6a2f53594 len=16 in=667477df813c35387db5fc4b7ec73964
  << CT BDEC2 key=8252970d959b06db iv=4d207ea37a419f7d622f81c6a2f53594 len=16 in=f99233c55aeff165f896b909ca78463b
  << CT BENC key=8252970d959b06db iv=4d207ea37a419f7d622f81c6a2f53594 len=16 in=f99233c55aeff165f896b909ca78463b
  << CT BDEC2 key=8252970d959b06db iv=4d207ea37a419f7d622f81c6a2f53594 len=16 in=6f6b08d4be122b5cc291eb15da7c3040
  << CT BENC key=8252970d959b06db iv=4d207ea37a419f7d622f81c6a2f53594 len=16 in=6f6b08d4be122b5cc291eb15da7c3040
  << CT BDEC2 key=8252970d959b06db iv=4d207ea37a419f7d622f81c6a2f53594 len=16 in=60524a9e2bc1db4685161da00deace9d
  << CT BENC key=8252970d959b06db iv=4d207ea37a419f7d622f81c6a2f53594 len=16 in=60524a9e2bc1db4685161da00deace9d
  << CT BDEC2 key=8252970d959b06db iv=4d207ea37a419f7d622f81c6a2f53594 len=16 in=10aca2a631620bf29c1ad949debcbc98
  << CT BENC key=8252970d959b06db iv=4d207ea37a419f7d622f81c6a2f53594 len=16 in=10aca2a631620bf29c1ad949debcbc98
  << CT BDEC2 key=8252970d959b06db iv=4d207ea37a419f7d622f81c6a2f53594 len=16 in=e5d40c9d96dd75ffe30ce4bf6b66a777
  << CT BENC key=8252970d959b06db iv=4d207ea37a419f7d622f81c6a2f53594 len=16 in=e5d40c9d96dd75ffe30ce4bf6b66a777
  << CT BDEC2 key=8252970d959b06db iv=4d207ea37a419f7d622f81c6a2f53594 len=16 in=753eab8d48773f5404f0fd7e08889b54
  << CT BENC key=8252970d959b06db iv=4d207ea37a419f7d622f81c6a2f53594 len=16 in=753eab8d48773f5404f0fd7e08889b54
  << CT BDEC2 key=8252970d959b06db iv=4d207ea37a419f7d622f81c6a2f53594 len=16 in=bbd64ed06632a4e11da8270dfe0a1743
  << CT BENC key=8252970d959b06db iv=4d207ea37a419f7d622f81c6a2f53594 len=16 in=bbd64ed06632a4e11da8270dfe0a1743
  << CT BDEC2 key=8252970d959b06db iv=4d207ea37a419f7d622f81c6a2f53594 len=16 in=43e8009c8ca926b3d12bbf661524c165
  << CT BENC key=8252970d959b06db iv=4d207ea37a419f7d622f81c6a2f53594 len=16 in=43e8009c8ca926b3d12bbf661524c165
  << CT BDEC2 key=8252970d959b06db iv=4d207ea37a419f7d622f81c6a2f53594 len=16 in=598c2764f0f31565367c788f65602ec0
  << CT BENC key=8252970d959b06db iv=4d207ea37a419f7d622f81c6a2f53594 len=16 in=598c2764f0f31565367c788f65602ec0
  << CT BDEC2 key=8252970d959b06db iv=4d207ea37a419f7d622f81c6a2f53594 len=16 in=bd7c8ef3072e80dc6f9be3fa4e378249
  << CT BENC key=8252970d959b06db iv=4d207ea37a419f7d622f81c6a2f53594 len=16 in=bd7c8ef3072e80dc6f9be3fa4e378249
  << CT BDEC2 key=8252970d959b06db iv=4d207ea37a419f7d622f81c6a2f53594 len=16 in=fa666709b759cb878531ab39bacd93ff
  << CT BENC key=8252970d959b06db iv=4d207ea37a419f7d622f81c6a2f53594 len=16 in=fa666709b759cb878531ab39bacd93ff
  << CT BDEC2 key=8252970d959b06db iv=4d207ea37a419f7d622f81c6a2f53594 len=16 in=efae27424a8e152ea508081926ce8abc
  << CT BENC key=8252970d959b06db iv=4d207ea37a419f7d622f81c6a2f53594 len=16 in=efae27424a8e152ea508081926ce8abc
  << CT BDEC2 key=8252970d959b06db iv=4d207ea37a419f7d622f81c6a2f53594 len=16 in=24ec63051990b0f95b169096a23b5ddb
  << CT BENC key=8252970d959b06db iv=4d207ea37a419f7d622f81c6a2f53594 len=16 in=24ec63051990b0f95b169096a23b5ddb
  << CT BDEC2 key=8252970d959b06db iv=4d207ea37a419f7d622f81c6a2f53594 len=16 in=b1efaff7ec8de1a361615ddaeeebe49d
  << CT BENC key=8252970d959b06db iv=4d207ea37a419f7d622f81c6a2f53594 len=16 in=b1efaff7ec8de1a361615ddaeeebe49d
  << CT BDEC2 key=8252970d959b06db iv=4d207ea37a419f7d622f81c6a2f53594 len=16 in=6ddc3e31abd3cea4a8259242f62a62ea
  << CT BENC key=8252970d959b06db iv=4d207ea37a419f7d622f81c6a2f53594 len=16 in=6ddc3e31abd3cea4a8259242f62a62ea
  << CT BDEC2 key=8252970d959b06db iv=4d207ea37a419f7d622f81c6a2f53594 len=16 in=09cb845e61f360c9dead0eefc1edbe33
  << CT BENC key=8252970d959b06db iv=4d207ea37a419f7d622f81c6a2f53594 len=16 in=09cb845e61f360c9dead0eefc1edbe33
  << CT BDEC2 key=8252970d959b06db iv=4d207ea37a419f7d622f81c6a2f53594 len=16 in=319cd747f9ec44c31e0fd005328c943a
  << CT BENC key=8252970d959b06db iv=4d207ea37a419f7d622f81c6a2f53594 len=16 in=319cd747f9ec44c31e0fd005328c943a
  << CT BDEC2 key=8252970d959b06db iv=4d207ea37a419f7d622f81c6a2f53594 len=16 in=8b1ec80f04c9a199f1643f9c42e5c122
  << CT BENC key=8252970d959b06db iv=4d207ea37a419f7d622f81c6a2f53594 len=16 in=8b1ec80f04c9a199f1643f9c42e5c122
  << CT BDEC2 key=8252970d959b06db iv=4d207ea37a419f7d622f81c6a2f53594 len=16 in=1a76bf9cc0cd8b9c133dc3a2a66e0e01
  << CT BENC key=8252970d959b06db iv=4d207ea37a419f7d622f81c6a2f53594 len=16 in=1a76bf9cc0cd8b9c133dc3a2a66e0e01
  << CT BDEC2 key=8252970d959b06db iv=4d207ea37a419f7d622f81c6a2f53594 len=16 in=c8f227ecffc6cc6dfd5b32fc310dbc78
  << CT BENC key=8252970d959b06db iv=4d207ea37a419f7d622f81c6a2f53594 len=16 in=c8f227ecffc6cc6dfd5b32fc310dbc78
  << CT BDEC2 key=8252970d959b06db iv=4d207ea37a419f7d622f81c6a2f53594 len=16 in=f4b01b035c329b6b47190c22035c08e2
  << CT BENC key=8252970d959b06db iv=4d207ea37a419f7d622f81c6a2f53594 len=16 in=f4b01b035c329b6b47190c22035c08e2
  << CT BDEC2 key=8252970d959b06db iv=4d207ea37a419f7d622f81c6a2f53594 len=16 in=195d3656eae620d25fcf344f2d10fe8d
  << CT BENC key=8252970d959b06db iv=4d207ea37a419f7d622f81c6a2f53594 len=16 in=195d3656eae620d25fcf344f2d10fe8d
  << CT BDEC2 key=8252970d959b06db iv=4d207ea37a419f7d622f81c6a2f53594 len=16 in=25052a81d277494ec471f5d0e4f165b7
  << CT BENC key=8252970d959b06db iv=4d207ea37a419f7d622f81c6a2f53594 len=16 in=25052a81d277494ec471f5d0e4f165b7
  << CT BDEC2 key=8252970d959b06db iv=4d207ea37a419f7d622f81c6a2f53594 len=16 in=23c50640c831095079f5f422b8e94efd
  << CT BENC key=8252970d959b06db iv=4d207ea37a419f7d622f81c6a2f53594 len=16 in=23c50640c831095079f5f422b8e94efd
  << CT BDEC2 key=8252970d959b06db iv=4d207ea37a419f7d622f81c6a2f53594 len=16 in=0193d81f16277eb2963392d1f94d7356
  << CT BENC key=8252970d959b06db iv=4d207ea37a419f7d622f81c6a2f53594 len=16 in=0193d81f16277eb2963392d1f94d7356
  << CT BDEC2 key=8252970d959b06db iv=4d207ea37a419f7d622f81c6a2f53594 len=16 in=b2d7e26bf735873b09226473dd38883a
  << CT BENC key=8252970d959b06db iv=4d207ea37a419f7d622f81c6a2f53594 len=16 in=b2d7e26bf735873b09226473dd38883a
  << CT CBCE key=8252970d959b06db iv=4d207ea37a419f7d622f81c6a2f53594 len=560 in=9ad97f867a4c9e16f821b0bd6a029911
  << CT BDEC2 key=8252970d959b06db iv=4d207ea37a419f7d622f81c6a2f53594 len=16 in=ed8f2c4faa4cd0746024b5bf55c7ba13
  << CT BENC key=8252970d959b06db iv=4d207ea37a419f7d622f81c6a2f53594 len=16 in=ed8f2c4faa4cd0746024b5bf55c7ba13
  << CT BDEC2 key=8252970d959b06db iv=4d207ea37a419f7d622f81c6a2f53594 len=16 in=b8e934316d978f5e64815e549d7b3115
  << CT BENC key=8252970d959b06db iv=4d207ea37a419f7d622f81c6a2f53594 len=16 in=b8e934316d978f5e64815e549d7b3115
  << CT BDEC2 key=8252970d959b06db iv=4d207ea37a419f7d622f81c6a2f53594 len=16 in=dae79b430def80da4f29c23858b81fcd
  << CT BENC key=8252970d959b06db iv=4d207ea37a419f7d622f81c6a2f53594 len=16 in=dae79b430def80da4f29c23858b81fcd
  << CT BDEC2 key=8252970d959b06db iv=4d207ea37a419f7d622f81c6a2f53594 len=16 in=3741da4866e9ada8d916eaa9be97d70c
  << CT BENC key=8252970d959b06db iv=4d207ea37a419f7d622f81c6a2f53594 len=16 in=3741da4866e9ada8d916eaa9be97d70c
  << CT BDEC2 key=8252970d959b06db iv=4d207ea37a419f7d622f81c6a2f53594 len=16 in=ae929f7300f2a43a071900c36e27d620
  << CT BENC key=8252970d959b06db iv=4d207ea37a419f7d622f81c6a2f53594 len=16 in=ae929f7300f2a43a071900c36e27d620
  << CT BDEC2 key=8252970d959b06db iv=4d207ea37a419f7d622f81c6a2f53594 len=16 in=98ba97b006099a863c48c920dc2a0f4b
  << CT BENC key=8252970d959b06db iv=4d207ea37a419f7d622f81c6a2f53594 len=16 in=98ba97b006099a863c48c920dc2a0f4b
  << CT BDEC2 key=8252970d959b06db iv=4d207ea37a419f7d622f81c6a2f53594 len=16 in=62be9b0a0d390af4c70b997e70f5f261
  << CT BENC key=8252970d959b06db iv=4d207ea37a419f7d622f81c6a2f53594 len=16 in=62be9b0a0d390af4c70b997e70f5f261
  << CT BDEC2 key=8252970d959b06db iv=4d207ea37a419f7d622f81c6a2f53594 len=16 in=2ba583b9b7666a9da692d067adc1e2c9
  << CT BENC key=8252970d959b06db iv=4d207ea37a419f7d622f81c6a2f53594 len=16 in=2ba583b9b7666a9da692d067adc1e2c9
  << CT BDEC2 key=8252970d959b06db iv=4d207ea37a419f7d622f81c6a2f53594 len=16 in=557dcf65ecc9dcc5e605341669535055
  << CT BENC key=8252970d959b06db iv=4d207ea37a419f7d622f81c6a2f53594 len=16 in=557dcf65ecc9dcc5e605341669535055
  << CT BDEC2 key=8252970d959b06db iv=4d207ea37a419f7d622f81c6a2f53594 len=16 in=d38998a0ef67f26be3f613c359bdf3a7
  << CT BENC key=8252970d959b06db iv=4d207ea37a419f7d622f81c6a2f53594 len=16 in=d38998a0ef67f26be3f613c359bdf3a7
  << CT BDEC2 key=8252970d959b06db iv=4d207ea37a419f7d622f81c6a2f53594 len=16 in=0de683f70ba17af33f57c6da8550842e
  << CT BENC key=8252970d959b06db iv=4d207ea37a419f7d622f81c6a2f53594 len=16 in=0de683f70ba17af33f57c6da8550842e
  << CT BDEC2 key=8252970d959b06db iv=4d207ea37a419f7d622f81c6a2f53594 len=16 in=3ba9163f63939d3b19e8fc6f8d71e11b
  << CT BENC key=8252970d959b06db iv=4d207ea37a419f7d622f81c6a2f53594 len=16 in=3ba9163f63939d3b19e8fc6f8d71e11b
  << CT BDEC2 key=8252970d959b06db iv=4d207ea37a419f7d622f81c6a2f53594 len=16 in=b3bdf997c3431842c26384a95c0eb4ac
  << CT BENC key=8252970d959b06db iv=4d207ea37a419f7d622f81c6a2f53594 len=16 in=b3bdf997c3431842c26384a95c0eb4ac
  << CT BDEC2 key=8252970d959b06db iv=4d207ea37a419f7d622f81c6a2f53594 len=16 in=7815fb4817994137c81f0f51cbc32d6a
  << CT BENC key=8252970d959b06db iv=4d207ea37a419f7d622f81c6a2f53594 len=16 in=7815fb4817994137c81f0f51cbc32d6a
  << CT BDEC2 key=8252970d959b06db iv=4d207ea37a419f7d622f81c6a2f53594 len=16 in=89c6e424c6dc01418ad124149adcb851
  << CT BENC key=8252970d959b06db iv=4d207ea37a419f7d622f81c6a2f53594 len=16 in=89c6e424c6dc01418ad124149adcb851
  << CT BDEC2 key=8252970d959b06db iv=4d207ea37a419f7d622f81c6a2f53594 len=16 in=6a4ca702bcb2a944fd18cf6f006f5d05
  << CT BENC key=8252970d959b06db iv=4d207ea37a419f7d622f81c6a2f53594 len=16 in=6a4ca702bcb2a944fd18cf6f006f5d05
  << CT BDEC2 key=8252970d959b06db iv=4d207ea37a419f7d622f81c6a2f53594 len=16 in=7914dc1a1793ff3ea6c6e12bd4dd725b
  << CT BENC key=8252970d959b06db iv=4d207ea37a419f7d622f81c6a2f53594 len=16 in=7914dc1a1793ff3ea6c6e12bd4dd725b
  << CT BDEC2 key=8252970d959b06db iv=4d207ea37a419f7d622f81c6a2f53594 len=16 in=2614d6954184b4f65a17a9b05c2586e0
  << CT BENC key=8252970d959b06db iv=4d207ea37a419f7d622f81c6a2f53594 len=16 in=2614d6954184b4f65a17a9b05c2586e0
  << CT BDEC2 key=8252970d959b06db iv=4d207ea37a419f7d622f81c6a2f53594 len=16 in=d6468de3d8f901ce6d6a792c41e57068
  << CT BENC key=8252970d959b06db iv=4d207ea37a419f7d622f81c6a2f53594 len=16 in=d6468de3d8f901ce6d6a792c41e57068
  << CT BDEC2 key=8252970d959b06db iv=4d207ea37a419f7d622f81c6a2f53594 len=16 in=db6cdd08f8724255a63d8676574df1a8
  << CT BENC key=8252970d959b06db iv=4d207ea37a419f7d622f81c6a2f53594 len=16 in=db6cdd08f8724255a63d8676574df1a8
  << CT BDEC2 key=8252970d959b06db iv=4d207ea37a419f7d622f81c6a2f53594 len=16 in=0c81adbd6c590b3e9deda20e47acd82f
  << CT BENC key=8252970d959b06db iv=4d207ea37a419f7d622f81c6a2f53594 len=16 in=0c81adbd6c590b3e9deda20e47acd82f
  << CT BDEC2 key=8252970d959b06db iv=4d207ea37a419f7d622f81c6a2f53594 len=16 in=490173b0b2e7ef0e489dcd0a911c7229
  << CT BENC key=8252970d959b06db iv=4d207ea37a419f7d622f81c6a2f53594 len=16 in=490173b0b2e7ef0e489dcd0a911c7229
  << CT BDEC2 key=8252970d959b06db iv=4d207ea37a419f7d622f81c6a2f53594 len=16 in=3ea88f322ca27274a575cf05e5590fbd
  << CT BENC key=8252970d959b06db iv=4d207ea37a419f7d622f81c6a2f53594 len=16 in=3ea88f322ca27274a575cf05e5590fbd
  << CT BDEC2 key=8252970d959b06db iv=4d207ea37a419f7d622f81c6a2f53594 len=16 in=6050bb571aec408c0d8f64a32a11968c
  << CT BENC key=8252970d959b06db iv=4d207ea37a419f7d622f81c6a2f53594 len=16 in=6050bb571aec408c0d8f64a32a11968c
  << CT BDEC2 key=8252970d959b06db iv=4d207ea37a419f7d622f81c6a2f53594 len=16 in=a71a9d87e4862a98a184e729d3235c9d
  << CT BENC key=8252970d959b06db iv=4d207ea37a419f7d622f81c6a2f53594 len=16 in=a71a9d87e4862a98a184e729d3235c9d
  << CT BDEC2 key=8252970d959b06db iv=4d207ea37a419f7d622f81c6a2f53594 len=16 in=0476e86b9721dbe2e679601c535c1df1
  << CT BENC key=8252970d959b06db iv=4d207ea37a419f7d622f81c6a2f53594 len=16 in=0476e86b9721dbe2e679601c535c1df1
  << CT BDEC2 key=8252970d959b06db iv=4d207ea37a419f7d622f81c6a2f53594 len=16 in=7b1be6ef5af3450a4519b5bbb5c3faf7
  << CT BENC key=8252970d959b06db iv=4d207ea37a419f7d622f81c6a2f53594 len=16 in=7b1be6ef5af3450a4519b5bbb5c3faf7
  << CT BDEC2 key=8252970d959b06db iv=4d207ea37a419f7d622f81c6a2f53594 len=16 in=a8614f5da9035bb55092b550cdb3b005
  << CT BENC key=8252970d959b06db iv=4d207ea37a419f7d622f81c6a2f53594 len=16 in=a8614f5da9035bb55092b550cdb3b005
  << CT BDEC2 key=8252970d959b06db iv=4d207ea37a419f7d622f81c6a2f53594 len=16 in=1c0613b3eed201aba8f5245e220fa84c
  << CT BENC key=8252970d959b06db iv=4d207ea37a419f7d622f81c6a2f53594 len=16 in=1c0613b3eed201aba8f5245e220fa84c
  << CT BDEC2 key=8252970d959b06db iv=4d207ea37a419f7d622f81c6a2f53594 len=16 in=1ab0ffd6664dc21740d180e12a86a503
  << CT BENC key=8252970d959b06db iv=4d207ea37a419f7d622f81c6a2f53594 len=16 in=1ab0ffd6664dc21740d180e12a86a503
  << CT BDEC2 key=8252970d959b06db iv=4d207ea37a419f7d622f81c6a2f53594 len=16 in=2cecbec013e2a5716fa0598d29774d3a
  << CT BENC key=8252970d959b06db iv=4d207ea37a419f7d622f81c6a2f53594 len=16 in=2cecbec013e2a5716fa0598d29774d3a
  << CT BDEC2 key=8252970d959b06db iv=4d207ea37a419f7d622f81c6a2f53594 len=16 in=78ec216f0aaf31c9a499055b9674f4a1
  << CT BENC key=8252970d959b06db iv=4d207ea37a419f7d622f81c6a2f53594 len=16 in=78ec216f0aaf31c9a499055b9674f4a1
  << CT BDEC2 key=8252970d959b06db iv=4d207ea37a419f7d622f81c6a2f53594 len=16 in=2aec20381dd76f33e289667752c895dd
  << CT BENC key=8252970d959b06db iv=4d207ea37a419f7d622f81c6a2f53594 len=16 in=2aec20381dd76f33e289667752c895dd
  << CT BDEC2 key=8252970d959b06db iv=4d207ea37a419f7d622f81c6a2f53594 len=16 in=58b4f30e3c20d3d252c15f6768067b41
  << CT BENC key=8252970d959b06db iv=4d207ea37a419f7d622f81c6a2f53594 len=16 in=58b4f30e3c20d3d252c15f6768067b41
  << CT BDEC2 key=8252970d959b06db iv=4d207ea37a419f7d622f81c6a2f53594 len=16 in=dfce4891714ea2cbb4a9c6f550187180
  << CT BENC key=8252970d959b06db iv=4d207ea37a419f7d622f81c6a2f53594 len=16 in=dfce4891714ea2cbb4a9c6f550187180
  << CT CBCE key=8252970d959b06db iv=4d207ea37a419f7d622f81c6a2f53594 len=560 in=ed8f2c4faa4cd0746024b5bf55c7ba13
t 4 status {'installed': True, 'preloaded': False, 'nkeys': 2, 'neinit': 1, 'ncts': 575}
t 5 status {'installed': True, 'preloaded': False, 'nkeys': 2, 'neinit': 1, 'ncts': 575}
t 6 script gone (InvalidOperationError) — streamed data already safe
store snapshot -> cap.noindex/store_snap_1788047856
dump exc InvalidOperationError('script has been destroyed')
=== SUMMARY: KEY=2 EINIT=1 CT=575 ===
   EINIT kb=16 key=8252970d959b06db102e17d85c0ec1af iv=4d207ea37a419f7d622f81c6a2f53594
   KEY kb=16 b114249b7bed9d2691d70c60d69f9c4f
   KEY kb=16 8252970d959b06db102e17d85c0ec1af
WROTE cap.noindex/store_load.json
DONE — no re-register
