pid @0.40s 22374
attached @1.54s
  << WAIT_DLOPEN 
t 3 {'installed': False, 'preloaded': False, 'g1': 0, 'g2': 0, 'neinit': 0}
t 4 {'installed': False, 'preloaded': False, 'g1': 0, 'g2': 0, 'neinit': 0}
t 6 {'installed': False, 'preloaded': False, 'g1': 0, 'g2': 0, 'neinit': 0}
  << READY 0x6fdd801000
t 7 {'installed': True, 'preloaded': False, 'g1': 0, 'g2': 0, 'neinit': 0}
  << GEN G1 ret=5c520500 retMem=37a160ad3d6aa74b587977f4a2818b11d52b213000000000
        in[0]=1a0100001901000090c8450c720000001500000014000000
        in[1]=15000000140000000005525c72000000406e45ab6f000000
       out[0]=1a0100001901000090c8450c720000001500000014000000
       out[1]=15000000140000000005525c72000000406e45ab6f000000
  << GEN G1 ret=bc48c4a0 retMem=363963363565623535643939646233366437393330663637
        in[0]=000200000c010000a0d4494c71000000800000006b000000
        in[1]=4000000020000000a0c448bc700000000800000000000000
        in[3]=000000000000000000000000000000000000000000000000
        in[4]=000000000000000000000000000000000000000000000000
       out[0]=000200000c010000a0d4494c71000000800000006b000000
       out[1]=4000000020000000a0c448bc700000000800000000000000
       out[3]=000000000000000000000000000000000000000000000000
       out[4]=000000000000000000000000000000000000000000000000
  << GEN G1 ret=bc494330 retMem=363963363565623535643939646233366437393330663637
        in[0]=000200000c010000709f494c71000000800000006b000000
        in[1]=4000000020000000304349bc700000000800000000000000
        in[3]=000000000000000000000000000000000000000000000000
        in[4]=000000000000000000000000000000000000000000000000
       out[0]=000200000c010000709f494c71000000800000006b000000
       out[1]=4000000020000000304349bc700000000800000000000000
       out[3]=000000000000000000000000000000000000000000000000
       out[4]=000000000000000000000000000000000000000000000000
  << GEN G1 ret=bc4a7de0 retMem=363963363565623535643939646233366437393330663637
        in[0]=000200000c010000408f494c71000000d3010000d2010000
        in[1]=4000000020000000e07d4abc70000000000200000c010000
        in[2]=000000000000000000000000000000000000000000000000
       out[0]=000200000c010000408f494c71000000d3010000d2010000
       out[1]=4000000020000000e07d4abc70000000000200000c010000
       out[2]=000000000000000000000000000000000000000000000000
  << GEN G2 ret=0x1 retMem=
        in[0]=e8119edd6f00000007000000060000009037488c70000000
        in[1]=07000000060000009037488c70000000a03c49bc70000000
        in[2]=010000000000000000000000000000000000000000000000
        in[3]=00000000000000008680adeb000000000000000000000000
       out[0]=e8119edd6f00000007000000060000009037488c70000000
       out[1]=07000000060000009037488c70000000a03c49bc70000000
       out[2]=010000000000000000000000000000000000000000000000
       out[3]=00000000000000008680adeb000000000000000000000000
  << GEN G1 ret=bc494c90 retMem=363963363565623535643939646233366437393330663637
        in[0]=000200000c010000707a494c71000000800000006b000000
        in[1]=4000000020000000904c49bc700000000800000000000000
        in[3]=000000000000000000000000000000000000000000000000
        in[4]=000000000000000000000000000000000000000000000000
       out[0]=000200000c010000707a494c71000000800000006b000000
       out[1]=4000000020000000904c49bc700000000800000000000000
       out[3]=000000000000000000000000000000000000000000000000
       out[4]=000000000000000000000000000000000000000000000000
  << GEN G1 ret=5c53a3c0 retMem=ebfc38403c4d52ae6761317d2b527dde00d1e80d00000000
        in[0]=0004000076020000a0d9569c700000000000000014ffffff
        in[1]=1100000010000000c0a3535c720000000800000000000000
        in[2]=000000000000000000000000000000000000000000000000
        in[3]=00000000000000008880adeb000000000000000000000000
       out[0]=0004000076020000a0d9569c700000000004000076020000
       out[1]=1100000010000000c0a3535c720000000800000000000000
       out[2]=000000000000000000000000000000000000000000000000
       out[3]=00000000000000008880adeb000000000000000000000000
  << GEN G1 ret=bc4aa270 retMem=386664366231346136393166653162303830383633343931
        in[0]=0002000077010000b05e494c71000000800000006b000000
        in[1]=400000002000000070a24abc700000000800000000000000
        in[3]=000000000000000000000000000000000000000000000000
        in[4]=000000000000000000000000000000000000000000000000
       out[0]=0002000077010000b05e494c71000000800000006b000000
       out[1]=400000002000000070a24abc700000000800000000000000
       out[3]=000000000000000000000000000000000000000000000000
       out[4]=000000000000000000000000000000000000000000000000
  << GEN G1 ret=bc4a5450 retMem=363963363565623535643939646233366437393330663637
        in[0]=000200000c010000605c494c71000000800000006b000000
        in[1]=400000002000000050544abc700000000800000000000000
        in[3]=000000000000000000000000000000000000000000000000
        in[4]=000000000000000000000000000000000000000000000000
       out[0]=000200000c010000605c494c71000000800000006b000000
       out[1]=400000002000000050544abc700000000800000000000000
       out[3]=000000000000000000000000000000000000000000000000
       out[4]=000000000000000000000000000000000000000000000000
t 8 {'installed': True, 'preloaded': False, 'g1': 8, 'g2': 1, 'neinit': 0}
  << GEN G1 ret=bc4ac4d0 retMem=363963363565623535643939646233366437393330663637
        in[0]=000200000c010000b05e494c71000000800000006b000000
        in[1]=4000000020000000d0c44abc700000000800000000000000
        in[3]=000000000000000000000000000000000000000000000000
        in[4]=000000000000000000000000000000000000000000000000
       out[0]=000200000c010000b05e494c71000000800000006b000000
       out[1]=4000000020000000d0c44abc700000000800000000000000
       out[3]=000000000000000000000000000000000000000000000000
       out[4]=000000000000000000000000000000000000000000000000
t 9 {'installed': True, 'preloaded': False, 'g1': 9, 'g2': 1, 'neinit': 0}
t11 {'installed': True, 'preloaded': False, 'g1': 9, 'g2': 1, 'neinit': 0}
  << GEN G1 ret=5c6cf9f0 retMem=37a160ad3d6aa74b587977f4a2818b11d52b213000000000
        in[0]=1a01000019010000f023490c720000001500000014000000
        in[1]=1500000014000000f0f96c5c7200000000c915736f000000
        in[4]=7949000000000000f8ed88700000002012000000dad9fb69
       out[0]=1a01000019010000f023490c720000001500000014000000
       out[1]=1500000014000000f0f96c5c7200000000c915736f000000
       out[4]=7949000000000000f8ed88700000002012000000dad9fb69
  << EINIT kb=16 key=8252970d959b06db102e17d85c0ec1af iv=4d207ea37a419f7d622f81c6a2f53594
  << GEN G1 ret=5c6d35c0 retMem=37a160ad3d6aa74b587977f4a2818b11d52b213000000000
        in[0]=1a01000019010000b005490c720000001500000014000000
        in[1]=1500000014000000c0356d5c7200000040d615736f000000
        in[4]=f8ed887000000020140000003a8a5f037072656361707072
       out[0]=1a01000019010000b005490c720000001500000014000000
       out[1]=1500000014000000c0356d5c7200000040d615736f000000
       out[4]=f8ed887000000020140000003a8a5f037072656361707072
t12 {'installed': True, 'preloaded': False, 'g1': 11, 'g2': 1, 'neinit': 1}
  << GEN G1 ret=5c6e9580 retMem=37a160ad3d6aa74b587977f4a2818b11d52b213000000000
        in[0]=1a0100001901000070d04c0c720000001500000014000000
        in[1]=150000001400000080956e5c7200000000c915736f000000
        in[4]=7949000000000000f8ed88700000002012000000dad9fb69
       out[0]=1a0100001901000070d04c0c720000001500000014000000
       out[1]=150000001400000080956e5c7200000000c915736f000000
       out[4]=7949000000000000f8ed88700000002012000000dad9fb69
t13 {'installed': True, 'preloaded': False, 'g1': 12, 'g2': 1, 'neinit': 1}
  << GEN G1 ret=5c4894e0 retMem=37a160ad3d6aa74b587977f4a2818b11d52b213000000000
        in[0]=1a0100001901000010cf4c0c720000001500000014000000
        in[1]=1500000014000000e094485c7200000000c915736f000000
        in[4]=7949000000000000f8ed88700000002012000000dad9fb69
       out[0]=1a0100001901000010cf4c0c720000001500000014000000
       out[1]=1500000014000000e094485c7200000000c915736f000000
       out[4]=7949000000000000f8ed88700000002012000000dad9fb69
  << GEN G1 ret=5c5a4e30 retMem=37a160ad3d6aa74b587977f4a2818b11d52b213000000000
        in[0]=1a01000019010000b0254d0c720000001500000014000000
        in[1]=1500000014000000304e5a5c7200000000c915736f000000
        in[4]=7949000000000000f8ed88700000002012000000dad9fb69
       out[0]=1a01000019010000b0254d0c720000001500000014000000
       out[1]=1500000014000000304e5a5c7200000000c915736f000000
       out[4]=7949000000000000f8ed88700000002012000000dad9fb69
t14 {'installed': True, 'preloaded': False, 'g1': 14, 'g2': 1, 'neinit': 1}
t15 {'installed': True, 'preloaded': False, 'g1': 14, 'g2': 1, 'neinit': 1}
t16 {'installed': True, 'preloaded': False, 'g1': 14, 'g2': 1, 'neinit': 1}
t17 {'installed': True, 'preloaded': False, 'g1': 14, 'g2': 1, 'neinit': 1}
t19 {'installed': True, 'preloaded': False, 'g1': 14, 'g2': 1, 'neinit': 1}
t20 {'installed': True, 'preloaded': False, 'g1': 14, 'g2': 1, 'neinit': 1}
t21 {'installed': True, 'preloaded': False, 'g1': 14, 'g2': 1, 'neinit': 1}
t22 {'installed': True, 'preloaded': False, 'g1': 14, 'g2': 1, 'neinit': 1}
t23 {'installed': True, 'preloaded': False, 'g1': 14, 'g2': 1, 'neinit': 1}
t25 {'installed': True, 'preloaded': False, 'g1': 14, 'g2': 1, 'neinit': 1}
t26 {'installed': True, 'preloaded': False, 'g1': 14, 'g2': 1, 'neinit': 1}
t27 gone(InvalidOperationError)
dump exc script has been destroyed
=== GEN events=15  EINIT=1 ===
WROTE cap.noindex/store_keygen.json
